Core/Src/drive.c:96:14:clampf	0	static
Core/Src/drive.c:103:17:center_sanitize_cm	0	static
Core/Src/drive.c:110:14:center_avg_u16	0	static
Core/Src/drive.c:122:13:Centering_Reset	0	static
Core/Src/drive.c:255:13:enter	0	static
Core/Src/drive.c:261:13:cruise_enter	8	static
Core/Src/drive.c:281:13:spin_enter	8	static
Core/Src/drive.c:313:13:side_avoid_enter	8	static
Core/Src/drive.c:331:16:front_graze_suspected	0	static
Core/Src/drive.c:354:13:corner_enter	8	static
Core/Src/drive.c:305:13:hold_enter	8	static
Core/Src/drive.c:133:13:Drive_CenteringPD_Run	56	static
Core/Src/drive.c:272:13:brake_enter	8	static
Core/Src/drive.c:373:13:cruise_run	32	static
Core/Src/drive.c:684:13:hold_run	8	static
Core/Src/drive.c:298:13:reverse_enter	8	static
Core/Src/drive.c:478:13:brake_run	8	static
Core/Src/drive.c:673:13:reverse_run	8	static
Core/Src/drive.c:497:13:spin_run	16	static
Core/Src/drive.c:701:13:side_avoid_run	8	static
Core/Src/drive.c:626:13:corner_run	8	static
Core/Src/drive.c:727:6:Drive_Init	8	static
Core/Src/drive.c:745:6:Drive_Update	8	static
