Core/Src/drive.c:77:14:wrap180	0	static
Core/Src/drive.c:84:14:clampf	0	static
Core/Src/drive.c:91:17:center_sanitize_cm	0	static
Core/Src/drive.c:98:14:center_avg_u16	0	static
Core/Src/drive.c:171:13:enter	0	static
Core/Src/drive.c:177:13:cruise_enter	8	static
Core/Src/drive.c:197:13:spin_enter	8	static
Core/Src/drive.c:225:13:side_avoid_enter	8	static
Core/Src/drive.c:217:13:hold_enter	8	static
Core/Src/drive.c:188:13:brake_enter	8	static
Core/Src/drive.c:354:13:hold_run	8	static
Core/Src/drive.c:108:13:Drive_CenteringPD_Run	48	static
Core/Src/drive.c:235:13:cruise_run	8	static
Core/Src/drive.c:210:13:reverse_enter	8	static
Core/Src/drive.c:253:13:brake_run	8	static
Core/Src/drive.c:343:13:reverse_run	8	static
Core/Src/drive.c:269:13:spin_run	24	static
Core/Src/drive.c:371:13:side_avoid_run	8	static
Core/Src/drive.c:394:6:Drive_Init	0	static
Core/Src/drive.c:406:6:Drive_Update	8	static
Core/Src/drive.c:423:12:Drive_GetState	0	static
