Core/Src/freertos.c:560:6:StartTask03	16	static
Core/Src/freertos.c:342:6:StartDefaultTask	40	static
Core/Src/freertos.c:218:13:sensor_record_front	8	static
Core/Src/freertos.c:243:13:sensor_put_front_early	32	static
Core/Src/freertos.c:147:13:Init_ToF_Sensors	16	static
Core/Src/freertos.c:174:13:tof_record_side	24	static
Core/Src/freertos.c:414:6:StartTask02	96	static
Core/Src/freertos.c:283:6:MX_FREERTOS_Init	16	static
Core/Src/freertos.c:618:6:HAL_GPIO_EXTI_Callback	0	static
Core/Src/freertos.c:630:6:HAL_UART_RxCpltCallback	8	static
Core/Src/freertos.c:645:6:HAL_UART_ErrorCallback	24	static
