Core/Src/motor.c:18:17:pct_to_ccr	0	static
Core/Src/motor.c:29:15:clamp_speed	0	static
Core/Src/motor.c:40:6:Motor_Left	16	static
Core/Src/motor.c:59:6:Motor_Right	16	static
Core/Src/motor.c:83:6:Car_Forward	8	static
Core/Src/motor.c:90:6:Car_Backward	8	static
Core/Src/motor.c:99:6:Car_PivotLeft	8	static
Core/Src/motor.c:106:6:Car_PivotRight	8	static
Core/Src/motor.c:113:6:Car_ArcLeft	8	static
Core/Src/motor.c:120:6:Car_ArcRight	8	static
Core/Src/motor.c:126:6:Car_Stop	8	static
Core/Src/motor.c:76:6:Motor_Init	8	static
Core/Src/motor.c:141:6:Car_Brake	8	static
