Archive member included to satisfy reference by file (symbol)

C:/ST/STM32CubeIDE_2.1.0/STM32CubeIDE/plugins/com.st.stm32cube.ide.mcu.externaltools.gnu-tools-for-stm32.14.3.rel1.win32_1.0.100.202602081740/tools/bin/../lib/gcc/arm-none-eabi/14.3.1/../../../../arm-none-eabi/lib/thumb/v7e-m+fp/hard\libc_nano.a(libc_a-exit.o)
                              C:/ST/STM32CubeIDE_2.1.0/STM32CubeIDE/plugins/com.st.stm32cube.ide.mcu.externaltools.gnu-tools-for-stm32.14.3.rel1.win32_1.0.100.202602081740/tools/bin/../lib/gcc/arm-none-eabi/14.3.1/../../../../arm-none-eabi/lib/thumb/v7e-m+fp/hard/crt0.o (exit)
C:/ST/STM32CubeIDE_2.1.0/STM32CubeIDE/plugins/com.st.stm32cube.ide.mcu.externaltools.gnu-tools-for-stm32.14.3.rel1.win32_1.0.100.202602081740/tools/bin/../lib/gcc/arm-none-eabi/14.3.1/../../../../arm-none-eabi/lib/thumb/v7e-m+fp/hard\libc_nano.a(libc_a-findfp.o)
                              build/tasks.o (__sf)
C:/ST/STM32CubeIDE_2.1.0/STM32CubeIDE/plugins/com.st.stm32cube.ide.mcu.externaltools.gnu-tools-for-stm32.14.3.rel1.win32_1.0.100.202602081740/tools/bin/../lib/gcc/arm-none-eabi/14.3.1/../../../../arm-none-eabi/lib/thumb/v7e-m+fp/hard\libc_nano.a(libc_a-fwalk.o)
                              C:/ST/STM32CubeIDE_2.1.0/STM32CubeIDE/plugins/com.st.stm32cube.ide.mcu.externaltools.gnu-tools-for-stm32.14.3.rel1.win32_1.0.100.202602081740/tools/bin/../lib/gcc/arm-none-eabi/14.3.1/../../../../arm-none-eabi/lib/thumb/v7e-m+fp/hard\libc_nano.a(libc_a-findfp.o) (_fwalk_sglue)
C:/ST/STM32CubeIDE_2.1.0/STM32CubeIDE/plugins/com.st.stm32cube.ide.mcu.externaltools.gnu-tools-for-stm32.14.3.rel1.win32_1.0.100.202602081740/tools/bin/../lib/gcc/arm-none-eabi/14.3.1/../../../../arm-none-eabi/lib/thumb/v7e-m+fp/hard\libc_nano.a(libc_a-stdio.o)
                              C:/ST/STM32CubeIDE_2.1.0/STM32CubeIDE/plugins/com.st.stm32cube.ide.mcu.externaltools.gnu-tools-for-stm32.14.3.rel1.win32_1.0.100.202602081740/tools/bin/../lib/gcc/arm-none-eabi/14.3.1/../../../../arm-none-eabi/lib/thumb/v7e-m+fp/hard\libc_nano.a(libc_a-findfp.o) (__sread)
C:/ST/STM32CubeIDE_2.1.0/STM32CubeIDE/plugins/com.st.stm32cube.ide.mcu.externaltools.gnu-tools-for-stm32.14.3.rel1.win32_1.0.100.202602081740/tools/bin/../lib/gcc/arm-none-eabi/14.3.1/../../../../arm-none-eabi/lib/thumb/v7e-m+fp/hard\libc_nano.a(libc_a-memset.o)
                              C:/ST/STM32CubeIDE_2.1.0/STM32CubeIDE/plugins/com.st.stm32cube.ide.mcu.externaltools.gnu-tools-for-stm32.14.3.rel1.win32_1.0.100.202602081740/tools/bin/../lib/gcc/arm-none-eabi/14.3.1/../../../../arm-none-eabi/lib/thumb/v7e-m+fp/hard/crt0.o (memset)
C:/ST/STM32CubeIDE_2.1.0/STM32CubeIDE/plugins/com.st.stm32cube.ide.mcu.externaltools.gnu-tools-for-stm32.14.3.rel1.win32_1.0.100.202602081740/tools/bin/../lib/gcc/arm-none-eabi/14.3.1/../../../../arm-none-eabi/lib/thumb/v7e-m+fp/hard\libc_nano.a(libc_a-closer.o)
                              C:/ST/STM32CubeIDE_2.1.0/STM32CubeIDE/plugins/com.st.stm32cube.ide.mcu.externaltools.gnu-tools-for-stm32.14.3.rel1.win32_1.0.100.202602081740/tools/bin/../lib/gcc/arm-none-eabi/14.3.1/../../../../arm-none-eabi/lib/thumb/v7e-m+fp/hard\libc_nano.a(libc_a-stdio.o) (_close_r)
C:/ST/STM32CubeIDE_2.1.0/STM32CubeIDE/plugins/com.st.stm32cube.ide.mcu.externaltools.gnu-tools-for-stm32.14.3.rel1.win32_1.0.100.202602081740/tools/bin/../lib/gcc/arm-none-eabi/14.3.1/../../../../arm-none-eabi/lib/thumb/v7e-m+fp/hard\libc_nano.a(libc_a-reent.o)
                              build/tasks.o (_reclaim_reent)
C:/ST/STM32CubeIDE_2.1.0/STM32CubeIDE/plugins/com.st.stm32cube.ide.mcu.externaltools.gnu-tools-for-stm32.14.3.rel1.win32_1.0.100.202602081740/tools/bin/../lib/gcc/arm-none-eabi/14.3.1/../../../../arm-none-eabi/lib/thumb/v7e-m+fp/hard\libc_nano.a(libc_a-impure.o)
                              build/tasks.o (_impure_ptr)
C:/ST/STM32CubeIDE_2.1.0/STM32CubeIDE/plugins/com.st.stm32cube.ide.mcu.externaltools.gnu-tools-for-stm32.14.3.rel1.win32_1.0.100.202602081740/tools/bin/../lib/gcc/arm-none-eabi/14.3.1/../../../../arm-none-eabi/lib/thumb/v7e-m+fp/hard\libc_nano.a(libc_a-lseekr.o)
                              C:/ST/STM32CubeIDE_2.1.0/STM32CubeIDE/plugins/com.st.stm32cube.ide.mcu.externaltools.gnu-tools-for-stm32.14.3.rel1.win32_1.0.100.202602081740/tools/bin/../lib/gcc/arm-none-eabi/14.3.1/../../../../arm-none-eabi/lib/thumb/v7e-m+fp/hard\libc_nano.a(libc_a-stdio.o) (_lseek_r)
C:/ST/STM32CubeIDE_2.1.0/STM32CubeIDE/plugins/com.st.stm32cube.ide.mcu.externaltools.gnu-tools-for-stm32.14.3.rel1.win32_1.0.100.202602081740/tools/bin/../lib/gcc/arm-none-eabi/14.3.1/../../../../arm-none-eabi/lib/thumb/v7e-m+fp/hard\libc_nano.a(libc_a-readr.o)
                              C:/ST/STM32CubeIDE_2.1.0/STM32CubeIDE/plugins/com.st.stm32cube.ide.mcu.externaltools.gnu-tools-for-stm32.14.3.rel1.win32_1.0.100.202602081740/tools/bin/../lib/gcc/arm-none-eabi/14.3.1/../../../../arm-none-eabi/lib/thumb/v7e-m+fp/hard\libc_nano.a(libc_a-stdio.o) (_read_r)
[...]
Memory Configuration

Name             Origin             Length             Attributes
RAM              0x20000000         0x00020000         xrw
FLASH            0x08000000         0x00080000         xr
*default*        0x00000000         0xffffffff

Linker script and memory map

LOAD C:/ST/STM32CubeIDE_2.1.0/STM32CubeIDE/plugins/com.st.stm32cube.ide.mcu.externaltools.gnu-tools-for-stm32.14.3.rel1.win32_1.0.100.202602081740/tools/bin/../lib/gcc/arm-none-eabi/14.3.1/thumb/v7e-m+fp/hard/crti.o
LOAD C:/ST/STM32CubeIDE_2.1.0/STM32CubeIDE/plugins/com.st.stm32cube.ide.mcu.externaltools.gnu-tools-for-stm32.14.3.rel1.win32_1.0.100.202602081740/tools/bin/../lib/gcc/arm-none-eabi/14.3.1/thumb/v7e-m+fp/hard/crtbegin.o
LOAD C:/ST/STM32CubeIDE_2.1.0/STM32CubeIDE/plugins/com.st.stm32cube.ide.mcu.externaltools.gnu-tools-for-stm32.14.3.rel1.win32_1.0.100.202602081740/tools/bin/../lib/gcc/arm-none-eabi/14.3.1/../../../../arm-none-eabi/lib/thumb/v7e-m+fp/hard/crt0.o
LOAD build/main.o
LOAD build/gpio.o
LOAD build/tim.o
LOAD build/delay.o
LOAD build/motor.o
LOAD build/bno055.o
LOAD build/drive.o
LOAD build/ultra.o
LOAD build/stm32f4xx_it.o
LOAD build/stm32f4xx_hal_msp.o
LOAD build/stm32f4xx_hal_tim.o
LOAD build/stm32f4xx_hal_tim_ex.o
LOAD build/stm32f4xx_hal_rcc.o
LOAD build/stm32f4xx_hal_rcc_ex.o
LOAD build/stm32f4xx_hal_flash.o
LOAD build/stm32f4xx_hal_flash_ex.o
LOAD build/stm32f4xx_hal_flash_ramfunc.o
LOAD build/stm32f4xx_hal_gpio.o
LOAD build/stm32f4xx_hal_dma_ex.o
LOAD build/stm32f4xx_hal_dma.o
LOAD build/stm32f4xx_hal_pwr.o
LOAD build/stm32f4xx_hal_pwr_ex.o
LOAD build/stm32f4xx_hal_cortex.o
LOAD build/stm32f4xx_hal.o
LOAD build/stm32f4xx_hal_exti.o
LOAD build/system_stm32f4xx.o
LOAD build/sysmem.o
LOAD build/syscalls.o
LOAD build/i2c.o
LOAD build/iwdg.o
LOAD build/stm32f4xx_hal_i2c.o
LOAD build/stm32f4xx_hal_i2c_ex.o
LOAD build/stm32f4xx_hal_iwdg.o
LOAD build/freertos.o
LOAD build/croutine.o
LOAD build/event_groups.o
LOAD build/list.o
LOAD build/queue.o
LOAD build/stream_buffer.o
LOAD build/tasks.o
LOAD build/timers.o
LOAD build/cmsis_os2.o
LOAD build/heap_4.o
LOAD build/port.o
LOAD build/startup_stm32f411xe.o
LOAD C:/ST/STM32CubeIDE_2.1.0/STM32CubeIDE/plugins/com.st.stm32cube.ide.mcu.externaltools.gnu-tools-for-stm32.14.3.rel1.win32_1.0.100.202602081740/tools/bin/../lib/gcc/arm-none-eabi/14.3.1/../../../../arm-none-eabi/lib/thumb/v7e-m+fp/hard\libc_nano.a
LOAD C:/ST/STM32CubeIDE_2.1.0/STM32CubeIDE/plugins/com.st.stm32cube.ide.mcu.externaltools.gnu-tools-for-stm32.14.3.rel1.win32_1.0.100.202602081740/tools/bin/../lib/gcc/arm-none-eabi/14.3.1/../../../../arm-none-eabi/lib/thumb/v7e-m+fp/hard\libm.a
LOAD C:/ST/STM32CubeIDE_2.1.0/STM32CubeIDE/plugins/com.st.stm32cube.ide.mcu.externaltools.gnu-tools-for-stm32.14.3.rel1.win32_1.0.100.202602081740/tools/bin/../lib/gcc/arm-none-eabi/14.3.1/../../../../arm-none-eabi/lib/thumb/v7e-m+fp/hard\libnosys.a
START GROUP
LOAD C:/ST/STM32CubeIDE_2.1.0/STM32CubeIDE/plugins/com.st.stm32cube.ide.mcu.externaltools.gnu-tools-for-stm32.14.3.rel1.win32_1.0.100.202602081740/tools/bin/../lib/gcc/arm-none-eabi/14.3.1/thumb/v7e-m+fp/hard\libgcc.a
LOAD C:/ST/STM32CubeIDE_2.1.0/STM32CubeIDE/plugins/com.st.stm32cube.ide.mcu.externaltools.gnu-tools-for-stm32.14.3.rel1.win32_1.0.100.202602081740/tools/bin/../lib/gcc/arm-none-eabi/14.3.1/../../../../arm-none-eabi/lib/thumb/v7e-m+fp/hard\libc_nano.a
END GROUP
START GROUP
LOAD C:/ST/STM32CubeIDE_2.1.0/STM32CubeIDE/plugins/com.st.stm32cube.ide.mcu.externaltools.gnu-tools-for-stm32.14.3.rel1.win32_1.0.100.202602081740/tools/bin/../lib/gcc/arm-none-eabi/14.3.1/thumb/v7e-m+fp/hard\libgcc.a
LOAD C:/ST/STM32CubeIDE_2.1.0/STM32CubeIDE/plugins/com.st.stm32cube.ide.mcu.externaltools.gnu-tools-for-stm32.14.3.rel1.win32_1.0.100.202602081740/tools/bin/../lib/gcc/arm-none-eabi/14.3.1/../../../../arm-none-eabi/lib/thumb/v7e-m+fp/hard\libc_nano.a
END GROUP
LOAD C:/ST/STM32CubeIDE_2.1.0/STM32CubeIDE/plugins/com.st.stm32cube.ide.mcu.externaltools.gnu-tools-for-stm32.14.3.rel1.win32_1.0.100.202602081740/tools/bin/../lib/gcc/arm-none-eabi/14.3.1/thumb/v7e-m+fp/hard/crtend.o
LOAD C:/ST/STM32CubeIDE_2.1.0/STM32CubeIDE/plugins/com.st.stm32cube.ide.mcu.externaltools.gnu-tools-for-stm32.14.3.rel1.win32_1.0.100.202602081740/tools/bin/../lib/gcc/arm-none-eabi/14.3.1/thumb/v7e-m+fp/hard/crtn.o
                0x20020000                        _estack = (ORIGIN (RAM) + LENGTH (RAM))
                0x2001fc00                        _sstack = (_estack - _Min_Stack_Size)
                0x00000200                        _Min_Heap_Size = 0x200
                0x00000400                        _Min_Stack_Size = 0x400

.isr_vector     0x08000000      0x198
                0x08000000                        . = ALIGN (0x4)
 *(.isr_vector)
 .isr_vector    0x08000000      0x198 build/startup_stm32f411xe.o
                0x08000000                g_pfnVectors
                0x08000198                        . = ALIGN (0x4)

.text           0x080001a0     0x6728
                0x080001a0                        . = ALIGN (0x4)
 *(.text)
 .text          0x080001a0       0x40 C:/ST/STM32CubeIDE_2.1.0/STM32CubeIDE/plugins/com.st.stm32cube.ide.mcu.externaltools.gnu-tools-for-stm32.14.3.rel1.win32_1.0.100.202602081740/tools/bin/../lib/gcc/arm-none-eabi/14.3.1/thumb/v7e-m+fp/hard/crtbegin.o
 .text          0x080001e0       0x30 C:/ST/STM32CubeIDE_2.1.0/STM32CubeIDE/plugins/com.st.stm32cube.ide.mcu.externaltools.gnu-tools-for-stm32.14.3.rel1.win32_1.0.100.202602081740/tools/bin/../lib/gcc/arm-none-eabi/14.3.1/thumb/v7e-m+fp/hard\libgcc.a(_aeabi_uldivmod.o)
                0x080001e0                __aeabi_uldivmod
 .text          0x08000210      0x2f8 C:/ST/STM32CubeIDE_2.1.0/STM32CubeIDE/plugins/com.st.stm32cube.ide.mcu.externaltools.gnu-tools-for-stm32.14.3.rel1.win32_1.0.100.202602081740/tools/bin/../lib/gcc/arm-none-eabi/14.3.1/thumb/v7e-m+fp/hard\libgcc.a(_udivmoddi4.o)
                0x08000210                __udivmoddi4
 .text          0x08000508        0x4 C:/ST/STM32CubeIDE_2.1.0/STM32CubeIDE/plugins/com.st.stm32cube.ide.mcu.externaltools.gnu-tools-for-stm32.14.3.rel1.win32_1.0.100.202602081740/tools/bin/../lib/gcc/arm-none-eabi/14.3.1/thumb/v7e-m+fp/hard\libgcc.a(_dvmd_tls.o)
                0x08000508                __aeabi_idiv0
                0x08000508                __aeabi_ldiv0
 *(.text*)
 .text.Error_Handler
                0x0800050c        0xa build/main.o
                0x0800050c                Error_Handler
 *fill*         0x08000516        0x2 
 .text.SystemClock_Config
                0x08000518       0xa8 build/main.o
                0x08000518                SystemClock_Config
 .text.main     0x080005c0       0x54 build/main.o
                0x080005c0                main
 .text.MX_GPIO_Init
                0x08000614       0xd8 build/gpio.o
                0x08000614                MX_GPIO_Init
 .text.MX_TIM3_Init
                0x080006ec       0xc4 build/tim.o
                0x080006ec                MX_TIM3_Init
 .text.MX_TIM11_Init
                0x080007b0       0x30 build/tim.o
                0x080007b0                MX_TIM11_Init
 .text.HAL_TIM_Base_MspInit
                0x080007e0       0xf0 build/tim.o
                0x080007e0                HAL_TIM_Base_MspInit
 .text.HAL_TIM_MspPostInit
                0x080008d0       0x54 build/tim.o
                0x080008d0                HAL_TIM_MspPostInit
 .text.MX_TIM4_Init
                0x08000924       0xc0 build/tim.o
                0x08000924                MX_TIM4_Init
 .text.delay_us
                0x080009e4       0x14 build/delay.o
                0x080009e4                delay_us
 .text.pct_to_ccr
                0x080009f8       0x10 build/motor.o
 .text.clamp_speed
                0x08000a08        0xa build/motor.o
 *fill*         0x08000a12        0x2 
 .text.Motor_Left
                0x08000a14       0x74 build/motor.o
                0x08000a14                Motor_Left
 .text.Motor_Right
                0x08000a88       0x74 build/motor.o
                0x08000a88                Motor_Right
 .text.Car_Backward
                0x08000afc       0x18 build/motor.o
                0x08000afc                Car_Backward
 .text.Car_PivotLeft
                0x08000b14       0x20 build/motor.o
                0x08000b14                Car_PivotLeft
 .text.Car_PivotRight
                0x08000b34       0x1e build/motor.o
                0x08000b34                Car_PivotRight
 *fill*         0x08000b52        0x2 
 .text.Car_Stop
                0x08000b54       0x48 build/motor.o
                0x08000b54                Car_Stop
 .text.Motor_Init
                0x08000b9c       0x20 build/motor.o
                0x08000b9c                Motor_Init
 .text.Car_Brake
                0x08000bbc       0x4c build/motor.o
                0x08000bbc                Car_Brake
 .text.bno_bus_recover
                0x08000c08       0xa0 build/bno055.o
 .text.bno_rd   0x08000ca8       0x4c build/bno055.o
 .text.bno_wr8  0x08000cf4       0x28 build/bno055.o
 .text.BNO055_HardReset
                0x08000d1c       0x2c build/bno055.o
                0x08000d1c                BNO055_HardReset
 .text.BNO055_Init
                0x08000d48       0xa0 build/bno055.o
                0x08000d48                BNO055_Init
 .text.BNO055_ReadEuler
                0x08000de8       0x80 build/bno055.o
                0x08000de8                BNO055_ReadEuler
 .text.BNO055_ReadCalibStatus
                0x08000e68       0x1e build/bno055.o
                0x08000e68                BNO055_ReadCalibStatus
 *fill*         0x08000e86        0x2 
 .text.wrap180  0x08000e88       0x40 build/drive.o
 .text.clampf   0x08000ec8       0x22 build/drive.o
 .text.center_sanitize_cm
                0x08000eea       0x10 build/drive.o
 .text.center_avg_u16
                0x08000efa       0x2a build/drive.o
 .text.enter    0x08000f24       0x14 build/drive.o
 .text.cruise_enter
                0x08000f38       0x44 build/drive.o
 .text.spin_enter
                0x08000f7c       0x6c build/drive.o
 .text.side_avoid_enter
                0x08000fe8       0x2c build/drive.o
 .text.hold_enter
                0x08001014       0x12 build/drive.o
 .text.brake_enter
                0x08001026       0x12 build/drive.o
 .text.hold_run
                0x08001038       0x3c build/drive.o
 .text.Drive_CenteringPD_Run
                0x08001074      0x1ec build/drive.o
 .text.cruise_run
                0x08001260       0x34 build/drive.o
 .text.reverse_enter
                0x08001294       0x28 build/drive.o
 .text.brake_run
                0x080012bc       0x54 build/drive.o
 .text.reverse_run
                0x08001310       0x20 build/drive.o
 .text.spin_run
                0x08001330      0x1b0 build/drive.o
 .text.side_avoid_run
                0x080014e0       0x60 build/drive.o
 .text.Drive_Init
                0x08001540       0x48 build/drive.o
                0x08001540                Drive_Init
 .text.Drive_Update
                0x08001588       0x78 build/drive.o
                0x08001588                Drive_Update
 .text.Drive_GetState
                0x08001600        0xc build/drive.o
                0x08001600                Drive_GetState
 .text.HAL_TIM_IC_CaptureCallback
                0x0800160c      0x23c build/ultra.o
                0x0800160c                HAL_TIM_IC_CaptureCallback
 .text.Ultra_Init
                0x08001848       0x2c build/ultra.o
                0x08001848                Ultra_Init
 .text.Ultra_Measure
                0x08001874      0x144 build/ultra.o
                0x08001874                Ultra_Measure
 .text.median_n
                0x080019b8       0x86 build/ultra.o
                0x080019b8                median_n
 .text.min_n    0x08001a3e       0x1e build/ultra.o
                0x08001a3e                min_n
 .text.NMI_Handler
                0x08001a5c        0x8 build/stm32f4xx_it.o
                0x08001a5c                NMI_Handler
 .text.HardFault_Handler
                0x08001a64        0x8 build/stm32f4xx_it.o
                0x08001a64                HardFault_Handler
 .text.MemManage_Handler
                0x08001a6c        0x8 build/stm32f4xx_it.o
                0x08001a6c                MemManage_Handler
 .text.BusFault_Handler
                0x08001a74        0x8 build/stm32f4xx_it.o
                0x08001a74                BusFault_Handler
 .text.UsageFault_Handler
                0x08001a7c        0x8 build/stm32f4xx_it.o
                0x08001a7c                UsageFault_Handler
 .text.DebugMon_Handler
                0x08001a84        0x2 build/stm32f4xx_it.o
                0x08001a84                DebugMon_Handler
 .text.SysTick_Handler
                0x08001a86       0x16 build/stm32f4xx_it.o
                0x08001a86                SysTick_Handler
 .text.EXTI0_IRQHandler
                0x08001a9c        0xa build/stm32f4xx_it.o
                0x08001a9c                EXTI0_IRQHandler
 *fill*         0x08001aa6        0x2 
 .text.TIM3_IRQHandler
                0x08001aa8       0x10 build/stm32f4xx_it.o
                0x08001aa8                TIM3_IRQHandler
 .text.HAL_MspInit
                0x08001ab8       0x44 build/stm32f4xx_hal_msp.o
                0x08001ab8                HAL_MspInit
 .text.TIM_OC1_SetConfig
                0x08001afc       0x54 build/stm32f4xx_hal_tim.o
 .text.TIM_OC3_SetConfig
                0x08001b50       0x5c build/stm32f4xx_hal_tim.o
 .text.TIM_OC4_SetConfig
                0x08001bac       0x48 build/stm32f4xx_hal_tim.o
 .text.TIM_TI1_ConfigInputStage
                0x08001bf4       0x26 build/stm32f4xx_hal_tim.o
 .text.TIM_TI2_SetConfig
                0x08001c1a       0x36 build/stm32f4xx_hal_tim.o
 .text.TIM_TI2_ConfigInputStage
                0x08001c50       0x28 build/stm32f4xx_hal_tim.o
 .text.TIM_TI3_SetConfig
                0x08001c78       0x36 build/stm32f4xx_hal_tim.o
 .text.TIM_TI4_SetConfig
                0x08001cae       0x36 build/stm32f4xx_hal_tim.o
 .text.TIM_ITRx_SetConfig
                0x08001ce4       0x10 build/stm32f4xx_hal_tim.o
 .text.HAL_TIM_Base_Start
                0x08001cf4       0x6c build/stm32f4xx_hal_tim.o
                0x08001cf4                HAL_TIM_Base_Start
 .text.HAL_TIM_PWM_MspInit
                0x08001d60        0x2 build/stm32f4xx_hal_tim.o
                0x08001d60                HAL_TIM_PWM_MspInit
 .text.HAL_TIM_IC_MspInit
                0x08001d62        0x2 build/stm32f4xx_hal_tim.o
                0x08001d62                HAL_TIM_IC_MspInit
 .text.HAL_TIM_ReadCapturedValue
                0x08001d64       0x32 build/stm32f4xx_hal_tim.o
                0x08001d64                HAL_TIM_ReadCapturedValue
 .text.HAL_TIM_PeriodElapsedCallback
                0x08001d96        0x2 build/stm32f4xx_hal_tim.o
                0x08001d96                HAL_TIM_PeriodElapsedCallback
 .text.HAL_TIM_OC_DelayElapsedCallback
                0x08001d98        0x2 build/stm32f4xx_hal_tim.o
                0x08001d98                HAL_TIM_OC_DelayElapsedCallback
 .text.HAL_TIM_PWM_PulseFinishedCallback
                0x08001d9a        0x2 build/stm32f4xx_hal_tim.o
                0x08001d9a                HAL_TIM_PWM_PulseFinishedCallback
 .text.HAL_TIM_TriggerCallback
                0x08001d9c        0x2 build/stm32f4xx_hal_tim.o
                0x08001d9c                HAL_TIM_TriggerCallback
 .text.HAL_TIM_IRQHandler
                0x08001d9e      0x15e build/stm32f4xx_hal_tim.o
                0x08001d9e                HAL_TIM_IRQHandler
 .text.TIM_Base_SetConfig
                0x08001efc       0xa4 build/stm32f4xx_hal_tim.o
                0x08001efc                TIM_Base_SetConfig
 .text.HAL_TIM_Base_Init
                0x08001fa0       0x58 build/stm32f4xx_hal_tim.o
                0x08001fa0                HAL_TIM_Base_Init
 .text.HAL_TIM_PWM_Init
                0x08001ff8       0x58 build/stm32f4xx_hal_tim.o
                0x08001ff8                HAL_TIM_PWM_Init
 .text.HAL_TIM_IC_Init
                0x08002050       0x58 build/stm32f4xx_hal_tim.o
                0x08002050                HAL_TIM_IC_Init
 .text.TIM_OC2_SetConfig
                0x080020a8       0x5c build/stm32f4xx_hal_tim.o
                0x080020a8                TIM_OC2_SetConfig
 .text.HAL_TIM_PWM_ConfigChannel
                0x08002104       0xdc build/stm32f4xx_hal_tim.o
                0x08002104                HAL_TIM_PWM_ConfigChannel
 .text.TIM_TI1_SetConfig
                0x080021e0       0x6c build/stm32f4xx_hal_tim.o
                0x080021e0                TIM_TI1_SetConfig
 .text.HAL_TIM_IC_ConfigChannel
                0x0800224c       0xcc build/stm32f4xx_hal_tim.o
                0x0800224c                HAL_TIM_IC_ConfigChannel
 .text.TIM_ETR_SetConfig
                0x08002318       0x1a build/stm32f4xx_hal_tim.o
                0x08002318                TIM_ETR_SetConfig
 .text.HAL_TIM_ConfigClockSource
                0x08002332       0xfe build/stm32f4xx_hal_tim.o
                0x08002332                HAL_TIM_ConfigClockSource
 .text.TIM_CCxChannelCmd
                0x08002430       0x1e build/stm32f4xx_hal_tim.o
                0x08002430                TIM_CCxChannelCmd
 *fill*         0x0800244e        0x2 
 .text.HAL_TIM_PWM_Start
                0x08002450       0xe4 build/stm32f4xx_hal_tim.o
                0x08002450                HAL_TIM_PWM_Start
 .text.HAL_TIM_IC_Start_IT
                0x08002534      0x184 build/stm32f4xx_hal_tim.o
                0x08002534                HAL_TIM_IC_Start_IT
 .text.HAL_TIMEx_MasterConfigSynchronization
                0x080026b8       0x7c build/stm32f4xx_hal_tim_ex.o
                0x080026b8                HAL_TIMEx_MasterConfigSynchronization
 .text.HAL_TIMEx_CommutCallback
                0x08002734        0x2 build/stm32f4xx_hal_tim_ex.o
                0x08002734                HAL_TIMEx_CommutCallback
 .text.HAL_TIMEx_BreakCallback
                0x08002736        0x2 build/stm32f4xx_hal_tim_ex.o
                0x08002736                HAL_TIMEx_BreakCallback
 .text.HAL_RCC_OscConfig
                0x08002738      0x3f8 build/stm32f4xx_hal_rcc.o
                0x08002738                HAL_RCC_OscConfig
 .text.HAL_RCC_GetSysClockFreq
                0x08002b30       0xa8 build/stm32f4xx_hal_rcc.o
                0x08002b30                HAL_RCC_GetSysClockFreq
 .text.HAL_RCC_ClockConfig
                0x08002bd8      0x160 build/stm32f4xx_hal_rcc.o
                0x08002bd8                HAL_RCC_ClockConfig
 .text.HAL_RCC_GetHCLKFreq
                0x08002d38        0xc build/stm32f4xx_hal_rcc.o
                0x08002d38                HAL_RCC_GetHCLKFreq
 .text.HAL_RCC_GetPCLK1Freq
                0x08002d44       0x20 build/stm32f4xx_hal_rcc.o
                0x08002d44                HAL_RCC_GetPCLK1Freq
 .text.HAL_GPIO_Init
                0x08002d64      0x1c8 build/stm32f4xx_hal_gpio.o
                0x08002d64                HAL_GPIO_Init
 .text.HAL_GPIO_DeInit
                0x08002f2c      0x110 build/stm32f4xx_hal_gpio.o
                0x08002f2c                HAL_GPIO_DeInit
 .text.HAL_GPIO_ReadPin
                0x0800303c        0xe build/stm32f4xx_hal_gpio.o
                0x0800303c                HAL_GPIO_ReadPin
 .text.HAL_GPIO_WritePin
                0x0800304a        0xc build/stm32f4xx_hal_gpio.o
                0x0800304a                HAL_GPIO_WritePin
 *fill*         0x08003056        0x2 
 .text.HAL_GPIO_EXTI_IRQHandler
                0x08003058       0x1c build/stm32f4xx_hal_gpio.o
                0x08003058                HAL_GPIO_EXTI_IRQHandler
 .text.__NVIC_EnableIRQ
                0x08003074       0x1c build/stm32f4xx_hal_cortex.o
 .text.__NVIC_SetPriority
                0x08003090       0x28 build/stm32f4xx_hal_cortex.o
 .text.NVIC_EncodePriority
                0x080030b8       0x3c build/stm32f4xx_hal_cortex.o
 .text.HAL_NVIC_SetPriorityGrouping
                0x080030f4       0x24 build/stm32f4xx_hal_cortex.o
                0x080030f4                HAL_NVIC_SetPriorityGrouping
 .text.HAL_NVIC_SetPriority
                0x08003118       0x20 build/stm32f4xx_hal_cortex.o
                0x08003118                HAL_NVIC_SetPriority
 .text.HAL_NVIC_EnableIRQ
                0x08003138        0x8 build/stm32f4xx_hal_cortex.o
                0x08003138                HAL_NVIC_EnableIRQ
 .text.HAL_SYSTICK_Config
                0x08003140       0x28 build/stm32f4xx_hal_cortex.o
                0x08003140                HAL_SYSTICK_Config
 .text.HAL_InitTick
                0x08003168       0x4c build/stm32f4xx_hal.o
                0x08003168                HAL_InitTick
 .text.HAL_Init
                0x080031b4       0x34 build/stm32f4xx_hal.o
                0x080031b4                HAL_Init
 .text.HAL_IncTick
                0x080031e8       0x18 build/stm32f4xx_hal.o
                0x080031e8                HAL_IncTick
 .text.HAL_GetTick
                0x08003200        0xc build/stm32f4xx_hal.o
                0x08003200                HAL_GetTick
 .text.HAL_Delay
                0x0800320c       0x28 build/stm32f4xx_hal.o
                0x0800320c                HAL_Delay
 .text.SystemInit
                0x08003234       0x14 build/system_stm32f4xx.o
                0x08003234                SystemInit
 .text.MX_I2C1_Init
                0x08003248       0x3c build/i2c.o
                0x08003248                MX_I2C1_Init
 .text.HAL_I2C_MspInit
                0x08003284       0x70 build/i2c.o
                0x08003284                HAL_I2C_MspInit
 .text.HAL_I2C_MspDeInit
                0x080032f4       0x3c build/i2c.o
                0x080032f4                HAL_I2C_MspDeInit
 .text.MX_IWDG_Init
                0x08003330       0x28 build/iwdg.o
                0x08003330                MX_IWDG_Init
 .text.I2C_IsAcknowledgeFailed
                0x08003358       0x32 build/stm32f4xx_hal_i2c.o
 .text.I2C_WaitOnFlagUntilTimeout
                0x0800338a       0xaa build/stm32f4xx_hal_i2c.o
 .text.I2C_WaitOnMasterAddressFlagUntilTimeout
                0x08003434       0xd6 build/stm32f4xx_hal_i2c.o
 .text.I2C_WaitOnTXEFlagUntilTimeout
                0x0800350a       0x5e build/stm32f4xx_hal_i2c.o
 .text.I2C_RequestMemoryWrite
                0x08003568       0xd8 build/stm32f4xx_hal_i2c.o
 .text.I2C_RequestMemoryRead
                0x08003640      0x154 build/stm32f4xx_hal_i2c.o
 .text.I2C_WaitOnBTFFlagUntilTimeout
                0x08003794       0x5e build/stm32f4xx_hal_i2c.o
 .text.I2C_WaitOnRXNEFlagUntilTimeout
                0x080037f2       0x78 build/stm32f4xx_hal_i2c.o
 *fill*         0x0800386a        0x2 
 .text.HAL_I2C_Init
                0x0800386c      0x1bc build/stm32f4xx_hal_i2c.o
                0x0800386c                HAL_I2C_Init
 .text.HAL_I2C_DeInit
                0x08003a28       0x32 build/stm32f4xx_hal_i2c.o
                0x08003a28                HAL_I2C_DeInit
 *fill*         0x08003a5a        0x2 
 .text.HAL_I2C_Mem_Write
                0x08003a5c      0x160 build/stm32f4xx_hal_i2c.o
                0x08003a5c                HAL_I2C_Mem_Write
 .text.HAL_I2C_Mem_Read
                0x08003bbc      0x2f8 build/stm32f4xx_hal_i2c.o
                0x08003bbc                HAL_I2C_Mem_Read
 .text.HAL_IWDG_Init
                0x08003eb4       0x5c build/stm32f4xx_hal_iwdg.o
                0x08003eb4                HAL_IWDG_Init
 .text.HAL_IWDG_Refresh
                0x08003f10        0xc build/stm32f4xx_hal_iwdg.o
                0x08003f10                HAL_IWDG_Refresh
 .text.StartDefaultTask
                0x08003f1c       0x4c build/freertos.o
                0x08003f1c                StartDefaultTask
 .text.StartTask02
                0x08003f68      0x2dc build/freertos.o
                0x08003f68                StartTask02
 .text.MX_FREERTOS_Init
                0x08004244       0x4c build/freertos.o
                0x08004244                MX_FREERTOS_Init
 .text.HAL_GPIO_EXTI_Callback
                0x08004290       0x14 build/freertos.o
                0x08004290                HAL_GPIO_EXTI_Callback
 .text.vListInitialise
                0x080042a4       0x16 build/list.o
                0x080042a4                vListInitialise
 .text.vListInitialiseItem
                0x080042ba        0x6 build/list.o
                0x080042ba                vListInitialiseItem
 .text.vListInsertEnd
                0x080042c0       0x16 build/list.o
                0x080042c0                vListInsertEnd
 .text.vListInsert
                0x080042d6       0x32 build/list.o
                0x080042d6                vListInsert
 .text.uxListRemove
                0x08004308       0x26 build/list.o
                0x08004308                uxListRemove
 .text.prvIsQueueFull
                0x0800432e       0x1e build/queue.o
 .text.prvIsQueueEmpty
                0x0800434c       0x1a build/queue.o
 .text.prvCopyDataToQueue
                0x08004366       0x76 build/queue.o
 .text.prvCopyDataFromQueue
                0x080043dc       0x24 build/queue.o
 .text.prvUnlockQueue
                0x08004400       0x6e build/queue.o
 .text.xQueueGenericReset
                0x0800446e       0x84 build/queue.o
                0x0800446e                xQueueGenericReset
 .text.prvInitialiseNewQueue
                0x080044f2       0x22 build/queue.o
 .text.xQueueGenericCreateStatic
                0x08004514       0x94 build/queue.o
                0x08004514                xQueueGenericCreateStatic
 .text.xQueueGenericCreate
                0x080045a8       0x48 build/queue.o
                0x080045a8                xQueueGenericCreate
 .text.xQueueGenericSend
                0x080045f0      0x188 build/queue.o
                0x080045f0                xQueueGenericSend
 .text.xQueueGenericSendFromISR
                0x08004778       0xce build/queue.o
                0x08004778                xQueueGenericSendFromISR
 .text.xQueueReceive
                0x08004846      0x15e build/queue.o
                0x08004846                xQueueReceive
 .text.xQueueReceiveFromISR
                0x080049a4       0xae build/queue.o
                0x080049a4                xQueueReceiveFromISR
 *fill*         0x08004a52        0x2 
 .text.vQueueAddToRegistry
                0x08004a54       0x28 build/queue.o
                0x08004a54                vQueueAddToRegistry
 .text.vQueueWaitForMessageRestricted
                0x08004a7c       0x52 build/queue.o
                0x08004a7c                vQueueWaitForMessageRestricted
 .text.prvTaskCheckFreeStackSpace
                0x08004ace       0x14 build/tasks.o
 *fill*         0x08004ae2        0x2 
 .text.prvResetNextTaskUnblockTime
                0x08004ae4       0x2c build/tasks.o
 .text.prvInitialiseNewTask
                0x08004b10      0x104 build/tasks.o
 .text.prvInitialiseTaskLists
                0x08004c14       0x68 build/tasks.o
 .text.prvAddNewTaskToReadyList
                0x08004c7c       0xac build/tasks.o
 .text.prvDeleteTCB
                0x08004d28       0x40 build/tasks.o
 .text.prvCheckTasksWaitingTermination
                0x08004d68       0x4c build/tasks.o
 .text.prvIdleTask
                0x08004db4       0x28 build/tasks.o
 .text.prvAddCurrentTaskToDelayedList
                0x08004ddc       0x7c build/tasks.o
 .text.xTaskCreateStatic
                0x08004e58       0x7a build/tasks.o
                0x08004e58                xTaskCreateStatic
 .text.xTaskCreate
                0x08004ed2       0x66 build/tasks.o
                0x08004ed2                xTaskCreate
 .text.vTaskStartScheduler
                0x08004f38       0xac build/tasks.o
                0x08004f38                vTaskStartScheduler
 .text.vTaskSuspendAll
                0x08004fe4       0x10 build/tasks.o
                0x08004fe4                vTaskSuspendAll
 .text.xTaskGetTickCount
                0x08004ff4        0xc build/tasks.o
                0x08004ff4                xTaskGetTickCount
 .text.xTaskIncrementTick
                0x08005000      0x118 build/tasks.o
                0x08005000                xTaskIncrementTick
 .text.xTaskResumeAll
                0x08005118       0xf8 build/tasks.o
                0x08005118                xTaskResumeAll
 .text.vTaskSwitchContext
                0x08005210       0xa4 build/tasks.o
                0x08005210                vTaskSwitchContext
 .text.vTaskPlaceOnEventList
                0x080052b4       0x30 build/tasks.o
                0x080052b4                vTaskPlaceOnEventList
 .text.vTaskPlaceOnEventListRestricted
                0x080052e4       0x38 build/tasks.o
                0x080052e4                vTaskPlaceOnEventListRestricted
 .text.xTaskRemoveFromEventList
                0x0800531c       0x8c build/tasks.o
                0x0800531c                xTaskRemoveFromEventList
 .text.vTaskInternalSetTimeOutState
                0x080053a8       0x18 build/tasks.o
                0x080053a8                vTaskInternalSetTimeOutState
 .text.xTaskCheckForTimeOut
                0x080053c0       0x88 build/tasks.o
                0x080053c0                xTaskCheckForTimeOut
 .text.vTaskMissedYield
                0x08005448        0xc build/tasks.o
                0x08005448                vTaskMissedYield
 .text.uxTaskGetStackHighWaterMark
                0x08005454       0x18 build/tasks.o
                0x08005454                uxTaskGetStackHighWaterMark
 .text.xTaskGetCurrentTaskHandle
                0x0800546c        0xc build/tasks.o
                0x0800546c                xTaskGetCurrentTaskHandle
 .text.xTaskGetSchedulerState
                0x08005478       0x20 build/tasks.o
                0x08005478                xTaskGetSchedulerState
 .text.xTaskPriorityDisinherit
                0x08005498       0x90 build/tasks.o
                0x08005498                xTaskPriorityDisinherit
 .text.xTaskNotifyWait
                0x08005528       0xa0 build/tasks.o
                0x08005528                xTaskNotifyWait
 .text.xTaskGenericNotify
                0x080055c8      0x108 build/tasks.o
                0x080055c8                xTaskGenericNotify
 .text.xTaskGenericNotifyFromISR
                0x080056d0      0x138 build/tasks.o
                0x080056d0                xTaskGenericNotifyFromISR
 .text.prvGetNextExpireTime
                0x08005808       0x20 build/timers.o
 .text.prvInsertTimerInActiveList
                0x08005828       0x48 build/timers.o
 .text.prvCheckForValidListAndQueue
                0x08005870       0x70 build/timers.o
 .text.xTimerCreateTimerTask
                0x080058e0       0x64 build/timers.o
                0x080058e0                xTimerCreateTimerTask
 .text.xTimerGenericCommand
                0x08005944       0x6c build/timers.o
                0x08005944                xTimerGenericCommand
 .text.prvSwitchTimerLists
                0x080059b0       0x7c build/timers.o
 .text.prvSampleTimeNow
                0x08005a2c       0x2c build/timers.o
 .text.prvProcessExpiredTimer
                0x08005a58       0x6c build/timers.o
 .text.prvProcessTimerOrBlockTask
                0x08005ac4       0x74 build/timers.o
 .text.prvProcessReceivedCommands
                0x08005b38      0x10c build/timers.o
 .text.prvTimerTask
                0x08005c44       0x16 build/timers.o
 *fill*         0x08005c5a        0x2 
 .text.osKernelInitialize
                0x08005c5c       0x24 build/cmsis_os2.o
                0x08005c5c                osKernelInitialize
 .text.osKernelStart
                0x08005c80       0x38 build/cmsis_os2.o
                0x08005c80                osKernelStart
 .text.osThreadNew
                0x08005cb8       0xb6 build/cmsis_os2.o
                0x08005cb8                osThreadNew
 .text.osThreadGetId
                0x08005d6e        0x8 build/cmsis_os2.o
                0x08005d6e                osThreadGetId
 .text.osThreadFlagsSet
                0x08005d76       0x72 build/cmsis_os2.o
                0x08005d76                osThreadFlagsSet
 .text.osThreadFlagsClear
                0x08005de8       0x56 build/cmsis_os2.o
                0x08005de8                osThreadFlagsClear
 .text.osThreadFlagsWait
                0x08005e3e       0xaa build/cmsis_os2.o
                0x08005e3e                osThreadFlagsWait
 .text.osMessageQueueNew
                0x08005ee8       0x96 build/cmsis_os2.o
                0x08005ee8                osMessageQueueNew
 .text.osMessageQueuePut
                0x08005f7e       0x84 build/cmsis_os2.o
                0x08005f7e                osMessageQueuePut
 .text.osMessageQueueGet
                0x08006002       0x82 build/cmsis_os2.o
                0x08006002                osMessageQueueGet
 .text.vApplicationGetIdleTaskMemory
                0x08006084       0x18 build/cmsis_os2.o
                0x08006084                vApplicationGetIdleTaskMemory
 .text.vApplicationGetTimerTaskMemory
                0x0800609c       0x18 build/cmsis_os2.o
                0x0800609c                vApplicationGetTimerTaskMemory
 .text.prvHeapInit
                0x080060b4       0x64 build/heap_4.o
 .text.prvInsertBlockIntoFreeList
                0x08006118       0x64 build/heap_4.o
 .text.pvPortMalloc
                0x0800617c      0x104 build/heap_4.o
                0x0800617c                pvPortMalloc
 .text.vPortFree
                0x08006280       0x7c build/heap_4.o
                0x08006280                vPortFree
 .text.prvTaskExitError
                0x080062fc       0x40 build/port.o
 .text.prvPortStartFirstTask
                0x0800633c       0x28 build/port.o
 .text.vPortEnableVFP
                0x08006364       0x14 build/port.o
 .text.pxPortInitialiseStack
                0x08006378       0x2c build/port.o
                0x08006378                pxPortInitialiseStack
 *fill*         0x080063a4        0xc 
 .text.SVC_Handler
                0x080063b0       0x24 build/port.o
                0x080063b0                SVC_Handler
 .text.vPortEnterCritical
                0x080063d4       0x44 build/port.o
                0x080063d4                vPortEnterCritical
 .text.vPortExitCritical
                0x08006418       0x2c build/port.o
                0x08006418                vPortExitCritical
 *fill*         0x08006444        0xc 
 .text.PendSV_Handler
                0x08006450       0x64 build/port.o
                0x08006450                PendSV_Handler
 .text.xPortSysTickHandler
                0x080064b4       0x2c build/port.o
                0x080064b4                xPortSysTickHandler
 .text.vPortSetupTimerInterrupt
                0x080064e0       0x28 build/port.o
                0x080064e0                vPortSetupTimerInterrupt
 .text.xPortStartScheduler
                0x08006508      0x118 build/port.o
                0x08006508                xPortStartScheduler
 .text.vPortValidateInterruptPriority
                0x08006620       0x5c build/port.o
                0x08006620                vPortValidateInterruptPriority
 .text.Reset_Handler
                0x0800667c       0x50 build/startup_stm32f411xe.o
                0x0800667c                Reset_Handler
 .text.Default_Handler
                0x080066cc        0x2 build/startup_stm32f411xe.o
                0x080066cc                RTC_Alarm_IRQHandler
                0x080066cc                EXTI2_IRQHandler
                0x080066cc                SPI4_IRQHandler
                0x080066cc                TIM1_CC_IRQHandler
                0x080066cc                DMA2_Stream5_IRQHandler
                0x080066cc                DMA1_Stream5_IRQHandler
                0x080066cc                PVD_IRQHandler
                0x080066cc                SDIO_IRQHandler
                0x080066cc                TAMP_STAMP_IRQHandler
                0x080066cc                EXTI3_IRQHandler
                0x080066cc                TIM1_UP_TIM10_IRQHandler
                0x080066cc                I2C3_ER_IRQHandler
                0x080066cc                I2C2_EV_IRQHandler
                0x080066cc                DMA1_Stream2_IRQHandler
                0x080066cc                FPU_IRQHandler
                0x080066cc                DMA2_Stream2_IRQHandler
                0x080066cc                SPI1_IRQHandler
                0x080066cc                TIM1_BRK_TIM9_IRQHandler
                0x080066cc                DMA2_Stream3_IRQHandler
                0x080066cc                USART6_IRQHandler
                0x080066cc                DMA2_Stream0_IRQHandler
                0x080066cc                TIM4_IRQHandler
                0x080066cc                I2C1_EV_IRQHandler
                0x080066cc                DMA1_Stream6_IRQHandler
                0x080066cc                DMA1_Stream1_IRQHandler
                0x080066cc                RCC_IRQHandler
                0x080066cc                Default_Handler
                0x080066cc                EXTI15_10_IRQHandler
                0x080066cc                ADC_IRQHandler
                0x080066cc                DMA1_Stream7_IRQHandler
                0x080066cc                SPI5_IRQHandler
                0x080066cc                TIM5_IRQHandler
                0x080066cc                DMA2_Stream7_IRQHandler
                0x080066cc                I2C3_EV_IRQHandler
                0x080066cc                EXTI9_5_IRQHandler
                0x080066cc                RTC_WKUP_IRQHandler
                0x080066cc                SPI2_IRQHandler
                0x080066cc                DMA1_Stream0_IRQHandler
                0x080066cc                EXTI4_IRQHandler
                0x080066cc                WWDG_IRQHandler
                0x080066cc                TIM2_IRQHandler
                0x080066cc                OTG_FS_WKUP_IRQHandler
                0x080066cc                TIM1_TRG_COM_TIM11_IRQHandler
                0x080066cc                EXTI1_IRQHandler
                0x080066cc                USART2_IRQHandler
                0x080066cc                I2C2_ER_IRQHandler
                0x080066cc                DMA2_Stream1_IRQHandler
                0x080066cc                FLASH_IRQHandler
                0x080066cc                DMA2_Stream4_IRQHandler
                0x080066cc                USART1_IRQHandler
                0x080066cc                OTG_FS_IRQHandler
                0x080066cc                SPI3_IRQHandler
                0x080066cc                DMA1_Stream4_IRQHandler
                0x080066cc                I2C1_ER_IRQHandler
                0x080066cc                DMA2_Stream6_IRQHandler
                0x080066cc                DMA1_Stream3_IRQHandler
 .text.memset   0x080066ce       0x10 C:/ST/STM32CubeIDE_2.1.0/STM32CubeIDE/plugins/com.st.stm32cube.ide.mcu.externaltools.gnu-tools-for-stm32.14.3.rel1.win32_1.0.100.202602081740/tools/bin/../lib/gcc/arm-none-eabi/14.3.1/../../../../arm-none-eabi/lib/thumb/v7e-m+fp/hard\libc_nano.a(libc_a-memset.o)
                0x080066ce                memset
 *fill*         0x080066de        0x2 
 .text._reclaim_reent
                0x080066e0       0xbc C:/ST/STM32CubeIDE_2.1.0/STM32CubeIDE/plugins/com.st.stm32cube.ide.mcu.externaltools.gnu-tools-for-stm32.14.3.rel1.win32_1.0.100.202602081740/tools/bin/../lib/gcc/arm-none-eabi/14.3.1/../../../../arm-none-eabi/lib/thumb/v7e-m+fp/hard\libc_nano.a(libc_a-reent.o)
                0x080066e0                _reclaim_reent
 .text.__libc_init_array
                0x0800679c       0x48 C:/ST/STM32CubeIDE_2.1.0/STM32CubeIDE/plugins/com.st.stm32cube.ide.mcu.externaltools.gnu-tools-for-stm32.14.3.rel1.win32_1.0.100.202602081740/tools/bin/../lib/gcc/arm-none-eabi/14.3.1/../../../../arm-none-eabi/lib/thumb/v7e-m+fp/hard\libc_nano.a(libc_a-init.o)
                0x0800679c                __libc_init_array
 .text.__retarget_lock_acquire_recursive
                0x080067e4        0x2 C:/ST/STM32CubeIDE_2.1.0/STM32CubeIDE/plugins/com.st.stm32cube.ide.mcu.externaltools.gnu-tools-for-stm32.14.3.rel1.win32_1.0.100.202602081740/tools/bin/../lib/gcc/arm-none-eabi/14.3.1/../../../../arm-none-eabi/lib/thumb/v7e-m+fp/hard\libc_nano.a(libc_a-lock.o)
                0x080067e4                __retarget_lock_acquire_recursive
 .text.__retarget_lock_release_recursive
                0x080067e6        0x2 C:/ST/STM32CubeIDE_2.1.0/STM32CubeIDE/plugins/com.st.stm32cube.ide.mcu.externaltools.gnu-tools-for-stm32.14.3.rel1.win32_1.0.100.202602081740/tools/bin/../lib/gcc/arm-none-eabi/14.3.1/../../../../arm-none-eabi/lib/thumb/v7e-m+fp/hard\libc_nano.a(libc_a-lock.o)
                0x080067e6                __retarget_lock_release_recursive
 .text.memcpy   0x080067e8       0x1c C:/ST/STM32CubeIDE_2.1.0/STM32CubeIDE/plugins/com.st.stm32cube.ide.mcu.externaltools.gnu-tools-for-stm32.14.3.rel1.win32_1.0.100.202602081740/tools/bin/../lib/gcc/arm-none-eabi/14.3.1/../../../../arm-none-eabi/lib/thumb/v7e-m+fp/hard\libc_nano.a(libc_a-memcpy-stub.o)
                0x080067e8                memcpy
 .text._free_r  0x08006804       0x94 C:/ST/STM32CubeIDE_2.1.0/STM32CubeIDE/plugins/com.st.stm32cube.ide.mcu.externaltools.gnu-tools-for-stm32.14.3.rel1.win32_1.0.100.202602081740/tools/bin/../lib/gcc/arm-none-eabi/14.3.1/../../../../arm-none-eabi/lib/thumb/v7e-m+fp/hard\libc_nano.a(libc_a-freer.o)
                0x08006804                _free_r
 .text.__malloc_lock
                0x08006898        0xc C:/ST/STM32CubeIDE_2.1.0/STM32CubeIDE/plugins/com.st.stm32cube.ide.mcu.externaltools.gnu-tools-for-stm32.14.3.rel1.win32_1.0.100.202602081740/tools/bin/../lib/gcc/arm-none-eabi/14.3.1/../../../../arm-none-eabi/lib/thumb/v7e-m+fp/hard\libc_nano.a(libc_a-mlock.o)
                0x08006898                __malloc_lock
 .text.__malloc_unlock
                0x080068a4        0xc C:/ST/STM32CubeIDE_2.1.0/STM32CubeIDE/plugins/com.st.stm32cube.ide.mcu.externaltools.gnu-tools-for-stm32.14.3.rel1.win32_1.0.100.202602081740/tools/bin/../lib/gcc/arm-none-eabi/14.3.1/../../../../arm-none-eabi/lib/thumb/v7e-m+fp/hard\libc_nano.a(libc_a-mlock.o)
                0x080068a4                __malloc_unlock
 *(.glue_7)
 .glue_7        0x080068b0        0x0 linker stubs
 *(.glue_7t)
 .glue_7t       0x080068b0        0x0 linker stubs
 *(.eh_frame)
 .eh_frame      0x080068b0        0x0 C:/ST/STM32CubeIDE_2.1.0/STM32CubeIDE/plugins/com.st.stm32cube.ide.mcu.externaltools.gnu-tools-for-stm32.14.3.rel1.win32_1.0.100.202602081740/tools/bin/../lib/gcc/arm-none-eabi/14.3.1/thumb/v7e-m+fp/hard/crtbegin.o
 *(.init)
 .init          0x080068b0        0x4 C:/ST/STM32CubeIDE_2.1.0/STM32CubeIDE/plugins/com.st.stm32cube.ide.mcu.externaltools.gnu-tools-for-stm32.14.3.rel1.win32_1.0.100.202602081740/tools/bin/../lib/gcc/arm-none-eabi/14.3.1/thumb/v7e-m+fp/hard/crti.o
                0x080068b0                _init
 .init          0x080068b4        0x8 C:/ST/STM32CubeIDE_2.1.0/STM32CubeIDE/plugins/com.st.stm32cube.ide.mcu.externaltools.gnu-tools-for-stm32.14.3.rel1.win32_1.0.100.202602081740/tools/bin/../lib/gcc/arm-none-eabi/14.3.1/thumb/v7e-m+fp/hard/crtn.o
 *(.fini)
 .fini          0x080068bc        0x4 C:/ST/STM32CubeIDE_2.1.0/STM32CubeIDE/plugins/com.st.stm32cube.ide.mcu.externaltools.gnu-tools-for-stm32.14.3.rel1.win32_1.0.100.202602081740/tools/bin/../lib/gcc/arm-none-eabi/14.3.1/thumb/v7e-m+fp/hard/crti.o
                0x080068bc                _fini
 .fini          0x080068c0        0x8 C:/ST/STM32CubeIDE_2.1.0/STM32CubeIDE/plugins/com.st.stm32cube.ide.mcu.externaltools.gnu-tools-for-stm32.14.3.rel1.win32_1.0.100.202602081740/tools/bin/../lib/gcc/arm-none-eabi/14.3.1/thumb/v7e-m+fp/hard/crtn.o
                0x080068c8                        . = ALIGN (0x4)
                0x080068c8                        _etext = .

.vfp11_veneer   0x080068c8        0x0
 .vfp11_veneer  0x080068c8        0x0 linker stubs

.v4_bx          0x080068c8        0x0
 .v4_bx         0x080068c8        0x0 linker stubs

.iplt           0x080068c8        0x0
 .iplt          0x080068c8        0x0 C:/ST/STM32CubeIDE_2.1.0/STM32CubeIDE/plugins/com.st.stm32cube.ide.mcu.externaltools.gnu-tools-for-stm32.14.3.rel1.win32_1.0.100.202602081740/tools/bin/../lib/gcc/arm-none-eabi/14.3.1/thumb/v7e-m+fp/hard/crtbegin.o

.rodata         0x080068c8       0xdc
                0x080068c8                        . = ALIGN (0x4)
 *(.rodata)
 *(.rodata*)
 .rodata.ULTRA_ECHO_PIN
                0x080068c8        0x6 build/ultra.o
 *fill*         0x080068ce        0x2 
 .rodata.ULTRA_ECHO_PORT
                0x080068d0        0xc build/ultra.o
 .rodata.ULTRA_CC_FLAG
                0x080068dc        0xc build/ultra.o
 .rodata.ULTRA_CC_IT
                0x080068e8        0xc build/ultra.o
 .rodata.ULTRA_CH
                0x080068f4        0xc build/ultra.o
 .rodata.ULTRA_TRIG_PIN
                0x08006900        0x6 build/ultra.o
 *fill*         0x08006906        0x2 
 .rodata.ULTRA_TRIG_PORT
                0x08006908        0xc build/ultra.o
 .rodata.APBPrescTable
                0x08006914        0x8 build/system_stm32f4xx.o
                0x08006914                APBPrescTable
 .rodata.AHBPrescTable
                0x0800691c       0x10 build/system_stm32f4xx.o
                0x0800691c                AHBPrescTable
 .rodata.str1.4
                0x0800692c       0x30 build/freertos.o
                                 0x16 (size before relaxing)
 .rodata.SensorTask_attributes
                0x0800695c       0x24 build/freertos.o
                0x0800695c                SensorTask_attributes
 .rodata.MotorTask_attributes
                0x08006980       0x24 build/freertos.o
                0x08006980                MotorTask_attributes
 .rodata.vTaskStartScheduler.str1.4
                0x080069a4        0x5 build/tasks.o
 .rodata.prvCheckForValidListAndQueue.str1.4
                0x080069a4        0x5 build/timers.o
 .rodata.xTimerCreateTimerTask.str1.4
                0x080069a4        0x8 build/timers.o
                0x080069ac                        . = ALIGN (0x4)

.ARM.extab      0x080069a4        0x0
                0x080069a4                        . = ALIGN (0x4)
 *(.ARM.extab* .gnu.linkonce.armextab.*)
                0x080069a4                        . = ALIGN (0x4)

.ARM            0x080069a4        0x8
                0x080069a4                        . = ALIGN (0x4)
                0x080069a4                        __exidx_start = .
 *(.ARM.exidx*)
 .ARM.exidx     0x080069a4        0x8 C:/ST/STM32CubeIDE_2.1.0/STM32CubeIDE/plugins/com.st.stm32cube.ide.mcu.externaltools.gnu-tools-for-stm32.14.3.rel1.win32_1.0.100.202602081740/tools/bin/../lib/gcc/arm-none-eabi/14.3.1/thumb/v7e-m+fp/hard\libgcc.a(_udivmoddi4.o)
                0x080069ac                        __exidx_end = .
                0x080069ac                        . = ALIGN (0x4)

.preinit_array  0x080069ac        0x0
                0x080069ac                        . = ALIGN (0x4)
                0x080069ac                        PROVIDE (__preinit_array_start = .)
 *(.preinit_array*)
                0x080069ac                        PROVIDE (__preinit_array_end = .)
                0x080069ac                        . = ALIGN (0x4)

.init_array     0x080069ac        0x4
                0x080069ac                        . = ALIGN (0x4)
                0x080069ac                        PROVIDE (__init_array_start = .)
 *(SORT_BY_NAME(.init_array.*))
 *(.init_array*)
 .init_array    0x080069ac        0x4 C:/ST/STM32CubeIDE_2.1.0/STM32CubeIDE/plugins/com.st.stm32cube.ide.mcu.externaltools.gnu-tools-for-stm32.14.3.rel1.win32_1.0.100.202602081740/tools/bin/../lib/gcc/arm-none-eabi/14.3.1/thumb/v7e-m+fp/hard/crtbegin.o
                0x080069b0                        PROVIDE (__init_array_end = .)
                0x080069b0                        . = ALIGN (0x4)

.fini_array     0x080069b0        0x4
                0x080069b0                        . = ALIGN (0x4)
                [!provide]                        PROVIDE (__fini_array_start = .)
 *(SORT_BY_NAME(.fini_array.*))
 *(.fini_array*)
 .fini_array    0x080069b0        0x4 C:/ST/STM32CubeIDE_2.1.0/STM32CubeIDE/plugins/com.st.stm32cube.ide.mcu.externaltools.gnu-tools-for-stm32.14.3.rel1.win32_1.0.100.202602081740/tools/bin/../lib/gcc/arm-none-eabi/14.3.1/thumb/v7e-m+fp/hard/crtbegin.o
                [!provide]                        PROVIDE (__fini_array_end = .)
                0x080069b4                        . = ALIGN (0x4)
                0x080069b4                        _sidata = LOADADDR (.data)

.rel.dyn        0x080069b4        0x0
 .rel.iplt      0x080069b4        0x0 C:/ST/STM32CubeIDE_2.1.0/STM32CubeIDE/plugins/com.st.stm32cube.ide.mcu.externaltools.gnu-tools-for-stm32.14.3.rel1.win32_1.0.100.202602081740/tools/bin/../lib/gcc/arm-none-eabi/14.3.1/thumb/v7e-m+fp/hard/crtbegin.o

.data           0x20000000       0x60 load address 0x080069b4
                0x20000000                        . = ALIGN (0x4)
                0x20000000                        _sdata = .
 *(.data)
 *(.data*)
 .data.uwTickFreq
                0x20000000        0x1 build/stm32f4xx_hal.o
                0x20000000                uwTickFreq
 *fill*         0x20000001        0x3 
 .data.uwTickPrio
                0x20000004        0x4 build/stm32f4xx_hal.o
                0x20000004                uwTickPrio
 .data.SystemCoreClock
                0x20000008        0x4 build/system_stm32f4xx.o
                0x20000008                SystemCoreClock
 .data.uxCriticalNesting
                0x2000000c        0x4 build/port.o
 .data._impure_ptr
                0x20000010        0x4 C:/ST/STM32CubeIDE_2.1.0/STM32CubeIDE/plugins/com.st.stm32cube.ide.mcu.externaltools.gnu-tools-for-stm32.14.3.rel1.win32_1.0.100.202602081740/tools/bin/../lib/gcc/arm-none-eabi/14.3.1/../../../../arm-none-eabi/lib/thumb/v7e-m+fp/hard\libc_nano.a(libc_a-impure.o)
                0x20000010                _impure_ptr
 .data._impure_data
                0x20000014       0x4c C:/ST/STM32CubeIDE_2.1.0/STM32CubeIDE/plugins/com.st.stm32cube.ide.mcu.externaltools.gnu-tools-for-stm32.14.3.rel1.win32_1.0.100.202602081740/tools/bin/../lib/gcc/arm-none-eabi/14.3.1/../../../../arm-none-eabi/lib/thumb/v7e-m+fp/hard\libc_nano.a(libc_a-impure.o)
                0x20000014                _impure_data
 *(.RamFunc)
 *(.RamFunc*)
                0x20000060                        . = ALIGN (0x4)
                0x20000060                        _edata = .

.igot.plt       0x20000060        0x0 load address 0x08006a14
 .igot.plt      0x20000060        0x0 C:/ST/STM32CubeIDE_2.1.0/STM32CubeIDE/plugins/com.st.stm32cube.ide.mcu.externaltools.gnu-tools-for-stm32.14.3.rel1.win32_1.0.100.202602081740/tools/bin/../lib/gcc/arm-none-eabi/14.3.1/thumb/v7e-m+fp/hard/crtbegin.o
                0x20000060                        . = ALIGN (0x4)

.bss            0x20000060     0x4f44 load address 0x08006a14
                0x20000060                        _sbss = .
                0x20000060                        __bss_start__ = _sbss
 *(.bss)
 .bss           0x20000060       0x1c C:/ST/STM32CubeIDE_2.1.0/STM32CubeIDE/plugins/com.st.stm32cube.ide.mcu.externaltools.gnu-tools-for-stm32.14.3.rel1.win32_1.0.100.202602081740/tools/bin/../lib/gcc/arm-none-eabi/14.3.1/thumb/v7e-m+fp/hard/crtbegin.o
 *(.bss*)
 .bss.htim11    0x2000007c       0x48 build/tim.o
                0x2000007c                htim11
 .bss.htim4     0x200000c4       0x48 build/tim.o
                0x200000c4                htim4
 .bss.htim3     0x2000010c       0x48 build/tim.o
                0x2000010c                htim3
 .bss.bno_fail_cnt
                0x20000154        0x1 build/bno055.o
 *fill*         0x20000155        0x3 
 .bss.prev_ms.0
                0x20000158        0x4 build/drive.o
 .bss.prev_error.1
                0x2000015c        0x4 build/drive.o
 .bss.count.2   0x20000160        0x1 build/drive.o
 *fill*         0x20000161        0x3 
 .bss.r_buf.3   0x20000164        0xa build/drive.o
 *fill*         0x2000016e        0x2 
 .bss.l_buf.4   0x20000170        0xa build/drive.o
 .bss.idx.5     0x2000017a        0x1 build/drive.o
 *fill*         0x2000017b        0x1 
 .bss.t_prev    0x2000017c        0x4 build/drive.o
 .bss.h_prev    0x20000180        0x4 build/drive.o
 .bss.steer_mode
                0x20000184        0x1 build/drive.o
 *fill*         0x20000185        0x3 
 .bss.steer_u   0x20000188        0x4 build/drive.o
 .bss.t_stuck   0x2000018c        0x4 build/drive.o
 .bss.h_stuck   0x20000190        0x4 build/drive.o
 .bss.h_ref     0x20000194        0x4 build/drive.o
 .bss.h_entry   0x20000198        0x4 build/drive.o
 .bss.clear_cnt
                0x2000019c        0x1 build/drive.o
 .bss.rev_cnt   0x2000019d        0x1 build/drive.o
 .bss.swap_cnt  0x2000019e        0x1 build/drive.o
 .bss.turn_dir  0x2000019f        0x1 build/drive.o
 .bss.t_state   0x200001a0        0x4 build/drive.o
 .bss.st        0x200001a4        0x1 build/drive.o
 .bss.dbg_rev_cnt
                0x200001a5        0x1 build/drive.o
                0x200001a5                dbg_rev_cnt
 .bss.dbg_turn_dir
                0x200001a6        0x1 build/drive.o
                0x200001a6                dbg_turn_dir
 *fill*         0x200001a7        0x1 
 .bss.dbg_spin_deg
                0x200001a8        0x4 build/drive.o
                0x200001a8                dbg_spin_deg
 .bss.dbg_duty_r
                0x200001ac        0x2 build/drive.o
                0x200001ac                dbg_duty_r
 .bss.dbg_duty_l
                0x200001ae        0x2 build/drive.o
                0x200001ae                dbg_duty_l
 .bss.dbg_steer
                0x200001b0        0x4 build/drive.o
                0x200001b0                dbg_steer
 .bss.dbg_steer_mode
                0x200001b4        0x1 build/drive.o
                0x200001b4                dbg_steer_mode
 .bss.dbg_state
                0x200001b5        0x1 build/drive.o
                0x200001b5                dbg_state
 *fill*         0x200001b6        0x2 
 .bss.s_waiter  0x200001b8        0x4 build/ultra.o
 .bss.meas_valid
                0x200001bc        0x3 build/ultra.o
 *fill*         0x200001bf        0x1 
 .bss.distance  0x200001c0        0x6 build/ultra.o
 *fill*         0x200001c6        0x2 
 .bss.captureFlag
                0x200001c8        0x3 build/ultra.o
 *fill*         0x200001cb        0x1 
 .bss.echoTime  0x200001cc        0x6 build/ultra.o
 *fill*         0x200001d2        0x2 
 .bss.IC_Value2
                0x200001d4        0x6 build/ultra.o
 *fill*         0x200001da        0x2 
 .bss.IC_Value1
                0x200001dc        0x6 build/ultra.o
 *fill*         0x200001e2        0x2 
 .bss.uwTick    0x200001e4        0x4 build/stm32f4xx_hal.o
                0x200001e4                uwTick
 .bss.hi2c1     0x200001e8       0x54 build/i2c.o
                0x200001e8                hi2c1
 .bss.hiwdg     0x2000023c        0xc build/iwdg.o
                0x2000023c                hiwdg
 .bss.t_calib.0
                0x20000248        0x4 build/freertos.o
 .bss.t_imu_retry.1
                0x2000024c        0x4 build/freertos.o
 .bss.imu_fail.2
                0x20000250        0x1 build/freertos.o
 *fill*         0x20000251        0x3 
 .bss.imu.3     0x20000254        0xc build/freertos.o
 .bss.front_miss.4
                0x20000260        0x1 build/freertos.o
 *fill*         0x20000261        0x3 
 .bss.t_loop.5  0x20000264        0x4 build/freertos.o
 .bss.imu_live.6
                0x20000268        0x1 build/freertos.o
 *fill*         0x20000269        0x3 
 .bss.hist.7    0x2000026c       0x1e build/freertos.o
 *fill*         0x2000028a        0x2 
 .bss.SensorTaskHandle
                0x2000028c        0x4 build/freertos.o
                0x2000028c                SensorTaskHandle
 .bss.MotorTaskHandle
                0x20000290        0x4 build/freertos.o
                0x20000290                MotorTaskHandle
 .bss.dbg_hw_motor
                0x20000294        0x4 build/freertos.o
                0x20000294                dbg_hw_motor
 .bss.dbg_hw_sensor
                0x20000298        0x4 build/freertos.o
                0x20000298                dbg_hw_sensor
 .bss.dbg_q_timeout
                0x2000029c        0x4 build/freertos.o
                0x2000029c                dbg_q_timeout
 .bss.dbg_q_drop
                0x200002a0        0x4 build/freertos.o
                0x200002a0                dbg_q_drop
 .bss.dbg_imu_evt
                0x200002a4        0x4 build/freertos.o
                0x200002a4                dbg_imu_evt
 .bss.dbg_imu_calib
                0x200002a8        0x1 build/freertos.o
                0x200002a8                dbg_imu_calib
 .bss.dbg_imu_live
                0x200002a9        0x1 build/freertos.o
                0x200002a9                dbg_imu_live
 .bss.dbg_imu_ok
                0x200002aa        0x1 build/freertos.o
                0x200002aa                dbg_imu_ok
 *fill*         0x200002ab        0x1 
 .bss.dbg_pitch
                0x200002ac        0x4 build/freertos.o
                0x200002ac                dbg_pitch
 .bss.dbg_roll  0x200002b0        0x4 build/freertos.o
                0x200002b0                dbg_roll
 .bss.dbg_heading
                0x200002b4        0x4 build/freertos.o
                0x200002b4                dbg_heading
 .bss.dbg_loop_ms
                0x200002b8        0x4 build/freertos.o
                0x200002b8                dbg_loop_ms
 .bss.dbg_front_miss
                0x200002bc        0x1 build/freertos.o
                0x200002bc                dbg_front_miss
 *fill*         0x200002bd        0x1 
 .bss.dbg_right
                0x200002be        0x2 build/freertos.o
                0x200002be                dbg_right
 .bss.dbg_left  0x200002c0        0x2 build/freertos.o
                0x200002c0                dbg_left
 .bss.dbg_front
                0x200002c2        0x2 build/freertos.o
                0x200002c2                dbg_front
 .bss.driveQ    0x200002c4        0x4 build/freertos.o
 .bss.xQueueRegistry
                0x200002c8       0x40 build/queue.o
                0x200002c8                xQueueRegistry
 .bss.uxSchedulerSuspended
                0x20000308        0x4 build/tasks.o
 .bss.xIdleTaskHandle
                0x2000030c        0x4 build/tasks.o
 .bss.xNextTaskUnblockTime
                0x20000310        0x4 build/tasks.o
 .bss.uxTaskNumber
                0x20000314        0x4 build/tasks.o
 .bss.xNumOfOverflows
                0x20000318        0x4 build/tasks.o
 .bss.xYieldPending
                0x2000031c        0x4 build/tasks.o
 .bss.xPendedTicks
                0x20000320        0x4 build/tasks.o
 .bss.xSchedulerRunning
                0x20000324        0x4 build/tasks.o
 .bss.uxTopReadyPriority
                0x20000328        0x4 build/tasks.o
 .bss.xTickCount
                0x2000032c        0x4 build/tasks.o
 .bss.uxCurrentNumberOfTasks
                0x20000330        0x4 build/tasks.o
 .bss.xSuspendedTaskList
                0x20000334       0x14 build/tasks.o
 .bss.uxDeletedTasksWaitingCleanUp
                0x20000348        0x4 build/tasks.o
 .bss.xTasksWaitingTermination
                0x2000034c       0x14 build/tasks.o
 .bss.xPendingReadyList
                0x20000360       0x14 build/tasks.o
 .bss.pxOverflowDelayedTaskList
                0x20000374        0x4 build/tasks.o
 .bss.pxDelayedTaskList
                0x20000378        0x4 build/tasks.o
 .bss.xDelayedTaskList2
                0x2000037c       0x14 build/tasks.o
 .bss.xDelayedTaskList1
                0x20000390       0x14 build/tasks.o
 .bss.pxReadyTasksLists
                0x200003a4      0x460 build/tasks.o
 .bss.pxCurrentTCB
                0x20000804        0x4 build/tasks.o
                0x20000804                pxCurrentTCB
 .bss.xStaticTimerQueue.0
                0x20000808       0x50 build/timers.o
 .bss.ucStaticTimerQueueStorage.1
                0x20000858       0xa0 build/timers.o
 .bss.xLastTime.2
                0x200008f8        0x4 build/timers.o
 .bss.xTimerTaskHandle
                0x200008fc        0x4 build/timers.o
 .bss.xTimerQueue
                0x20000900        0x4 build/timers.o
 .bss.pxOverflowTimerList
                0x20000904        0x4 build/timers.o
 .bss.pxCurrentTimerList
                0x20000908        0x4 build/timers.o
 .bss.xActiveTimerList2
                0x2000090c       0x14 build/timers.o
 .bss.xActiveTimerList1
                0x20000920       0x14 build/timers.o
 .bss.Timer_Stack.0
                0x20000934      0x400 build/cmsis_os2.o
 *fill*         0x20000d34        0x4 
 .bss.Timer_TCB.1
                0x20000d38      0x180 build/cmsis_os2.o
 .bss.Idle_Stack.2
                0x20000eb8      0x200 build/cmsis_os2.o
 .bss.Idle_TCB.3
                0x200010b8      0x180 build/cmsis_os2.o
 .bss.KernelState
                0x20001238        0x4 build/cmsis_os2.o
 .bss.xBlockAllocatedBit
                0x2000123c        0x4 build/heap_4.o
 .bss.xNumberOfSuccessfulFrees
                0x20001240        0x4 build/heap_4.o
 .bss.xNumberOfSuccessfulAllocations
                0x20001244        0x4 build/heap_4.o
 .bss.xMinimumEverFreeBytesRemaining
                0x20001248        0x4 build/heap_4.o
 .bss.xFreeBytesRemaining
                0x2000124c        0x4 build/heap_4.o
 .bss.pxEnd     0x20001250        0x4 build/heap_4.o
 .bss.xStart    0x20001254        0x8 build/heap_4.o
 .bss.ucHeap    0x2000125c     0x3c00 build/heap_4.o
 .bss.ulMaxPRIGROUPValue
                0x20004e5c        0x4 build/port.o
 .bss.ucMaxSysCallPriority
                0x20004e60        0x1 build/port.o
 *fill*         0x20004e61        0x3 
 .bss.__sf      0x20004e64      0x138 C:/ST/STM32CubeIDE_2.1.0/STM32CubeIDE/plugins/com.st.stm32cube.ide.mcu.externaltools.gnu-tools-for-stm32.14.3.rel1.win32_1.0.100.202602081740/tools/bin/../lib/gcc/arm-none-eabi/14.3.1/../../../../arm-none-eabi/lib/thumb/v7e-m+fp/hard\libc_nano.a(libc_a-findfp.o)
                0x20004e64                __sf
 .bss.__lock___malloc_recursive_mutex
                0x20004f9c        0x1 C:/ST/STM32CubeIDE_2.1.0/STM32CubeIDE/plugins/com.st.stm32cube.ide.mcu.externaltools.gnu-tools-for-stm32.14.3.rel1.win32_1.0.100.202602081740/tools/bin/../lib/gcc/arm-none-eabi/14.3.1/../../../../arm-none-eabi/lib/thumb/v7e-m+fp/hard\libc_nano.a(libc_a-lock.o)
                0x20004f9c                __lock___malloc_recursive_mutex
 *fill*         0x20004f9d        0x3 
 .bss.__malloc_free_list
                0x20004fa0        0x4 C:/ST/STM32CubeIDE_2.1.0/STM32CubeIDE/plugins/com.st.stm32cube.ide.mcu.externaltools.gnu-tools-for-stm32.14.3.rel1.win32_1.0.100.202602081740/tools/bin/../lib/gcc/arm-none-eabi/14.3.1/../../../../arm-none-eabi/lib/thumb/v7e-m+fp/hard\libc_nano.a(libc_a-mallocr.o)
                0x20004fa0                __malloc_free_list
 *(COMMON)
                0x20004fa4                        . = ALIGN (0x4)
                0x20004fa4                        _ebss = .
                0x20004fa4                        __bss_end__ = _ebss

._user_heap_stack
                0x20004fa4      0x604 load address 0x08006a14
                0x20004fa8                        . = ALIGN (0x8)
 *fill*         0x20004fa4        0x4 
                [!provide]                        PROVIDE (end = .)
                0x20004fa8                        PROVIDE (_end = .)
                0x200051a8                        . = (. + _Min_Heap_Size)
 *fill*         0x20004fa8      0x200 
                0x200055a8                        . = (. + _Min_Stack_Size)
 *fill*         0x200051a8      0x400 
                0x200055a8                        . = ALIGN (0x8)

/DISCARD/
 libc.a(*)
 libm.a(*)
 libgcc.a(*)
OUTPUT(build/PR_CAR.elf elf32-littlearm)
LOAD linker stubs
LOAD C:/ST/STM32CubeIDE_2.1.0/STM32CubeIDE/plugins/com.st.stm32cube.ide.mcu.externaltools.gnu-tools-for-stm32.14.3.rel1.win32_1.0.100.202602081740/tools/bin/../lib/gcc/arm-none-eabi/14.3.1/../../../../arm-none-eabi/lib/thumb/v7e-m+fp/hard\libc.a
LOAD C:/ST/STM32CubeIDE_2.1.0/STM32CubeIDE/plugins/com.st.stm32cube.ide.mcu.externaltools.gnu-tools-for-stm32.14.3.rel1.win32_1.0.100.202602081740/tools/bin/../lib/gcc/arm-none-eabi/14.3.1/../../../../arm-none-eabi/lib/thumb/v7e-m+fp/hard\libm.a
LOAD C:/ST/STM32CubeIDE_2.1.0/STM32CubeIDE/plugins/com.st.stm32cube.ide.mcu.externaltools.gnu-tools-for-stm32.14.3.rel1.win32_1.0.100.202602081740/tools/bin/../lib/gcc/arm-none-eabi/14.3.1/thumb/v7e-m+fp/hard\libgcc.a

.ARM.attributes
                0x00000000       0x30
 .ARM.attributes
                0x00000000       0x22 C:/ST/STM32CubeIDE_2.1.0/STM32CubeIDE/plugins/com.st.stm32cube.ide.mcu.externaltools.gnu-tools-for-stm32.14.3.rel1.win32_1.0.100.202602081740/tools/bin/../lib/gcc/arm-none-eabi/14.3.1/thumb/v7e-m+fp/hard/crti.o
 .ARM.attributes
                0x00000022       0x34 C:/ST/STM32CubeIDE_2.1.0/STM32CubeIDE/plugins/com.st.stm32cube.ide.mcu.externaltools.gnu-tools-for-stm32.14.3.rel1.win32_1.0.100.202602081740/tools/bin/../lib/gcc/arm-none-eabi/14.3.1/thumb/v7e-m+fp/hard/crtbegin.o
 .ARM.attributes
                0x00000056       0x34 build/main.o
 .ARM.attributes
                0x0000008a       0x34 build/gpio.o
 .ARM.attributes
                0x000000be       0x34 build/tim.o
 .ARM.attributes
                0x000000f2       0x34 build/delay.o
 .ARM.attributes
                0x00000126       0x34 build/motor.o
 .ARM.attributes
                0x0000015a       0x34 build/bno055.o
 .ARM.attributes
                0x0000018e       0x34 build/drive.o
 .ARM.attributes
                0x000001c2       0x34 build/ultra.o
 .ARM.attributes
                0x000001f6       0x34 build/stm32f4xx_it.o
 .ARM.attributes
                0x0000022a       0x34 build/stm32f4xx_hal_msp.o
 .ARM.attributes
                0x0000025e       0x34 build/stm32f4xx_hal_tim.o
 .ARM.attributes
                0x00000292       0x34 build/stm32f4xx_hal_tim_ex.o
 .ARM.attributes
                0x000002c6       0x34 build/stm32f4xx_hal_rcc.o
 .ARM.attributes
                0x000002fa       0x34 build/stm32f4xx_hal_gpio.o
 .ARM.attributes
                0x0000032e       0x34 build/stm32f4xx_hal_cortex.o
 .ARM.attributes
                0x00000362       0x34 build/stm32f4xx_hal.o
 .ARM.attributes
                0x00000396       0x34 build/system_stm32f4xx.o
 .ARM.attributes
                0x000003ca       0x34 build/i2c.o
 .ARM.attributes
                0x000003fe       0x34 build/iwdg.o
 .ARM.attributes
                0x00000432       0x34 build/stm32f4xx_hal_i2c.o
 .ARM.attributes
                0x00000466       0x34 build/stm32f4xx_hal_iwdg.o
 .ARM.attributes
                0x0000049a       0x34 build/freertos.o
 .ARM.attributes
                0x000004ce       0x34 build/list.o
 .ARM.attributes
                0x00000502       0x34 build/queue.o
 .ARM.attributes
                0x00000536       0x34 build/tasks.o
 .ARM.attributes
                0x0000056a       0x34 build/timers.o
 .ARM.attributes
                0x0000059e       0x34 build/cmsis_os2.o
 .ARM.attributes
                0x000005d2       0x34 build/heap_4.o
 .ARM.attributes
                0x00000606       0x34 build/port.o
 .ARM.attributes
                0x0000063a       0x21 build/startup_stm32f411xe.o
 .ARM.attributes
                0x0000065b       0x34 C:/ST/STM32CubeIDE_2.1.0/STM32CubeIDE/plugins/com.st.stm32cube.ide.mcu.externaltools.gnu-tools-for-stm32.14.3.rel1.win32_1.0.100.202602081740/tools/bin/../lib/gcc/arm-none-eabi/14.3.1/../../../../arm-none-eabi/lib/thumb/v7e-m+fp/hard\libc_nano.a(libc_a-findfp.o)
 .ARM.attributes
                0x0000068f       0x34 C:/ST/STM32CubeIDE_2.1.0/STM32CubeIDE/plugins/com.st.stm32cube.ide.mcu.externaltools.gnu-tools-for-stm32.14.3.rel1.win32_1.0.100.202602081740/tools/bin/../lib/gcc/arm-none-eabi/14.3.1/../../../../arm-none-eabi/lib/thumb/v7e-m+fp/hard\libc_nano.a(libc_a-memset.o)
 .ARM.attributes
                0x000006c3       0x34 C:/ST/STM32CubeIDE_2.1.0/STM32CubeIDE/plugins/com.st.stm32cube.ide.mcu.externaltools.gnu-tools-for-stm32.14.3.rel1.win32_1.0.100.202602081740/tools/bin/../lib/gcc/arm-none-eabi/14.3.1/../../../../arm-none-eabi/lib/thumb/v7e-m+fp/hard\libc_nano.a(libc_a-reent.o)
 .ARM.attributes
                0x000006f7       0x34 C:/ST/STM32CubeIDE_2.1.0/STM32CubeIDE/plugins/com.st.stm32cube.ide.mcu.externaltools.gnu-tools-for-stm32.14.3.rel1.win32_1.0.100.202602081740/tools/bin/../lib/gcc/arm-none-eabi/14.3.1/../../../../arm-none-eabi/lib/thumb/v7e-m+fp/hard\libc_nano.a(libc_a-impure.o)
 .ARM.attributes
                0x0000072b       0x34 C:/ST/STM32CubeIDE_2.1.0/STM32CubeIDE/plugins/com.st.stm32cube.ide.mcu.externaltools.gnu-tools-for-stm32.14.3.rel1.win32_1.0.100.202602081740/tools/bin/../lib/gcc/arm-none-eabi/14.3.1/../../../../arm-none-eabi/lib/thumb/v7e-m+fp/hard\libc_nano.a(libc_a-init.o)
 .ARM.attributes
                0x0000075f       0x34 C:/ST/STM32CubeIDE_2.1.0/STM32CubeIDE/plugins/com.st.stm32cube.ide.mcu.externaltools.gnu-tools-for-stm32.14.3.rel1.win32_1.0.100.202602081740/tools/bin/../lib/gcc/arm-none-eabi/14.3.1/../../../../arm-none-eabi/lib/thumb/v7e-m+fp/hard\libc_nano.a(libc_a-lock.o)
 .ARM.attributes
                0x00000793       0x34 C:/ST/STM32CubeIDE_2.1.0/STM32CubeIDE/plugins/com.st.stm32cube.ide.mcu.externaltools.gnu-tools-for-stm32.14.3.rel1.win32_1.0.100.202602081740/tools/bin/../lib/gcc/arm-none-eabi/14.3.1/../../../../arm-none-eabi/lib/thumb/v7e-m+fp/hard\libc_nano.a(libc_a-memcpy-stub.o)
 .ARM.attributes
                0x000007c7       0x34 C:/ST/STM32CubeIDE_2.1.0/STM32CubeIDE/plugins/com.st.stm32cube.ide.mcu.externaltools.gnu-tools-for-stm32.14.3.rel1.win32_1.0.100.202602081740/tools/bin/../lib/gcc/arm-none-eabi/14.3.1/../../../../arm-none-eabi/lib/thumb/v7e-m+fp/hard\libc_nano.a(libc_a-freer.o)
 .ARM.attributes
                0x000007fb       0x34 C:/ST/STM32CubeIDE_2.1.0/STM32CubeIDE/plugins/com.st.stm32cube.ide.mcu.externaltools.gnu-tools-for-stm32.14.3.rel1.win32_1.0.100.202602081740/tools/bin/../lib/gcc/arm-none-eabi/14.3.1/../../../../arm-none-eabi/lib/thumb/v7e-m+fp/hard\libc_nano.a(libc_a-mallocr.o)
 .ARM.attributes
                0x0000082f       0x34 C:/ST/STM32CubeIDE_2.1.0/STM32CubeIDE/plugins/com.st.stm32cube.ide.mcu.externaltools.gnu-tools-for-stm32.14.3.rel1.win32_1.0.100.202602081740/tools/bin/../lib/gcc/arm-none-eabi/14.3.1/../../../../arm-none-eabi/lib/thumb/v7e-m+fp/hard\libc_nano.a(libc_a-mlock.o)
 .ARM.attributes
                0x00000863       0x22 C:/ST/STM32CubeIDE_2.1.0/STM32CubeIDE/plugins/com.st.stm32cube.ide.mcu.externaltools.gnu-tools-for-stm32.14.3.rel1.win32_1.0.100.202602081740/tools/bin/../lib/gcc/arm-none-eabi/14.3.1/thumb/v7e-m+fp/hard\libgcc.a(_aeabi_uldivmod.o)
 .ARM.attributes
                0x00000885       0x34 C:/ST/STM32CubeIDE_2.1.0/STM32CubeIDE/plugins/com.st.stm32cube.ide.mcu.externaltools.gnu-tools-for-stm32.14.3.rel1.win32_1.0.100.202602081740/tools/bin/../lib/gcc/arm-none-eabi/14.3.1/thumb/v7e-m+fp/hard\libgcc.a(_udivmoddi4.o)
 .ARM.attributes
                0x000008b9       0x22 C:/ST/STM32CubeIDE_2.1.0/STM32CubeIDE/plugins/com.st.stm32cube.ide.mcu.externaltools.gnu-tools-for-stm32.14.3.rel1.win32_1.0.100.202602081740/tools/bin/../lib/gcc/arm-none-eabi/14.3.1/thumb/v7e-m+fp/hard\libgcc.a(_dvmd_tls.o)
 .ARM.attributes
                0x000008db       0x22 C:/ST/STM32CubeIDE_2.1.0/STM32CubeIDE/plugins/com.st.stm32cube.ide.mcu.externaltools.gnu-tools-for-stm32.14.3.rel1.win32_1.0.100.202602081740/tools/bin/../lib/gcc/arm-none-eabi/14.3.1/thumb/v7e-m+fp/hard/crtn.o

.comment        0x00000000       0x43
 .comment       0x00000000       0x43 build/main.o
                                 0x44 (size before relaxing)
 .comment       0x00000043       0x44 build/gpio.o
 .comment       0x00000043       0x44 build/tim.o
 .comment       0x00000043       0x44 build/delay.o
 .comment       0x00000043       0x44 build/motor.o
 .comment       0x00000043       0x44 build/bno055.o
 .comment       0x00000043       0x44 build/drive.o
 .comment       0x00000043       0x44 build/ultra.o
 .comment       0x00000043       0x44 build/stm32f4xx_it.o
 .comment       0x00000043       0x44 build/stm32f4xx_hal_msp.o
 .comment       0x00000043       0x44 build/stm32f4xx_hal_tim.o
 .comment       0x00000043       0x44 build/stm32f4xx_hal_tim_ex.o
 .comment       0x00000043       0x44 build/stm32f4xx_hal_rcc.o
 .comment       0x00000043       0x44 build/stm32f4xx_hal_gpio.o
 .comment       0x00000043       0x44 build/stm32f4xx_hal_cortex.o
 .comment       0x00000043       0x44 build/stm32f4xx_hal.o
 .comment       0x00000043       0x44 build/system_stm32f4xx.o
 .comment       0x00000043       0x44 build/i2c.o
 .comment       0x00000043       0x44 build/iwdg.o
 .comment       0x00000043       0x44 build/stm32f4xx_hal_i2c.o
 .comment       0x00000043       0x44 build/stm32f4xx_hal_iwdg.o
 .comment       0x00000043       0x44 build/freertos.o
 .comment       0x00000043       0x44 build/list.o
 .comment       0x00000043       0x44 build/queue.o
 .comment       0x00000043       0x44 build/tasks.o
 .comment       0x00000043       0x44 build/timers.o
 .comment       0x00000043       0x44 build/cmsis_os2.o
 .comment       0x00000043       0x44 build/heap_4.o
 .comment       0x00000043       0x44 build/port.o

.debug_info     0x00000000    0x25f1a
 .debug_info    0x00000000      0xe5e build/main.o
 .debug_info    0x00000e5e      0x7a4 build/gpio.o
 .debug_info    0x00001602     0x1475 build/tim.o
 .debug_info    0x00002a77      0x724 build/delay.o
 .debug_info    0x0000319b      0xf4a build/motor.o
 .debug_info    0x000040e5      0xee9 build/bno055.o
 .debug_info    0x00004fce      0xdcd build/drive.o
 .debug_info    0x00005d9b      0xf2d build/ultra.o
 .debug_info    0x00006cc8      0x8c7 build/stm32f4xx_it.o
 .debug_info    0x0000758f      0x500 build/stm32f4xx_hal_msp.o
 .debug_info    0x00007a8f     0x419c build/stm32f4xx_hal_tim.o
 .debug_info    0x0000bc2b     0x1d93 build/stm32f4xx_hal_tim_ex.o
 .debug_info    0x0000d9be      0xc51 build/stm32f4xx_hal_rcc.o
 .debug_info    0x0000e60f      0x876 build/stm32f4xx_hal_gpio.o
 .debug_info    0x0000ee85     0x1154 build/stm32f4xx_hal_cortex.o
 .debug_info    0x0000ffd9      0xa95 build/stm32f4xx_hal.o
 .debug_info    0x00010a6e      0x5e9 build/system_stm32f4xx.o
 .debug_info    0x00011057      0xbc2 build/i2c.o
 .debug_info    0x00011c19      0x20c build/iwdg.o
 .debug_info    0x00011e25     0x3c1c build/stm32f4xx_hal_i2c.o
 .debug_info    0x00015a41      0x22c build/stm32f4xx_hal_iwdg.o
 .debug_info    0x00015c6d      0xe78 build/freertos.o
 .debug_info    0x00016ae5      0x313 build/list.o
 .debug_info    0x00016df8     0x2a4c build/queue.o
 .debug_info    0x00019844     0x3bc9 build/tasks.o
 .debug_info    0x0001d40d     0x24a4 build/timers.o
 .debug_info    0x0001f8b1     0x5a63 build/cmsis_os2.o
 .debug_info    0x00025314      0x610 build/heap_4.o
 .debug_info    0x00025924      0x5c6 build/port.o
 .debug_info    0x00025eea       0x30 build/startup_stm32f411xe.o

.debug_abbrev   0x00000000     0x4b43
 .debug_abbrev  0x00000000      0x25b build/main.o
 .debug_abbrev  0x0000025b      0x181 build/gpio.o
 .debug_abbrev  0x000003dc      0x273 build/tim.o
 .debug_abbrev  0x0000064f      0x166 build/delay.o
 .debug_abbrev  0x000007b5      0x238 build/motor.o
 .debug_abbrev  0x000009ed      0x259 build/bno055.o
 .debug_abbrev  0x00000c46      0x2d2 build/drive.o
 .debug_abbrev  0x00000f18      0x2c3 build/ultra.o
 .debug_abbrev  0x000011db      0x1ff build/stm32f4xx_it.o
 .debug_abbrev  0x000013da      0x125 build/stm32f4xx_hal_msp.o
 .debug_abbrev  0x000014ff      0x2d1 build/stm32f4xx_hal_tim.o
 .debug_abbrev  0x000017d0      0x2cb build/stm32f4xx_hal_tim_ex.o
 .debug_abbrev  0x00001a9b      0x2e1 build/stm32f4xx_hal_rcc.o
 .debug_abbrev  0x00001d7c      0x22e build/stm32f4xx_hal_gpio.o
 .debug_abbrev  0x00001faa      0x3cd build/stm32f4xx_hal_cortex.o
 .debug_abbrev  0x00002377      0x278 build/stm32f4xx_hal.o
 .debug_abbrev  0x000025ef      0x11e build/system_stm32f4xx.o
 .debug_abbrev  0x0000270d      0x20b build/i2c.o
 .debug_abbrev  0x00002918      0x14a build/iwdg.o
 .debug_abbrev  0x00002a62      0x33c build/stm32f4xx_hal_i2c.o
 .debug_abbrev  0x00002d9e      0x13b build/stm32f4xx_hal_iwdg.o
 .debug_abbrev  0x00002ed9      0x2fe build/freertos.o
 .debug_abbrev  0x000031d7      0x127 build/list.o
 .debug_abbrev  0x000032fe      0x434 build/queue.o
 .debug_abbrev  0x00003732      0x4b8 build/tasks.o
 .debug_abbrev  0x00003bea      0x411 build/timers.o
 .debug_abbrev  0x00003ffb      0x5fc build/cmsis_os2.o
 .debug_abbrev  0x000045f7      0x27d build/heap_4.o
 .debug_abbrev  0x00004874      0x2b2 build/port.o
 .debug_abbrev  0x00004b26       0x1d build/startup_stm32f411xe.o

.debug_loc      0x00000000    0x1e5c8
 .debug_loc     0x00000000       0x86 build/main.o
 .debug_loc     0x00000086       0x38 build/gpio.o
 .debug_loc     0x000000be      0x256 build/tim.o
 .debug_loc     0x00000314      0x496 build/motor.o
 .debug_loc     0x000007aa      0x3bd build/bno055.o
 .debug_loc     0x00000b67      0xca4 build/drive.o
 .debug_loc     0x0000180b      0x4e3 build/ultra.o
 .debug_loc     0x00001cee      0x100 build/stm32f4xx_it.o
 .debug_loc     0x00001dee       0x38 build/stm32f4xx_hal_msp.o
 .debug_loc     0x00001e26     0x6154 build/stm32f4xx_hal_tim.o
 .debug_loc     0x00007f7a     0x22c1 build/stm32f4xx_hal_tim_ex.o
 .debug_loc     0x0000a23b      0x712 build/stm32f4xx_hal_rcc.o
 .debug_loc     0x0000a94d      0x60b build/stm32f4xx_hal_gpio.o
 .debug_loc     0x0000af58      0x8ff build/stm32f4xx_hal_cortex.o
 .debug_loc     0x0000b857      0x1f9 build/stm32f4xx_hal.o
 .debug_loc     0x0000ba50       0xb0 build/system_stm32f4xx.o
 .debug_loc     0x0000bb00       0xfd build/i2c.o
 .debug_loc     0x0000bbfd       0x20 build/iwdg.o
 .debug_loc     0x0000bc1d     0x544e build/stm32f4xx_hal_i2c.o
 .debug_loc     0x0001106b       0xbe build/stm32f4xx_hal_iwdg.o
 .debug_loc     0x00011129      0x285 build/freertos.o
 .debug_loc     0x000113ae       0xeb build/list.o
 .debug_loc     0x00011499     0x212d build/queue.o
 .debug_loc     0x000135c6     0x2c6c build/tasks.o
 .debug_loc     0x00016232     0x170b build/timers.o
 .debug_loc     0x0001793d     0x65c1 build/cmsis_os2.o
 .debug_loc     0x0001defe      0x504 build/heap_4.o
 .debug_loc     0x0001e402      0x1c6 build/port.o

.debug_aranges  0x00000000     0x16b0
 .debug_aranges
                0x00000000       0x30 build/main.o
 .debug_aranges
                0x00000030       0x20 build/gpio.o
 .debug_aranges
                0x00000050       0x48 build/tim.o
 .debug_aranges
                0x00000098       0x20 build/delay.o
 .debug_aranges
                0x000000b8       0x80 build/motor.o
 .debug_aranges
                0x00000138       0x50 build/bno055.o
 .debug_aranges
                0x00000188       0xc0 build/drive.o
 .debug_aranges
                0x00000248       0x40 build/ultra.o
 .debug_aranges
                0x00000288       0x60 build/stm32f4xx_it.o
 .debug_aranges
                0x000002e8       0x20 build/stm32f4xx_hal_msp.o
 .debug_aranges
                0x00000308      0x3d0 build/stm32f4xx_hal_tim.o
 .debug_aranges
                0x000006d8      0x168 build/stm32f4xx_hal_tim_ex.o
 .debug_aranges
                0x00000840       0x88 build/stm32f4xx_hal_rcc.o
 .debug_aranges
                0x000008c8       0x58 build/stm32f4xx_hal_gpio.o
 .debug_aranges
                0x00000920       0xf8 build/stm32f4xx_hal_cortex.o
 .debug_aranges
                0x00000a18       0xf0 build/stm32f4xx_hal.o
 .debug_aranges
                0x00000b08       0x28 build/system_stm32f4xx.o
 .debug_aranges
                0x00000b30       0x30 build/i2c.o
 .debug_aranges
                0x00000b60       0x20 build/iwdg.o
 .debug_aranges
                0x00000b80      0x2a8 build/stm32f4xx_hal_i2c.o
 .debug_aranges
                0x00000e28       0x28 build/stm32f4xx_hal_iwdg.o
 .debug_aranges
                0x00000e50       0x38 build/freertos.o
 .debug_aranges
                0x00000e88       0x40 build/list.o
 .debug_aranges
                0x00000ec8      0x158 build/queue.o
 .debug_aranges
                0x00001020      0x208 build/tasks.o
 .debug_aranges
                0x00001228       0xf0 build/timers.o
 .debug_aranges
                0x00001318      0x298 build/cmsis_os2.o
 .debug_aranges
                0x000015b0       0x58 build/heap_4.o
 .debug_aranges
                0x00001608       0x80 build/port.o
 .debug_aranges
                0x00001688       0x28 build/startup_stm32f411xe.o

.debug_ranges   0x00000000     0x1808
 .debug_ranges  0x00000000       0x20 build/main.o
 .debug_ranges  0x00000020       0x10 build/gpio.o
 .debug_ranges  0x00000030       0x38 build/tim.o
 .debug_ranges  0x00000068       0x10 build/delay.o
 .debug_ranges  0x00000078       0x70 build/motor.o
 .debug_ranges  0x000000e8       0x40 build/bno055.o
 .debug_ranges  0x00000128       0xf8 build/drive.o
 .debug_ranges  0x00000220       0x48 build/ultra.o
 .debug_ranges  0x00000268       0x50 build/stm32f4xx_it.o
 .debug_ranges  0x000002b8       0x10 build/stm32f4xx_hal_msp.o
 .debug_ranges  0x000002c8      0x3c0 build/stm32f4xx_hal_tim.o
 .debug_ranges  0x00000688      0x158 build/stm32f4xx_hal_tim_ex.o
 .debug_ranges  0x000007e0       0x90 build/stm32f4xx_hal_rcc.o
 .debug_ranges  0x00000870       0x48 build/stm32f4xx_hal_gpio.o
 .debug_ranges  0x000008b8       0xe8 build/stm32f4xx_hal_cortex.o
 .debug_ranges  0x000009a0       0xe0 build/stm32f4xx_hal.o
 .debug_ranges  0x00000a80       0x18 build/system_stm32f4xx.o
 .debug_ranges  0x00000a98       0x20 build/i2c.o
 .debug_ranges  0x00000ab8       0x10 build/iwdg.o
 .debug_ranges  0x00000ac8      0x2b0 build/stm32f4xx_hal_i2c.o
 .debug_ranges  0x00000d78       0x18 build/stm32f4xx_hal_iwdg.o
 .debug_ranges  0x00000d90       0xa0 build/freertos.o
 .debug_ranges  0x00000e30       0x30 build/list.o
 .debug_ranges  0x00000e60      0x218 build/queue.o
 .debug_ranges  0x00001078      0x338 build/tasks.o
 .debug_ranges  0x000013b0       0xe0 build/timers.o
 .debug_ranges  0x00001490      0x288 build/cmsis_os2.o
 .debug_ranges  0x00001718       0x48 build/heap_4.o
 .debug_ranges  0x00001760       0x88 build/port.o
 .debug_ranges  0x000017e8       0x20 build/startup_stm32f411xe.o

.debug_macro    0x00000000    0x1a246
 .debug_macro   0x00000000      0x37b build/main.o
 .debug_macro   0x0000037b      0xad2 build/main.o
 .debug_macro   0x00000e4d      0x2a1 build/main.o
 .debug_macro   0x000010ee       0x2e build/main.o
 .debug_macro   0x0000111c       0x28 build/main.o
 .debug_macro   0x00001144       0x22 build/main.o
 .debug_macro   0x00001166       0x8e build/main.o
 .debug_macro   0x000011f4       0x51 build/main.o
 .debug_macro   0x00001245      0x103 build/main.o
 .debug_macro   0x00001348       0x6a build/main.o
 .debug_macro   0x000013b2      0x1df build/main.o
 .debug_macro   0x00001591       0x1c build/main.o
 .debug_macro   0x000015ad       0x22 build/main.o
 .debug_macro   0x000015cf       0xfb build/main.o
 .debug_macro   0x000016ca     0x1011 build/main.o
 .debug_macro   0x000026db      0x11f build/main.o
 .debug_macro   0x000027fa     0xb968 build/main.o
 .debug_macro   0x0000e162       0x6d build/main.o
 .debug_macro   0x0000e1cf     0x3693 build/main.o
 .debug_macro   0x00011862      0x190 build/main.o
 .debug_macro   0x000119f2       0x5c build/main.o
 .debug_macro   0x00011a4e      0x45c build/main.o
 .debug_macro   0x00011eaa      0x9e9 build/main.o
 .debug_macro   0x00012893      0x115 build/main.o
 .debug_macro   0x000129a8      0x11b build/main.o
 .debug_macro   0x00012ac3       0xa5 build/main.o
 .debug_macro   0x00012b68      0x15f build/main.o
 .debug_macro   0x00012cc7      0x287 build/main.o
 .debug_macro   0x00012f4e       0x5f build/main.o
 .debug_macro   0x00012fad      0x236 build/main.o
 .debug_macro   0x000131e3      0x132 build/main.o
 .debug_macro   0x00013315      0x264 build/main.o
 .debug_macro   0x00013579       0x2e build/main.o
 .debug_macro   0x000135a7      0x1b5 build/main.o
 .debug_macro   0x0001375c       0x22 build/main.o
 .debug_macro   0x0001377e       0xd6 build/main.o
 .debug_macro   0x00013854       0x78 build/main.o
 .debug_macro   0x000138cc      0x127 build/main.o
 .debug_macro   0x000139f3       0x85 build/main.o
 .debug_macro   0x00013a78       0x89 build/main.o
 .debug_macro   0x00013b01      0x8ed build/main.o
 .debug_macro   0x000143ee       0x47 build/main.o
 .debug_macro   0x00014435      0x126 build/main.o
 .debug_macro   0x0001455b       0xb2 build/main.o
 .debug_macro   0x0001460d      0x170 build/main.o
 .debug_macro   0x0001477d      0x15a build/main.o
 .debug_macro   0x000148d7       0xc9 build/main.o
 .debug_macro   0x000149a0       0x1c build/main.o
 .debug_macro   0x000149bc       0x26 build/main.o
 .debug_macro   0x000149e2       0x74 build/main.o
 .debug_macro   0x00014a56       0x2a build/main.o
 .debug_macro   0x00014a80       0x3c build/main.o
 .debug_macro   0x00014abc       0x34 build/main.o
 .debug_macro   0x00014af0      0x364 build/main.o
 .debug_macro   0x00014e54       0x16 build/main.o
 .debug_macro   0x00014e6a       0x4a build/main.o
 .debug_macro   0x00014eb4       0x34 build/main.o
 .debug_macro   0x00014ee8       0x10 build/main.o
 .debug_macro   0x00014ef8       0x58 build/main.o
 .debug_macro   0x00014f50      0x1de build/main.o
 .debug_macro   0x0001512e       0x10 build/main.o
 .debug_macro   0x0001513e       0x3c build/main.o
 .debug_macro   0x0001517a      0x4bf build/main.o
 .debug_macro   0x00015639       0xb5 build/main.o
 .debug_macro   0x000156ee       0xaa build/main.o
 .debug_macro   0x00015798       0x66 build/main.o
 .debug_macro   0x000157fe       0x74 build/main.o
 .debug_macro   0x00015872       0xdd build/main.o
 .debug_macro   0x0001594f       0x22 build/main.o
 .debug_macro   0x00015971      0x112 build/main.o
 .debug_macro   0x00015a83      0x200 build/gpio.o
 .debug_macro   0x00015c83      0x200 build/tim.o
 .debug_macro   0x00015e83      0x20e build/delay.o
 .debug_macro   0x00016091      0x210 build/motor.o
 .debug_macro   0x000162a1      0x28d build/bno055.o
 .debug_macro   0x0001652e      0x2ff build/drive.o
 .debug_macro   0x0001682d      0x10c build/drive.o
 .debug_macro   0x00016939      0x19b build/drive.o
 .debug_macro   0x00016ad4      0x351 build/ultra.o
 .debug_macro   0x00016e25      0x170 build/ultra.o
 .debug_macro   0x00016f95       0x10 build/ultra.o
 .debug_macro   0x00016fa5       0xf5 build/ultra.o
 .debug_macro   0x0001709a       0x56 build/ultra.o
 .debug_macro   0x000170f0      0x313 build/stm32f4xx_it.o
 .debug_macro   0x00017403      0x1f6 build/stm32f4xx_hal_msp.o
 .debug_macro   0x000175f9      0x1e8 build/stm32f4xx_hal_tim.o
 .debug_macro   0x000177e1      0x1e7 build/stm32f4xx_hal_tim_ex.o
 .debug_macro   0x000179c8      0x20b build/stm32f4xx_hal_rcc.o
 .debug_macro   0x00017bd3      0x1ed build/stm32f4xx_hal_gpio.o
 .debug_macro   0x00017dc0      0x1e7 build/stm32f4xx_hal_cortex.o
 .debug_macro   0x00017fa7      0x247 build/stm32f4xx_hal.o
 .debug_macro   0x000181ee      0x1e7 build/system_stm32f4xx.o
 .debug_macro   0x000183d5      0x200 build/i2c.o
 .debug_macro   0x000185d5      0x200 build/iwdg.o
 .debug_macro   0x000187d5      0x235 build/stm32f4xx_hal_i2c.o
 .debug_macro   0x00018a0a      0x1f3 build/stm32f4xx_hal_iwdg.o
 .debug_macro   0x00018bfd      0x367 build/freertos.o
 .debug_macro   0x00018f64       0x6c build/freertos.o
 .debug_macro   0x00018fd0      0x18a build/list.o
 .debug_macro   0x0001915a      0x219 build/queue.o
 .debug_macro   0x00019373       0x16 build/queue.o
 .debug_macro   0x00019389       0x20 build/queue.o
 .debug_macro   0x000193a9       0x87 build/queue.o
 .debug_macro   0x00019430      0x282 build/tasks.o
 .debug_macro   0x000196b2       0x10 build/tasks.o
 .debug_macro   0x000196c2      0x1df build/timers.o
 .debug_macro   0x000198a1       0x97 build/timers.o
 .debug_macro   0x00019938      0x3e1 build/cmsis_os2.o
 .debug_macro   0x00019d19       0x8d build/cmsis_os2.o
 .debug_macro   0x00019da6       0x9a build/cmsis_os2.o
 .debug_macro   0x00019e40       0x22 build/cmsis_os2.o
 .debug_macro   0x00019e62      0x1b1 build/heap_4.o
 .debug_macro   0x0001a013      0x233 build/port.o

.debug_line     0x00000000    0x23737
 .debug_line    0x00000000      0xa96 build/main.o
 .debug_line    0x00000a96      0x7df build/gpio.o
 .debug_line    0x00001275      0xb0e build/tim.o
 .debug_line    0x00001d83      0x785 build/delay.o
 .debug_line    0x00002508      0x9bd build/motor.o
 .debug_line    0x00002ec5      0x9ec build/bno055.o
 .debug_line    0x000038b1     0x1139 build/drive.o
 .debug_line    0x000049ea      0xdc2 build/ultra.o
 .debug_line    0x000057ac      0x9d3 build/stm32f4xx_it.o
 .debug_line    0x0000617f      0x775 build/stm32f4xx_hal_msp.o
 .debug_line    0x000068f4     0x4b27 build/stm32f4xx_hal_tim.o
 .debug_line    0x0000b41b     0x1f18 build/stm32f4xx_hal_tim_ex.o
 .debug_line    0x0000d333     0x111c build/stm32f4xx_hal_rcc.o
 .debug_line    0x0000e44f      0xc6e build/stm32f4xx_hal_gpio.o
 .debug_line    0x0000f0bd      0xdd0 build/stm32f4xx_hal_cortex.o
 .debug_line    0x0000fe8d      0xacf build/stm32f4xx_hal.o
 .debug_line    0x0001095c      0x827 build/system_stm32f4xx.o
 .debug_line    0x00011183      0x853 build/i2c.o
 .debug_line    0x000119d6      0x794 build/iwdg.o
 .debug_line    0x0001216a     0x5928 build/stm32f4xx_hal_i2c.o
 .debug_line    0x00017a92      0x812 build/stm32f4xx_hal_iwdg.o
 .debug_line    0x000182a4      0xdd2 build/freertos.o
 .debug_line    0x00019076      0x774 build/list.o
 .debug_line    0x000197ea     0x1e48 build/queue.o
 .debug_line    0x0001b632     0x29ee build/tasks.o
 .debug_line    0x0001e020     0x10ad build/timers.o
 .debug_line    0x0001f0cd     0x31cf build/cmsis_os2.o
 .debug_line    0x0002229c      0xa90 build/heap_4.o
 .debug_line    0x00022d2c      0x998 build/port.o
 .debug_line    0x000236c4       0x73 build/startup_stm32f411xe.o

.debug_str      0x00000000    0x99b6f
 .debug_str     0x00000000    0x99b6f build/main.o
                              0x8f475 (size before relaxing)
 .debug_str     0x00099b6f    0x87914 build/gpio.o
 .debug_str     0x00099b6f    0x880f2 build/tim.o
 .debug_str     0x00099b6f    0x878b2 build/delay.o
 .debug_str     0x00099b6f    0x87a4b build/motor.o
 .debug_str     0x00099b6f    0x87c05 build/bno055.o
 .debug_str     0x00099b6f    0x8ad94 build/drive.o
 .debug_str     0x00099b6f    0x8f234 build/ultra.o
 .debug_str     0x00099b6f    0x8e262 build/stm32f4xx_it.o
 .debug_str     0x00099b6f    0x87836 build/stm32f4xx_hal_msp.o
 .debug_str     0x00099b6f    0x885d2 build/stm32f4xx_hal_tim.o
 .debug_str     0x00099b6f    0x87dde build/stm32f4xx_hal_tim_ex.o
 .debug_str     0x00099b6f    0x8769f build/stm32f4xx_hal_rcc.o
 .debug_str     0x00099b6f    0x873d5 build/stm32f4xx_hal_gpio.o
 .debug_str     0x00099b6f    0x879f0 build/stm32f4xx_hal_cortex.o
 .debug_str     0x00099b6f    0x87c86 build/stm32f4xx_hal.o
 .debug_str     0x00099b6f    0x8725a build/system_stm32f4xx.o
 .debug_str     0x00099b6f    0x87a80 build/i2c.o
 .debug_str     0x00099b6f    0x87416 build/iwdg.o
 .debug_str     0x00099b6f    0x8826b build/stm32f4xx_hal_i2c.o
 .debug_str     0x00099b6f    0x871ff build/stm32f4xx_hal_iwdg.o
 .debug_str     0x00099b6f    0x8f446 build/freertos.o
 .debug_str     0x00099b6f     0xa539 build/list.o
 .debug_str     0x00099b6f     0xc08a build/queue.o
 .debug_str     0x00099b6f     0xce84 build/tasks.o
 .debug_str     0x00099b6f     0xc8ba build/timers.o
 .debug_str     0x00099b6f    0x91a2a build/cmsis_os2.o
 .debug_str     0x00099b6f     0xae7b build/heap_4.o
 .debug_str     0x00099b6f     0xb277 build/port.o
 .debug_str     0x00099b6f       0x4b build/startup_stm32f411xe.o

.debug_frame    0x00000000     0x44b0
 .debug_frame   0x00000000       0x64 build/main.o
 .debug_frame   0x00000064       0x38 build/gpio.o
 .debug_frame   0x0000009c       0xc4 build/tim.o
 .debug_frame   0x00000160       0x20 build/delay.o
 .debug_frame   0x00000180      0x140 build/motor.o
 .debug_frame   0x000002c0       0xe4 build/bno055.o
 .debug_frame   0x000003a4      0x21c build/drive.o
 .debug_frame   0x000005c0       0x98 build/ultra.o
 .debug_frame   0x00000658       0xe0 build/stm32f4xx_it.o
 .debug_frame   0x00000738       0x2c build/stm32f4xx_hal_msp.o
 .debug_frame   0x00000764      0xb14 build/stm32f4xx_hal_tim.o
 .debug_frame   0x00001278      0x40c build/stm32f4xx_hal_tim_ex.o
 .debug_frame   0x00001684      0x16c build/stm32f4xx_hal_rcc.o
 .debug_frame   0x000017f0       0xd8 build/stm32f4xx_hal_gpio.o
 .debug_frame   0x000018c8      0x214 build/stm32f4xx_hal_cortex.o
 .debug_frame   0x00001adc      0x1ec build/stm32f4xx_hal.o
 .debug_frame   0x00001cc8       0x30 build/system_stm32f4xx.o
 .debug_frame   0x00001cf8       0x64 build/i2c.o
 .debug_frame   0x00001d5c       0x28 build/iwdg.o
 .debug_frame   0x00001d84      0x984 build/stm32f4xx_hal_i2c.o
 .debug_frame   0x00002708       0x44 build/stm32f4xx_hal_iwdg.o
 .debug_frame   0x0000274c       0x74 build/freertos.o
 .debug_frame   0x000027c0       0x70 build/list.o
 .debug_frame   0x00002830      0x458 build/queue.o
 .debug_frame   0x00002c88      0x694 build/tasks.o
 .debug_frame   0x0000331c      0x30c build/timers.o
 .debug_frame   0x00003628      0x8f4 build/cmsis_os2.o
 .debug_frame   0x00003f1c       0xcc build/heap_4.o
 .debug_frame   0x00003fe8      0x110 build/port.o
 .debug_frame   0x000040f8      0x144 C:/ST/STM32CubeIDE_2.1.0/STM32CubeIDE/plugins/com.st.stm32cube.ide.mcu.externaltools.gnu-tools-for-stm32.14.3.rel1.win32_1.0.100.202602081740/tools/bin/../lib/gcc/arm-none-eabi/14.3.1/../../../../arm-none-eabi/lib/thumb/v7e-m+fp/hard\libc_nano.a(libc_a-findfp.o)
 .debug_frame   0x0000423c       0x20 C:/ST/STM32CubeIDE_2.1.0/STM32CubeIDE/plugins/com.st.stm32cube.ide.mcu.externaltools.gnu-tools-for-stm32.14.3.rel1.win32_1.0.100.202602081740/tools/bin/../lib/gcc/arm-none-eabi/14.3.1/../../../../arm-none-eabi/lib/thumb/v7e-m+fp/hard\libc_nano.a(libc_a-memset.o)
 .debug_frame   0x0000425c       0x38 C:/ST/STM32CubeIDE_2.1.0/STM32CubeIDE/plugins/com.st.stm32cube.ide.mcu.externaltools.gnu-tools-for-stm32.14.3.rel1.win32_1.0.100.202602081740/tools/bin/../lib/gcc/arm-none-eabi/14.3.1/../../../../arm-none-eabi/lib/thumb/v7e-m+fp/hard\libc_nano.a(libc_a-reent.o)