Archive member included to satisfy reference by file (symbol)

/usr/lib/gcc/arm-none-eabi/13.2.1/../../../arm-none-eabi/lib/thumb/v7e-m+fp/hard/libc_nano.a(libc_a-impure.o)
                              build/tasks.o (_impure_ptr)
/usr/lib/gcc/arm-none-eabi/13.2.1/../../../arm-none-eabi/lib/thumb/v7e-m+fp/hard/libc_nano.a(libc_a-init.o)
                              /usr/lib/gcc/arm-none-eabi/13.2.1/../../../arm-none-eabi/lib/thumb/v7e-m+fp/hard/crt0.o (__libc_init_array)
/usr/lib/gcc/arm-none-eabi/13.2.1/../../../arm-none-eabi/lib/thumb/v7e-m+fp/hard/libc_nano.a(libc_a-findfp.o)
                              build/tasks.o (__sf)
/usr/lib/gcc/arm-none-eabi/13.2.1/../../../arm-none-eabi/lib/thumb/v7e-m+fp/hard/libc_nano.a(libc_a-memset.o)
                              /usr/lib/gcc/arm-none-eabi/13.2.1/../../../arm-none-eabi/lib/thumb/v7e-m+fp/hard/crt0.o (memset)
/usr/lib/gcc/arm-none-eabi/13.2.1/../../../arm-none-eabi/lib/thumb/v7e-m+fp/hard/libc_nano.a(libc_a-fflush.o)
                              /usr/lib/gcc/arm-none-eabi/13.2.1/../../../arm-none-eabi/lib/thumb/v7e-m+fp/hard/libc_nano.a(libc_a-findfp.o) (_fflush_r)
/usr/lib/gcc/arm-none-eabi/13.2.1/../../../arm-none-eabi/lib/thumb/v7e-m+fp/hard/libc_nano.a(libc_a-errno.o)
                              build/sysmem.o (__errno)
/usr/lib/gcc/arm-none-eabi/13.2.1/../../../arm-none-eabi/lib/thumb/v7e-m+fp/hard/libc_nano.a(libc_a-mallocr.o)
                              /usr/lib/gcc/arm-none-eabi/13.2.1/../../../arm-none-eabi/lib/thumb/v7e-m+fp/hard/libc_nano.a(libc_a-findfp.o) (_malloc_r)
/usr/lib/gcc/arm-none-eabi/13.2.1/../../../arm-none-eabi/lib/thumb/v7e-m+fp/hard/libc_nano.a(libc_a-freer.o)
                              /usr/lib/gcc/arm-none-eabi/13.2.1/../../../arm-none-eabi/lib/thumb/v7e-m+fp/hard/libc_nano.a(libc_a-fflush.o) (_free_r)
/usr/lib/gcc/arm-none-eabi/13.2.1/../../../arm-none-eabi/lib/thumb/v7e-m+fp/hard/libc_nano.a(libc_a-fwalk.o)
                              /usr/lib/gcc/arm-none-eabi/13.2.1/../../../arm-none-eabi/lib/thumb/v7e-m+fp/hard/libc_nano.a(libc_a-findfp.o) (_fwalk_sglue)
/usr/lib/gcc/arm-none-eabi/13.2.1/../../../arm-none-eabi/lib/thumb/v7e-m+fp/hard/libc_nano.a(libc_a-memcpy.o)
                              build/queue.o (memcpy)
/usr/lib/gcc/arm-none-eabi/13.2.1/../../../arm-none-eabi/lib/thumb/v7e-m+fp/hard/libc_nano.a(libc_a-reent.o)
                              build/tasks.o (_reclaim_reent)
/usr/lib/gcc/arm-none-eabi/13.2.1/../../../arm-none-eabi/lib/thumb/v7e-m+fp/hard/libc_nano.a(libc_a-mlock.o)
                              /usr/lib/gcc/arm-none-eabi/13.2.1/../../../arm-none-eabi/lib/thumb/v7e-m+fp/hard/libc_nano.a(libc_a-mallocr.o) (__malloc_lock)
/usr/lib/gcc/arm-none-eabi/13.2.1/../../../arm-none-eabi/lib/thumb/v7e-m+fp/hard/libc_nano.a(libc_a-exit.o)
                              /usr/lib/gcc/arm-none-eabi/13.2.1/../../../arm-none-eabi/lib/thumb/v7e-m+fp/hard/crt0.o (exit)
/usr/lib/gcc/arm-none-eabi/13.2.1/../../../arm-none-eabi/lib/thumb/v7e-m+fp/hard/libc_nano.a(libc_a-atexit.o)
                              /usr/lib/gcc/arm-none-eabi/13.2.1/../../../arm-none-eabi/lib/thumb/v7e-m+fp/hard/crt0.o (atexit)
/usr/lib/gcc/arm-none-eabi/13.2.1/../../../arm-none-eabi/lib/thumb/v7e-m+fp/hard/libc_nano.a(libc_a-fini.o)
                              /usr/lib/gcc/arm-none-eabi/13.2.1/../../../arm-none-eabi/lib/thumb/v7e-m+fp/hard/crt0.o (__libc_fini_array)
/usr/lib/gcc/arm-none-eabi/13.2.1/../../../arm-none-eabi/lib/thumb/v7e-m+fp/hard/libc_nano.a(libc_a-sbrkr.o)
                              /usr/lib/gcc/arm-none-eabi/13.2.1/../../../arm-none-eabi/lib/thumb/v7e-m+fp/hard/libc_nano.a(libc_a-mallocr.o) (_sbrk_r)
/usr/lib/gcc/arm-none-eabi/13.2.1/../../../arm-none-eabi/lib/thumb/v7e-m+fp/hard/libc_nano.a(libc_a-stdio.o)
                              /usr/lib/gcc/arm-none-eabi/13.2.1/../../../arm-none-eabi/lib/thumb/v7e-m+fp/hard/libc_nano.a(libc_a-findfp.o) (__sread)
/usr/lib/gcc/arm-none-eabi/13.2.1/../../../arm-none-eabi/lib/thumb/v7e-m+fp/hard/libc_nano.a(libc_a-closer.o)
                              /usr/lib/gcc/arm-none-eabi/13.2.1/../../../arm-none-eabi/lib/thumb/v7e-m+fp/hard/libc_nano.a(libc_a-stdio.o) (_close_r)
/usr/lib/gcc/arm-none-eabi/13.2.1/../../../arm-none-eabi/lib/thumb/v7e-m+fp/hard/libc_nano.a(libc_a-readr.o)
                              /usr/lib/gcc/arm-none-eabi/13.2.1/../../../arm-none-eabi/lib/thumb/v7e-m+fp/hard/libc_nano.a(libc_a-stdio.o) (_read_r)
/usr/lib/gcc/arm-none-eabi/13.2.1/../../../arm-none-eabi/lib/thumb/v7e-m+fp/hard/libc_nano.a(libc_a-__atexit.o)
                              /usr/lib/gcc/arm-none-eabi/13.2.1/../../../arm-none-eabi/lib/thumb/v7e-m+fp/hard/libc_nano.a(libc_a-atexit.o) (__register_exitproc)
/usr/lib/gcc/arm-none-eabi/13.2.1/../../../arm-none-eabi/lib/thumb/v7e-m+fp/hard/libc_nano.a(libc_a-lseekr.o)
                              /usr/lib/gcc/arm-none-eabi/13.2.1/../../../arm-none-eabi/lib/thumb/v7e-m+fp/hard/libc_nano.a(libc_a-stdio.o) (_lseek_r)
[...]
Memory Configuration

Name             Origin             Length             Attributes
RAM              0x20000000         0x00020000         xrw
FLASH            0x08000000         0x00080000         xr
*default*        0x00000000         0xffffffff

Linker script and memory map

LOAD /usr/lib/gcc/arm-none-eabi/13.2.1/thumb/v7e-m+fp/hard/crti.o
LOAD /usr/lib/gcc/arm-none-eabi/13.2.1/thumb/v7e-m+fp/hard/crtbegin.o
LOAD /usr/lib/gcc/arm-none-eabi/13.2.1/../../../arm-none-eabi/lib/thumb/v7e-m+fp/hard/crt0.o
LOAD build/main.o
LOAD build/gpio.o
LOAD build/tim.o
LOAD build/delay.o
LOAD build/motor.o
LOAD build/bno055.o
LOAD build/drive.o
LOAD build/ultra.o
LOAD build/vl53l0x.o
LOAD build/stm32f4xx_it.o
LOAD build/stm32f4xx_hal_msp.o
LOAD build/stm32f4xx_hal_tim.o
LOAD build/stm32f4xx_hal_tim_ex.o
LOAD build/stm32f4xx_hal_rcc.o
LOAD build/stm32f4xx_hal_rcc_ex.o
LOAD build/stm32f4xx_hal_flash.o
LOAD build/stm32f4xx_hal_flash_ex.o
LOAD build/stm32f4xx_hal_flash_ramfunc.o
LOAD build/stm32f4xx_hal_gpio.o
LOAD build/stm32f4xx_hal_dma_ex.o
LOAD build/stm32f4xx_hal_dma.o
LOAD build/stm32f4xx_hal_pwr.o
LOAD build/stm32f4xx_hal_pwr_ex.o
LOAD build/stm32f4xx_hal_cortex.o
LOAD build/stm32f4xx_hal.o
LOAD build/stm32f4xx_hal_exti.o
LOAD build/system_stm32f4xx.o
LOAD build/sysmem.o
LOAD build/syscalls.o
LOAD build/i2c.o
LOAD build/iwdg.o
LOAD build/stm32f4xx_hal_i2c.o
LOAD build/stm32f4xx_hal_i2c_ex.o
LOAD build/stm32f4xx_hal_iwdg.o
LOAD build/freertos.o
LOAD build/croutine.o
LOAD build/event_groups.o
LOAD build/list.o
LOAD build/queue.o
LOAD build/stream_buffer.o
LOAD build/tasks.o
LOAD build/timers.o
LOAD build/cmsis_os2.o
LOAD build/heap_4.o
LOAD build/port.o
LOAD build/usart.o
LOAD build/stm32f4xx_hal_uart.o
LOAD build/startup_stm32f411xe.o
LOAD /usr/lib/gcc/arm-none-eabi/13.2.1/../../../arm-none-eabi/lib/thumb/v7e-m+fp/hard/libc_nano.a
LOAD /usr/lib/gcc/arm-none-eabi/13.2.1/../../../arm-none-eabi/lib/thumb/v7e-m+fp/hard/libm.a
LOAD /usr/lib/gcc/arm-none-eabi/13.2.1/../../../arm-none-eabi/lib/thumb/v7e-m+fp/hard/libnosys.a
START GROUP
LOAD /usr/lib/gcc/arm-none-eabi/13.2.1/thumb/v7e-m+fp/hard/libgcc.a
LOAD /usr/lib/gcc/arm-none-eabi/13.2.1/../../../arm-none-eabi/lib/thumb/v7e-m+fp/hard/libc_nano.a
END GROUP
START GROUP
LOAD /usr/lib/gcc/arm-none-eabi/13.2.1/thumb/v7e-m+fp/hard/libgcc.a
LOAD /usr/lib/gcc/arm-none-eabi/13.2.1/../../../arm-none-eabi/lib/thumb/v7e-m+fp/hard/libc_nano.a
END GROUP
LOAD /usr/lib/gcc/arm-none-eabi/13.2.1/thumb/v7e-m+fp/hard/crtend.o
LOAD /usr/lib/gcc/arm-none-eabi/13.2.1/thumb/v7e-m+fp/hard/crtn.o
                0x20020000                        _estack = (ORIGIN (RAM) + LENGTH (RAM))
                0x2001fc00                        _sstack = (_estack - _Min_Stack_Size)
                0x00000200                        _Min_Heap_Size = 0x200
                0x00000400                        _Min_Stack_Size = 0x400

.isr_vector     0x08000000      0x198
                0x08000000                        . = ALIGN (0x4)
 *(.isr_vector)
 .isr_vector    0x08000000      0x198 build/startup_stm32f411xe.o
                0x08000000                g_pfnVectors
                0x08000198                        . = ALIGN (0x4)

.text           0x080001a0     0xa178
                0x080001a0                        . = ALIGN (0x4)
 *(.text)
 .text          0x080001a0       0x88 /usr/lib/gcc/arm-none-eabi/13.2.1/thumb/v7e-m+fp/hard/crtbegin.o
 .text          0x08000228       0x50 /usr/lib/gcc/arm-none-eabi/13.2.1/../../../arm-none-eabi/lib/thumb/v7e-m+fp/hard/libc_nano.a(libc_a-init.o)
                0x08000228                __libc_init_array
 .text          0x08000278       0xa4 /usr/lib/gcc/arm-none-eabi/13.2.1/../../../arm-none-eabi/lib/thumb/v7e-m+fp/hard/libc_nano.a(libc_a-memset.o)
                0x08000278                memset
 .text          0x0800031c       0xbc /usr/lib/gcc/arm-none-eabi/13.2.1/../../../arm-none-eabi/lib/thumb/v7e-m+fp/hard/libc_nano.a(libc_a-freer.o)
                0x0800031c                _free_r
 .text          0x080003d8      0x134 /usr/lib/gcc/arm-none-eabi/13.2.1/../../../arm-none-eabi/lib/thumb/v7e-m+fp/hard/libc_nano.a(libc_a-memcpy.o)
                0x080003d8                memcpy
 .text          0x0800050c       0xd4 /usr/lib/gcc/arm-none-eabi/13.2.1/../../../arm-none-eabi/lib/thumb/v7e-m+fp/hard/libc_nano.a(libc_a-reent.o)
                0x0800050c                _reclaim_reent
 .text          0x080005e0        0x8 /usr/lib/gcc/arm-none-eabi/13.2.1/../../../arm-none-eabi/lib/thumb/v7e-m+fp/hard/libc_nano.a(libc_a-mlock.o)
                0x080005e0                __malloc_lock
                0x080005e4                __malloc_unlock
 .text          0x080005e8       0x70 /usr/lib/gcc/arm-none-eabi/13.2.1/../../../arm-none-eabi/lib/thumb/v7e-m+fp/hard/libm.a(libm_a-sf_cos.o)
                0x080005e8                cosf
 .text          0x08000658       0x4c /usr/lib/gcc/arm-none-eabi/13.2.1/../../../arm-none-eabi/lib/thumb/v7e-m+fp/hard/libm.a(libm_a-sf_round.o)
                0x08000658                roundf
 .text          0x080006a4      0x104 /usr/lib/gcc/arm-none-eabi/13.2.1/../../../arm-none-eabi/lib/thumb/v7e-m+fp/hard/libm.a(libm_a-kf_cos.o)
                0x080006a4                __kernel_cosf
 .text          0x080007a8       0x74 /usr/lib/gcc/arm-none-eabi/13.2.1/../../../arm-none-eabi/lib/thumb/v7e-m+fp/hard/libm.a(libm_a-sf_sin.o)
                0x080007a8                sinf
 .text          0x0800081c       0x90 /usr/lib/gcc/arm-none-eabi/13.2.1/../../../arm-none-eabi/lib/thumb/v7e-m+fp/hard/libm.a(libm_a-kf_sin.o)
                0x0800081c                __kernel_sinf
 .text          0x080008ac      0x260 /usr/lib/gcc/arm-none-eabi/13.2.1/../../../arm-none-eabi/lib/thumb/v7e-m+fp/hard/libm.a(libm_a-ef_rem_pio2.o)
                0x080008ac                __ieee754_rem_pio2f
 .text          0x08000b0c       0x10 /usr/lib/gcc/arm-none-eabi/13.2.1/../../../arm-none-eabi/lib/thumb/v7e-m+fp/hard/libm.a(libm_a-sf_fabs.o)
                0x08000b0c                fabsf
 .text          0x08000b1c      0x63c /usr/lib/gcc/arm-none-eabi/13.2.1/../../../arm-none-eabi/lib/thumb/v7e-m+fp/hard/libm.a(libm_a-kf_rem_pio2.o)
                0x08000b1c                __kernel_rem_pio2f
 .text          0x08001158       0xe4 /usr/lib/gcc/arm-none-eabi/13.2.1/../../../arm-none-eabi/lib/thumb/v7e-m+fp/hard/libm.a(libm_a-sf_scalbn.o)
                0x08001158                scalbnf
 .text          0x0800123c       0x94 /usr/lib/gcc/arm-none-eabi/13.2.1/../../../arm-none-eabi/lib/thumb/v7e-m+fp/hard/libm.a(libm_a-sf_floor.o)
                0x0800123c                floorf
 .text          0x080012d0       0x30 /usr/lib/gcc/arm-none-eabi/13.2.1/thumb/v7e-m+fp/hard/libgcc.a(_aeabi_uldivmod.o)
                0x080012d0                __aeabi_uldivmod
 .text          0x08001300      0x2bc /usr/lib/gcc/arm-none-eabi/13.2.1/thumb/v7e-m+fp/hard/libgcc.a(_udivmoddi4.o)
                0x08001300                __udivmoddi4
 .text          0x080015bc        0x4 /usr/lib/gcc/arm-none-eabi/13.2.1/thumb/v7e-m+fp/hard/libgcc.a(_dvmd_tls.o)
                0x080015bc                __aeabi_ldiv0
                0x080015bc                __aeabi_idiv0
 *(.text*)
 .text.Error_Handler
                0x080015c0        0xa build/main.o
                0x080015c0                Error_Handler
 *fill*         0x080015ca        0x2 
 .text.SystemClock_Config
                0x080015cc       0xa8 build/main.o
                0x080015cc                SystemClock_Config
 .text.main     0x08001674       0x58 build/main.o
                0x08001674                main
 .text.MX_GPIO_Init
                0x080016cc       0xd0 build/gpio.o
                0x080016cc                MX_GPIO_Init
 .text.MX_TIM3_Init
                0x0800179c       0xa0 build/tim.o
                0x0800179c                MX_TIM3_Init
 .text.MX_TIM11_Init
                0x0800183c       0x30 build/tim.o
                0x0800183c                MX_TIM11_Init
 .text.HAL_TIM_Base_MspInit
                0x0800186c       0xc0 build/tim.o
                0x0800186c                HAL_TIM_Base_MspInit
 .text.HAL_TIM_MspPostInit
                0x0800192c       0x58 build/tim.o
                0x0800192c                HAL_TIM_MspPostInit
 .text.MX_TIM4_Init
                0x08001984       0xc4 build/tim.o
                0x08001984                MX_TIM4_Init
 .text.delay_us
                0x08001a48       0x14 build/delay.o
                0x08001a48                delay_us
 .text.pct_to_ccr
                0x08001a5c       0x10 build/motor.o
 .text.clamp_speed
                0x08001a6c        0xa build/motor.o
 *fill*         0x08001a76        0x2 
 .text.Motor_Left
                0x08001a78       0x74 build/motor.o
                0x08001a78                Motor_Left
 .text.Motor_Right
                0x08001aec       0x74 build/motor.o
                0x08001aec                Motor_Right
 .text.Car_Backward
                0x08001b60       0x18 build/motor.o
                0x08001b60                Car_Backward
 .text.Car_PivotLeft
                0x08001b78       0x20 build/motor.o
                0x08001b78                Car_PivotLeft
 .text.Car_PivotRight
                0x08001b98       0x1e build/motor.o
                0x08001b98                Car_PivotRight
 .text.Car_ArcLeft
                0x08001bb6       0x1a build/motor.o
                0x08001bb6                Car_ArcLeft
 .text.Car_ArcRight
                0x08001bd0       0x18 build/motor.o
                0x08001bd0                Car_ArcRight
 .text.Car_Stop
                0x08001be8       0x48 build/motor.o
                0x08001be8                Car_Stop
 .text.Motor_Init
                0x08001c30       0x20 build/motor.o
                0x08001c30                Motor_Init
 .text.Car_Brake
                0x08001c50       0x4c build/motor.o
                0x08001c50                Car_Brake
 .text.bno_bus_recover
                0x08001c9c       0xa0 build/bno055.o
 .text.bno_rd   0x08001d3c       0x4c build/bno055.o
 .text.bno_wr8  0x08001d88       0x2c build/bno055.o
 .text.BNO055_HardReset
                0x08001db4       0x2c build/bno055.o
                0x08001db4                BNO055_HardReset
 .text.BNO055_Init
                0x08001de0       0xa0 build/bno055.o
                0x08001de0                BNO055_Init
 .text.BNO055_ReadEuler
                0x08001e80       0x80 build/bno055.o
                0x08001e80                BNO055_ReadEuler
 .text.BNO055_ReadCalibStatus
                0x08001f00       0x20 build/bno055.o
                0x08001f00                BNO055_ReadCalibStatus
 .text.turn_progress_deg
                0x08001f20       0x58 build/drive.o
 .text.clampf   0x08001f78       0x22 build/drive.o
 *fill*         0x08001f9a        0x2 
 .text.deadbandf
                0x08001f9c       0x30 build/drive.o
 .text.forward_drive_floor
                0x08001fcc       0x20 build/drive.o
 .text.center_sanitize_cm
                0x08001fec       0x10 build/drive.o
 .text.corridor_class_from_width
                0x08001ffc       0x30 build/drive.o
 .text.corridor_width_from_sides
                0x0800202c        0xe build/drive.o
 .text.Centering_Reset
                0x0800203a       0x1c build/drive.o
 *fill*         0x08002056        0x2 
 .text.TurnPid_Reset
                0x08002058       0x14 build/drive.o
 .text.enter    0x0800206c       0x14 build/drive.o
 .text.spin_enter
                0x08002080       0x98 build/drive.o
 .text.side_avoid_enter
                0x08002118       0x3c build/drive.o
 .text.corner_enter
                0x08002154       0x68 build/drive.o
 .text.hold_enter
                0x080021bc       0x24 build/drive.o
 .text.course_grid_snap
                0x080021e0       0x9c build/drive.o
 .text.cruise_enter
                0x0800227c       0xec build/drive.o
 .text.front_graze_suspected
                0x08002368      0x214 build/drive.o
 .text.Drive_CenteringPD_Run
                0x0800257c      0xc88 build/drive.o
 .text.brake_enter
                0x08003204       0x24 build/drive.o
 .text.cruise_run
                0x08003228      0x2dc build/drive.o
 .text.hold_run
                0x08003504       0x3c build/drive.o
 .text.reverse_enter
                0x08003540       0x38 build/drive.o
 .text.brake_run
                0x08003578       0x54 build/drive.o
 .text.reverse_run
                0x080035cc       0x20 build/drive.o
 .text.TurnPid_Run
                0x080035ec      0x1bc build/drive.o
 .text.spin_run
                0x080037a8      0x3b8 build/drive.o
 .text.side_avoid_run
                0x08003b60       0x88 build/drive.o
 .text.corner_run
                0x08003be8      0x2bc build/drive.o
 .text.Drive_Init
                0x08003ea4       0x98 build/drive.o
                0x08003ea4                Drive_Init
 .text.Drive_Update
                0x08003f3c       0x98 build/drive.o
                0x08003f3c                Drive_Update
 .text.HAL_TIM_IC_CaptureCallback
                0x08003fd4       0xe4 build/ultra.o
                0x08003fd4                HAL_TIM_IC_CaptureCallback
 .text.Ultra_Init
                0x080040b8       0x18 build/ultra.o
                0x080040b8                Ultra_Init
 .text.Ultra_Measure
                0x080040d0       0xb8 build/ultra.o
                0x080040d0                Ultra_Measure
 .text.median_n
                0x08004188       0x86 build/ultra.o
                0x08004188                median_n
 *fill*         0x0800420e        0x2 
 .text.tmo_mclks_to_us
                0x08004210       0x2c build/vl53l0x.o
 .text.tmo_us_to_mclks
                0x0800423c       0x2c build/vl53l0x.o
 .text.tmo_encode
                0x08004268       0x20 build/vl53l0x.o
 .text.tmo_decode
                0x08004288        0xe build/vl53l0x.o
 .text.rd_n     0x08004296       0x22 build/vl53l0x.o
 .text.rd8      0x080042b8        0xa build/vl53l0x.o
 .text.rd16     0x080042c2       0x24 build/vl53l0x.o
 .text.wr_n     0x080042e6       0x22 build/vl53l0x.o
 .text.wr16     0x08004308       0x1c build/vl53l0x.o
 .text.wr8      0x08004324       0x18 build/vl53l0x.o
 .text.get_spad_info
                0x0800433c      0x16e build/vl53l0x.o
 .text.ref_calibration
                0x080044aa       0x6a build/vl53l0x.o
 .text.VL53L0X_Init
                0x08004514      0x264 build/vl53l0x.o
                0x08004514                VL53L0X_Init
 .text.VL53L0X_SetTimingBudget
                0x08004778      0x108 build/vl53l0x.o
                0x08004778                VL53L0X_SetTimingBudget
 .text.VL53L0X_SetAddress
                0x08004880       0x16 build/vl53l0x.o
                0x08004880                VL53L0X_SetAddress
 .text.VL53L0X_StartContinuous
                0x08004896       0x66 build/vl53l0x.o
                0x08004896                VL53L0X_StartContinuous
 .text.VL53L0X_PollRangeMM
                0x080048fc       0x58 build/vl53l0x.o
                0x080048fc                VL53L0X_PollRangeMM
 .text.NMI_Handler
                0x08004954        0x8 build/stm32f4xx_it.o
                0x08004954                NMI_Handler
 .text.HardFault_Handler
                0x0800495c        0x8 build/stm32f4xx_it.o
                0x0800495c                HardFault_Handler
 .text.MemManage_Handler
                0x08004964        0x8 build/stm32f4xx_it.o
                0x08004964                MemManage_Handler
 .text.BusFault_Handler
                0x0800496c        0x8 build/stm32f4xx_it.o
                0x0800496c                BusFault_Handler
 .text.UsageFault_Handler
                0x08004974        0x8 build/stm32f4xx_it.o
                0x08004974                UsageFault_Handler
 .text.DebugMon_Handler
                0x0800497c        0x2 build/stm32f4xx_it.o
                0x0800497c                DebugMon_Handler
 .text.SysTick_Handler
                0x0800497e       0x16 build/stm32f4xx_it.o
                0x0800497e                SysTick_Handler
 .text.EXTI0_IRQHandler
                0x08004994        0xa build/stm32f4xx_it.o
                0x08004994                EXTI0_IRQHandler
 *fill*         0x0800499e        0x2 
 .text.TIM3_IRQHandler
                0x080049a0       0x10 build/stm32f4xx_it.o
                0x080049a0                TIM3_IRQHandler
 .text.USART1_IRQHandler
                0x080049b0       0x10 build/stm32f4xx_it.o
                0x080049b0                USART1_IRQHandler
 .text.HAL_MspInit
                0x080049c0       0x44 build/stm32f4xx_hal_msp.o
                0x080049c0                HAL_MspInit
 .text.TIM_OC1_SetConfig
                0x08004a04       0x54 build/stm32f4xx_hal_tim.o
 .text.TIM_OC3_SetConfig
                0x08004a58       0x5c build/stm32f4xx_hal_tim.o
 .text.TIM_OC4_SetConfig
                0x08004ab4       0x48 build/stm32f4xx_hal_tim.o
 .text.TIM_TI1_ConfigInputStage
                0x08004afc       0x26 build/stm32f4xx_hal_tim.o
 .text.TIM_TI2_SetConfig
                0x08004b22       0x36 build/stm32f4xx_hal_tim.o
 .text.TIM_TI2_ConfigInputStage
                0x08004b58       0x28 build/stm32f4xx_hal_tim.o
 .text.TIM_TI3_SetConfig
                0x08004b80       0x36 build/stm32f4xx_hal_tim.o
 .text.TIM_TI4_SetConfig
                0x08004bb6       0x36 build/stm32f4xx_hal_tim.o
 .text.TIM_ITRx_SetConfig
                0x08004bec       0x10 build/stm32f4xx_hal_tim.o
 .text.HAL_TIM_Base_Start
                0x08004bfc       0x6c build/stm32f4xx_hal_tim.o
                0x08004bfc                HAL_TIM_Base_Start
 .text.HAL_TIM_PWM_MspInit
                0x08004c68        0x2 build/stm32f4xx_hal_tim.o
                0x08004c68                HAL_TIM_PWM_MspInit
 .text.HAL_TIM_IC_MspInit
                0x08004c6a        0x2 build/stm32f4xx_hal_tim.o
                0x08004c6a                HAL_TIM_IC_MspInit
 .text.HAL_TIM_ReadCapturedValue
                0x08004c6c       0x32 build/stm32f4xx_hal_tim.o
                0x08004c6c                HAL_TIM_ReadCapturedValue
 .text.HAL_TIM_PeriodElapsedCallback
                0x08004c9e        0x2 build/stm32f4xx_hal_tim.o
                0x08004c9e                HAL_TIM_PeriodElapsedCallback
 .text.HAL_TIM_OC_DelayElapsedCallback
                0x08004ca0        0x2 build/stm32f4xx_hal_tim.o
                0x08004ca0                HAL_TIM_OC_DelayElapsedCallback
 .text.HAL_TIM_PWM_PulseFinishedCallback
                0x08004ca2        0x2 build/stm32f4xx_hal_tim.o
                0x08004ca2                HAL_TIM_PWM_PulseFinishedCallback
 .text.HAL_TIM_TriggerCallback
                0x08004ca4        0x2 build/stm32f4xx_hal_tim.o
                0x08004ca4                HAL_TIM_TriggerCallback
 .text.HAL_TIM_IRQHandler
                0x08004ca6      0x15e build/stm32f4xx_hal_tim.o
                0x08004ca6                HAL_TIM_IRQHandler
 .text.TIM_Base_SetConfig
                0x08004e04       0xa4 build/stm32f4xx_hal_tim.o
                0x08004e04                TIM_Base_SetConfig
 .text.HAL_TIM_Base_Init
                0x08004ea8       0x58 build/stm32f4xx_hal_tim.o
                0x08004ea8                HAL_TIM_Base_Init
 .text.HAL_TIM_PWM_Init
                0x08004f00       0x58 build/stm32f4xx_hal_tim.o
                0x08004f00                HAL_TIM_PWM_Init
 .text.HAL_TIM_IC_Init
                0x08004f58       0x58 build/stm32f4xx_hal_tim.o
                0x08004f58                HAL_TIM_IC_Init
 .text.TIM_OC2_SetConfig
                0x08004fb0       0x5c build/stm32f4xx_hal_tim.o
                0x08004fb0                TIM_OC2_SetConfig
 .text.HAL_TIM_PWM_ConfigChannel
                0x0800500c       0xdc build/stm32f4xx_hal_tim.o
                0x0800500c                HAL_TIM_PWM_ConfigChannel
 .text.TIM_TI1_SetConfig
                0x080050e8       0x6c build/stm32f4xx_hal_tim.o
                0x080050e8                TIM_TI1_SetConfig
 .text.HAL_TIM_IC_ConfigChannel
                0x08005154       0xcc build/stm32f4xx_hal_tim.o
                0x08005154                HAL_TIM_IC_ConfigChannel
 .text.TIM_ETR_SetConfig
                0x08005220       0x1a build/stm32f4xx_hal_tim.o
                0x08005220                TIM_ETR_SetConfig
 .text.HAL_TIM_ConfigClockSource
                0x0800523a       0xfe build/stm32f4xx_hal_tim.o
                0x0800523a                HAL_TIM_ConfigClockSource
 .text.TIM_CCxChannelCmd
                0x08005338       0x1e build/stm32f4xx_hal_tim.o
                0x08005338                TIM_CCxChannelCmd
 *fill*         0x08005356        0x2 
 .text.HAL_TIM_PWM_Start
                0x08005358       0xf0 build/stm32f4xx_hal_tim.o
                0x08005358                HAL_TIM_PWM_Start
 .text.HAL_TIM_IC_Start_IT
                0x08005448      0x158 build/stm32f4xx_hal_tim.o
                0x08005448                HAL_TIM_IC_Start_IT
 .text.HAL_TIMEx_MasterConfigSynchronization
                0x080055a0       0x7c build/stm32f4xx_hal_tim_ex.o
                0x080055a0                HAL_TIMEx_MasterConfigSynchronization
 .text.HAL_TIMEx_CommutCallback
                0x0800561c        0x2 build/stm32f4xx_hal_tim_ex.o
                0x0800561c                HAL_TIMEx_CommutCallback
 .text.HAL_TIMEx_BreakCallback
                0x0800561e        0x2 build/stm32f4xx_hal_tim_ex.o
                0x0800561e                HAL_TIMEx_BreakCallback
 .text.HAL_RCC_OscConfig
                0x08005620      0x3f8 build/stm32f4xx_hal_rcc.o
                0x08005620                HAL_RCC_OscConfig
 .text.HAL_RCC_GetSysClockFreq
                0x08005a18       0xa8 build/stm32f4xx_hal_rcc.o
                0x08005a18                HAL_RCC_GetSysClockFreq
 .text.HAL_RCC_ClockConfig
                0x08005ac0      0x160 build/stm32f4xx_hal_rcc.o
                0x08005ac0                HAL_RCC_ClockConfig
 .text.HAL_RCC_GetHCLKFreq
                0x08005c20        0xc build/stm32f4xx_hal_rcc.o
                0x08005c20                HAL_RCC_GetHCLKFreq
 .text.HAL_RCC_GetPCLK1Freq
                0x08005c2c       0x20 build/stm32f4xx_hal_rcc.o
                0x08005c2c                HAL_RCC_GetPCLK1Freq
 .text.HAL_RCC_GetPCLK2Freq
                0x08005c4c       0x20 build/stm32f4xx_hal_rcc.o
                0x08005c4c                HAL_RCC_GetPCLK2Freq
 .text.HAL_GPIO_Init
                0x08005c6c      0x1c8 build/stm32f4xx_hal_gpio.o
                0x08005c6c                HAL_GPIO_Init
 .text.HAL_GPIO_DeInit
                0x08005e34      0x110 build/stm32f4xx_hal_gpio.o
                0x08005e34                HAL_GPIO_DeInit
 .text.HAL_GPIO_ReadPin
                0x08005f44        0xe build/stm32f4xx_hal_gpio.o
                0x08005f44                HAL_GPIO_ReadPin
 .text.HAL_GPIO_WritePin
                0x08005f52        0xc build/stm32f4xx_hal_gpio.o
                0x08005f52                HAL_GPIO_WritePin
 *fill*         0x08005f5e        0x2 
 .text.HAL_GPIO_EXTI_IRQHandler
                0x08005f60       0x1c build/stm32f4xx_hal_gpio.o
                0x08005f60                HAL_GPIO_EXTI_IRQHandler
 .text.HAL_DMA_Abort
                0x08005f7c       0x94 build/stm32f4xx_hal_dma.o
                0x08005f7c                HAL_DMA_Abort
 .text.HAL_DMA_Abort_IT
                0x08006010       0x26 build/stm32f4xx_hal_dma.o
                0x08006010                HAL_DMA_Abort_IT
 *fill*         0x08006036        0x2 
 .text.__NVIC_EnableIRQ
                0x08006038       0x1c build/stm32f4xx_hal_cortex.o
 .text.__NVIC_SetPriority
                0x08006054       0x28 build/stm32f4xx_hal_cortex.o
 .text.NVIC_EncodePriority
                0x0800607c       0x3e build/stm32f4xx_hal_cortex.o
 *fill*         0x080060ba        0x2 
 .text.HAL_NVIC_SetPriorityGrouping
                0x080060bc       0x24 build/stm32f4xx_hal_cortex.o
                0x080060bc                HAL_NVIC_SetPriorityGrouping
 .text.HAL_NVIC_SetPriority
                0x080060e0       0x20 build/stm32f4xx_hal_cortex.o
                0x080060e0                HAL_NVIC_SetPriority
 .text.HAL_NVIC_EnableIRQ
                0x08006100        0x8 build/stm32f4xx_hal_cortex.o
                0x08006100                HAL_NVIC_EnableIRQ
 .text.HAL_SYSTICK_Config
                0x08006108       0x28 build/stm32f4xx_hal_cortex.o
                0x08006108                HAL_SYSTICK_Config
 .text.HAL_InitTick
                0x08006130       0x4c build/stm32f4xx_hal.o
                0x08006130                HAL_InitTick
 .text.HAL_Init
                0x0800617c       0x34 build/stm32f4xx_hal.o
                0x0800617c                HAL_Init
 .text.HAL_IncTick
                0x080061b0       0x18 build/stm32f4xx_hal.o
                0x080061b0                HAL_IncTick
 .text.HAL_GetTick
                0x080061c8        0xc build/stm32f4xx_hal.o
                0x080061c8                HAL_GetTick
 .text.HAL_Delay
                0x080061d4       0x28 build/stm32f4xx_hal.o
                0x080061d4                HAL_Delay
 .text.SystemInit
                0x080061fc       0x14 build/system_stm32f4xx.o
                0x080061fc                SystemInit
 .text.MX_I2C1_Init
                0x08006210       0x3c build/i2c.o
                0x08006210                MX_I2C1_Init
 .text.HAL_I2C_MspInit
                0x0800624c       0x70 build/i2c.o
                0x0800624c                HAL_I2C_MspInit
 .text.HAL_I2C_MspDeInit
                0x080062bc       0x3c build/i2c.o
                0x080062bc                HAL_I2C_MspDeInit
 .text.MX_IWDG_Init
                0x080062f8       0x28 build/iwdg.o
                0x080062f8                MX_IWDG_Init
 .text.I2C_IsAcknowledgeFailed
                0x08006320       0x32 build/stm32f4xx_hal_i2c.o
 .text.I2C_WaitOnFlagUntilTimeout
                0x08006352       0xaa build/stm32f4xx_hal_i2c.o
 .text.I2C_WaitOnMasterAddressFlagUntilTimeout
                0x080063fc       0xd6 build/stm32f4xx_hal_i2c.o
 .text.I2C_WaitOnTXEFlagUntilTimeout
                0x080064d2       0x5e build/stm32f4xx_hal_i2c.o
 .text.I2C_RequestMemoryWrite
                0x08006530       0xd8 build/stm32f4xx_hal_i2c.o
 .text.I2C_RequestMemoryRead
                0x08006608      0x154 build/stm32f4xx_hal_i2c.o
 .text.I2C_WaitOnBTFFlagUntilTimeout
                0x0800675c       0x5e build/stm32f4xx_hal_i2c.o
 .text.I2C_WaitOnRXNEFlagUntilTimeout
                0x080067ba       0x78 build/stm32f4xx_hal_i2c.o
 *fill*         0x08006832        0x2 
 .text.HAL_I2C_Init
                0x08006834      0x1bc build/stm32f4xx_hal_i2c.o
                0x08006834                HAL_I2C_Init
 .text.HAL_I2C_DeInit
                0x080069f0       0x32 build/stm32f4xx_hal_i2c.o
                0x080069f0                HAL_I2C_DeInit
 *fill*         0x08006a22        0x2 
 .text.HAL_I2C_Mem_Write
                0x08006a24      0x164 build/stm32f4xx_hal_i2c.o
                0x08006a24                HAL_I2C_Mem_Write
 .text.HAL_I2C_Mem_Read
                0x08006b88      0x2f8 build/stm32f4xx_hal_i2c.o
                0x08006b88                HAL_I2C_Mem_Read
 .text.HAL_IWDG_Init
                0x08006e80       0x5c build/stm32f4xx_hal_iwdg.o
                0x08006e80                HAL_IWDG_Init
 .text.HAL_IWDG_Refresh
                0x08006edc        0xc build/stm32f4xx_hal_iwdg.o
                0x08006edc                HAL_IWDG_Refresh
 .text.StartTask03
                0x08006ee8      0x184 build/freertos.o
                0x08006ee8                StartTask03
 .text.StartDefaultTask
                0x0800706c       0x9c build/freertos.o
                0x0800706c                StartDefaultTask
 .text.sensor_record_front
                0x08007108       0x60 build/freertos.o
 .text.sensor_put_front_early
                0x08007168       0x68 build/freertos.o
 .text.Init_ToF_Sensors
                0x080071d0       0xc0 build/freertos.o
 .text.tof_record_side
                0x08007290       0xe4 build/freertos.o
 .text.StartTask02
                0x08007374      0x2b4 build/freertos.o
                0x08007374                StartTask02
 .text.MX_FREERTOS_Init
                0x08007628       0xa0 build/freertos.o
                0x08007628                MX_FREERTOS_Init
 .text.HAL_GPIO_EXTI_Callback
                0x080076c8       0x14 build/freertos.o
                0x080076c8                HAL_GPIO_EXTI_Callback
 .text.HAL_UART_RxCpltCallback
                0x080076dc       0x38 build/freertos.o
                0x080076dc                HAL_UART_RxCpltCallback
 .text.HAL_UART_ErrorCallback
                0x08007714       0x6c build/freertos.o
                0x08007714                HAL_UART_ErrorCallback
 .text.vListInitialise
                0x08007780       0x16 build/list.o
                0x08007780                vListInitialise
 .text.vListInitialiseItem
                0x08007796        0x6 build/list.o
                0x08007796                vListInitialiseItem
 .text.vListInsertEnd
                0x0800779c       0x16 build/list.o
                0x0800779c                vListInsertEnd
 .text.vListInsert
                0x080077b2       0x32 build/list.o
                0x080077b2                vListInsert
 .text.uxListRemove
                0x080077e4       0x26 build/list.o
                0x080077e4                uxListRemove
 .text.prvIsQueueFull
                0x0800780a       0x1e build/queue.o
 .text.prvIsQueueEmpty
                0x08007828       0x1a build/queue.o
 .text.prvCopyDataToQueue
                0x08007842       0x76 build/queue.o
 .text.prvCopyDataFromQueue
                0x080078b8       0x24 build/queue.o
 .text.prvUnlockQueue
                0x080078dc       0x6e build/queue.o
 .text.xQueueGenericReset
                0x0800794a       0x84 build/queue.o
                0x0800794a                xQueueGenericReset
 .text.prvInitialiseNewQueue
                0x080079ce       0x22 build/queue.o
 .text.xQueueGenericCreateStatic
                0x080079f0       0x94 build/queue.o
                0x080079f0                xQueueGenericCreateStatic
 .text.xQueueGenericCreate
                0x08007a84       0x48 build/queue.o
                0x08007a84                xQueueGenericCreate
 .text.xQueueGenericSend
                0x08007acc      0x188 build/queue.o
                0x08007acc                xQueueGenericSend
 .text.xQueueGenericSendFromISR
                0x08007c54       0xce build/queue.o
                0x08007c54                xQueueGenericSendFromISR
 .text.xQueueReceive
                0x08007d22      0x15e build/queue.o
                0x08007d22                xQueueReceive
 .text.xQueueReceiveFromISR
                0x08007e80       0xae build/queue.o
                0x08007e80                xQueueReceiveFromISR
 *fill*         0x08007f2e        0x2 
 .text.vQueueAddToRegistry
                0x08007f30       0x28 build/queue.o
                0x08007f30                vQueueAddToRegistry
 .text.vQueueWaitForMessageRestricted
                0x08007f58       0x52 build/queue.o
                0x08007f58                vQueueWaitForMessageRestricted
 .text.prvTaskCheckFreeStackSpace
                0x08007faa       0x14 build/tasks.o
 *fill*         0x08007fbe        0x2 
 .text.prvResetNextTaskUnblockTime
                0x08007fc0       0x2c build/tasks.o
 .text.prvInitialiseNewTask
                0x08007fec      0x104 build/tasks.o
 .text.prvInitialiseTaskLists
                0x080080f0       0x68 build/tasks.o
 .text.prvAddNewTaskToReadyList
                0x08008158       0xac build/tasks.o
 .text.prvDeleteTCB
                0x08008204       0x40 build/tasks.o
 .text.prvCheckTasksWaitingTermination
                0x08008244       0x4c build/tasks.o
 .text.prvIdleTask
                0x08008290       0x28 build/tasks.o
 .text.prvAddCurrentTaskToDelayedList
                0x080082b8       0x7c build/tasks.o
 .text.xTaskCreateStatic
                0x08008334       0x7a build/tasks.o
                0x08008334                xTaskCreateStatic
 .text.xTaskCreate
                0x080083ae       0x66 build/tasks.o
                0x080083ae                xTaskCreate
 .text.vTaskStartScheduler
                0x08008414       0xac build/tasks.o
                0x08008414                vTaskStartScheduler
 .text.vTaskSuspendAll
                0x080084c0       0x10 build/tasks.o
                0x080084c0                vTaskSuspendAll
 .text.xTaskGetTickCount
                0x080084d0        0xc build/tasks.o
                0x080084d0                xTaskGetTickCount
 .text.xTaskIncrementTick
                0x080084dc      0x118 build/tasks.o
                0x080084dc                xTaskIncrementTick
 .text.xTaskResumeAll
                0x080085f4       0xf8 build/tasks.o
                0x080085f4                xTaskResumeAll
 .text.vTaskDelay
                0x080086ec       0x4c build/tasks.o
                0x080086ec                vTaskDelay
 .text.vTaskSwitchContext
                0x08008738       0xa4 build/tasks.o
                0x08008738                vTaskSwitchContext
 .text.vTaskPlaceOnEventList
                0x080087dc       0x30 build/tasks.o
                0x080087dc                vTaskPlaceOnEventList
 .text.vTaskPlaceOnEventListRestricted
                0x0800880c       0x38 build/tasks.o
                0x0800880c                vTaskPlaceOnEventListRestricted
 .text.xTaskRemoveFromEventList
                0x08008844       0x8c build/tasks.o
                0x08008844                xTaskRemoveFromEventList
 .text.vTaskInternalSetTimeOutState
                0x080088d0       0x18 build/tasks.o
                0x080088d0                vTaskInternalSetTimeOutState
 .text.xTaskCheckForTimeOut
                0x080088e8       0x84 build/tasks.o
                0x080088e8                xTaskCheckForTimeOut
 .text.vTaskMissedYield
                0x0800896c        0xc build/tasks.o
                0x0800896c                vTaskMissedYield
 .text.uxTaskGetStackHighWaterMark
                0x08008978       0x18 build/tasks.o
                0x08008978                uxTaskGetStackHighWaterMark
 .text.xTaskGetCurrentTaskHandle
                0x08008990        0xc build/tasks.o
                0x08008990                xTaskGetCurrentTaskHandle
 .text.xTaskGetSchedulerState
                0x0800899c       0x20 build/tasks.o
                0x0800899c                xTaskGetSchedulerState
 .text.xTaskPriorityDisinherit
                0x080089bc       0x90 build/tasks.o
                0x080089bc                xTaskPriorityDisinherit
 .text.xTaskNotifyWait
                0x08008a4c       0xa4 build/tasks.o
                0x08008a4c                xTaskNotifyWait
 .text.xTaskGenericNotify
                0x08008af0      0x108 build/tasks.o
                0x08008af0                xTaskGenericNotify
 .text.xTaskGenericNotifyFromISR
                0x08008bf8      0x138 build/tasks.o
                0x08008bf8                xTaskGenericNotifyFromISR
 .text.prvGetNextExpireTime
                0x08008d30       0x20 build/timers.o
 .text.prvInsertTimerInActiveList
                0x08008d50       0x48 build/timers.o
 .text.prvCheckForValidListAndQueue
                0x08008d98       0x70 build/timers.o
 .text.xTimerCreateTimerTask
                0x08008e08       0x64 build/timers.o
                0x08008e08                xTimerCreateTimerTask
 .text.xTimerGenericCommand
                0x08008e6c       0x6c build/timers.o
                0x08008e6c                xTimerGenericCommand
 .text.prvSwitchTimerLists
                0x08008ed8       0x7c build/timers.o
 .text.prvSampleTimeNow
                0x08008f54       0x2c build/timers.o
 .text.prvProcessExpiredTimer
                0x08008f80       0x6c build/timers.o
 .text.prvProcessTimerOrBlockTask
                0x08008fec       0x74 build/timers.o
 .text.prvProcessReceivedCommands
                0x08009060      0x10c build/timers.o
 .text.prvTimerTask
                0x0800916c       0x16 build/timers.o
 *fill*         0x08009182        0x2 
 .text.osKernelInitialize
                0x08009184       0x24 build/cmsis_os2.o
                0x08009184                osKernelInitialize
 .text.osKernelStart
                0x080091a8       0x38 build/cmsis_os2.o
                0x080091a8                osKernelStart
 .text.osThreadNew
                0x080091e0       0xbe build/cmsis_os2.o
                0x080091e0                osThreadNew
 .text.osThreadGetId
                0x0800929e        0x8 build/cmsis_os2.o
                0x0800929e                osThreadGetId
 .text.osThreadFlagsSet
                0x080092a6       0x72 build/cmsis_os2.o
                0x080092a6                osThreadFlagsSet
 .text.osThreadFlagsClear
                0x08009318       0x56 build/cmsis_os2.o
                0x08009318                osThreadFlagsClear
 .text.osThreadFlagsWait
                0x0800936e       0xaa build/cmsis_os2.o
                0x0800936e                osThreadFlagsWait
 .text.osDelay  0x08009418       0x1c build/cmsis_os2.o
                0x08009418                osDelay
 .text.osMessageQueueNew
                0x08009434       0x96 build/cmsis_os2.o
                0x08009434                osMessageQueueNew
 .text.osMessageQueuePut
                0x080094ca       0x84 build/cmsis_os2.o
                0x080094ca                osMessageQueuePut
 .text.osMessageQueueGet
                0x0800954e       0x82 build/cmsis_os2.o
                0x0800954e                osMessageQueueGet
 .text.vApplicationGetIdleTaskMemory
                0x080095d0       0x18 build/cmsis_os2.o
                0x080095d0                vApplicationGetIdleTaskMemory
 .text.vApplicationGetTimerTaskMemory
                0x080095e8       0x18 build/cmsis_os2.o
                0x080095e8                vApplicationGetTimerTaskMemory
 .text.prvHeapInit
                0x08009600       0x64 build/heap_4.o
 .text.prvInsertBlockIntoFreeList
                0x08009664       0x64 build/heap_4.o
 .text.pvPortMalloc
                0x080096c8      0x104 build/heap_4.o
                0x080096c8                pvPortMalloc
 .text.vPortFree
                0x080097cc       0x7c build/heap_4.o
                0x080097cc                vPortFree
 .text.prvTaskExitError
                0x08009848       0x40 build/port.o
 .text.prvPortStartFirstTask
                0x08009888       0x28 build/port.o
 .text.vPortEnableVFP
                0x080098b0       0x14 build/port.o
 .text.pxPortInitialiseStack
                0x080098c4       0x2c build/port.o
                0x080098c4                pxPortInitialiseStack
 .text.SVC_Handler
                0x080098f0       0x24 build/port.o
                0x080098f0                SVC_Handler
 .text.vPortEnterCritical
                0x08009914       0x44 build/port.o
                0x08009914                vPortEnterCritical
 .text.vPortExitCritical
                0x08009958       0x2c build/port.o
                0x08009958                vPortExitCritical
 *fill*         0x08009984        0xc 
 .text.PendSV_Handler
                0x08009990       0x64 build/port.o
                0x08009990                PendSV_Handler
 .text.xPortSysTickHandler
                0x080099f4       0x2c build/port.o
                0x080099f4                xPortSysTickHandler
 .text.vPortSetupTimerInterrupt
                0x08009a20       0x28 build/port.o
                0x08009a20                vPortSetupTimerInterrupt
 .text.xPortStartScheduler
                0x08009a48      0x118 build/port.o
                0x08009a48                xPortStartScheduler
 .text.vPortValidateInterruptPriority
                0x08009b60       0x5c build/port.o
                0x08009b60                vPortValidateInterruptPriority
 .text.MX_USART1_UART_Init
                0x08009bbc       0x34 build/usart.o
                0x08009bbc                MX_USART1_UART_Init
 .text.HAL_UART_MspInit
                0x08009bf0       0x80 build/usart.o
                0x08009bf0                HAL_UART_MspInit
 .text.UART_EndRxTransfer
                0x08009c70       0x5c build/stm32f4xx_hal_uart.o
 .text.UART_Transmit_IT
                0x08009ccc       0x60 build/stm32f4xx_hal_uart.o
 .text.UART_SetConfig
                0x08009d2c      0x110 build/stm32f4xx_hal_uart.o
 .text.HAL_UART_Init
                0x08009e3c       0x60 build/stm32f4xx_hal_uart.o
                0x08009e3c                HAL_UART_Init
 .text.HAL_UART_TxCpltCallback
                0x08009e9c        0x2 build/stm32f4xx_hal_uart.o
                0x08009e9c                HAL_UART_TxCpltCallback
 .text.UART_EndTransmit_IT
                0x08009e9e       0x1a build/stm32f4xx_hal_uart.o
 .text.UART_DMAAbortOnError
                0x08009eb8        0xe build/stm32f4xx_hal_uart.o
 .text.HAL_UARTEx_RxEventCallback
                0x08009ec6        0x2 build/stm32f4xx_hal_uart.o
                0x08009ec6                HAL_UARTEx_RxEventCallback
 .text.UART_Receive_IT
                0x08009ec8       0xe6 build/stm32f4xx_hal_uart.o
 *fill*         0x08009fae        0x2 
 .text.HAL_UART_IRQHandler
                0x08009fb0      0x2a0 build/stm32f4xx_hal_uart.o
                0x08009fb0                HAL_UART_IRQHandler
 .text.UART_Start_Receive_IT
                0x0800a250       0x36 build/stm32f4xx_hal_uart.o
                0x0800a250                UART_Start_Receive_IT
 .text.HAL_UART_Receive_IT
                0x0800a286       0x26 build/stm32f4xx_hal_uart.o
                0x0800a286                HAL_UART_Receive_IT
 .text.Reset_Handler
                0x0800a2ac       0x50 build/startup_stm32f411xe.o
                0x0800a2ac                Reset_Handler
 .text.Default_Handler
                0x0800a2fc        0x2 build/startup_stm32f411xe.o
                0x0800a2fc                RTC_Alarm_IRQHandler
                0x0800a2fc                EXTI2_IRQHandler
                0x0800a2fc                SPI4_IRQHandler
                0x0800a2fc                TIM1_CC_IRQHandler
                0x0800a2fc                DMA2_Stream5_IRQHandler
                0x0800a2fc                DMA1_Stream5_IRQHandler
                0x0800a2fc                PVD_IRQHandler
                0x0800a2fc                SDIO_IRQHandler
                0x0800a2fc                TAMP_STAMP_IRQHandler
                0x0800a2fc                EXTI3_IRQHandler
                0x0800a2fc                TIM1_UP_TIM10_IRQHandler
                0x0800a2fc                I2C3_ER_IRQHandler
                0x0800a2fc                I2C2_EV_IRQHandler
                0x0800a2fc                DMA1_Stream2_IRQHandler
                0x0800a2fc                FPU_IRQHandler
                0x0800a2fc                DMA2_Stream2_IRQHandler
                0x0800a2fc                SPI1_IRQHandler
                0x0800a2fc                TIM1_BRK_TIM9_IRQHandler
                0x0800a2fc                DMA2_Stream3_IRQHandler
                0x0800a2fc                USART6_IRQHandler
                0x0800a2fc                DMA2_Stream0_IRQHandler
                0x0800a2fc                TIM4_IRQHandler
                0x0800a2fc                I2C1_EV_IRQHandler
                0x0800a2fc                DMA1_Stream6_IRQHandler
                0x0800a2fc                DMA1_Stream1_IRQHandler
                0x0800a2fc                RCC_IRQHandler
                0x0800a2fc                Default_Handler
                0x0800a2fc                EXTI15_10_IRQHandler
                0x0800a2fc                ADC_IRQHandler
                0x0800a2fc                DMA1_Stream7_IRQHandler
                0x0800a2fc                SPI5_IRQHandler
                0x0800a2fc                TIM5_IRQHandler
                0x0800a2fc                DMA2_Stream7_IRQHandler
                0x0800a2fc                I2C3_EV_IRQHandler
                0x0800a2fc                EXTI9_5_IRQHandler
                0x0800a2fc                RTC_WKUP_IRQHandler
                0x0800a2fc                SPI2_IRQHandler
                0x0800a2fc                DMA1_Stream0_IRQHandler
                0x0800a2fc                EXTI4_IRQHandler
                0x0800a2fc                WWDG_IRQHandler
                0x0800a2fc                TIM2_IRQHandler
                0x0800a2fc                OTG_FS_WKUP_IRQHandler
                0x0800a2fc                TIM1_TRG_COM_TIM11_IRQHandler
                0x0800a2fc                EXTI1_IRQHandler
                0x0800a2fc                USART2_IRQHandler
                0x0800a2fc                I2C2_ER_IRQHandler
                0x0800a2fc                DMA2_Stream1_IRQHandler
                0x0800a2fc                FLASH_IRQHandler
                0x0800a2fc                DMA2_Stream4_IRQHandler
                0x0800a2fc                OTG_FS_IRQHandler
                0x0800a2fc                SPI3_IRQHandler
                0x0800a2fc                DMA1_Stream4_IRQHandler
                0x0800a2fc                I2C1_ER_IRQHandler
                0x0800a2fc                DMA2_Stream6_IRQHandler
                0x0800a2fc                DMA1_Stream3_IRQHandler
 *(.glue_7)
 .glue_7        0x0800a2fe        0x0 linker stubs
 *(.glue_7t)
 .glue_7t       0x0800a2fe        0x0 linker stubs
 *(.eh_frame)
 *fill*         0x0800a2fe        0x2 
 .eh_frame      0x0800a300        0x0 /usr/lib/gcc/arm-none-eabi/13.2.1/thumb/v7e-m+fp/hard/crtbegin.o
 *(.init)
 .init          0x0800a300        0x4 /usr/lib/gcc/arm-none-eabi/13.2.1/thumb/v7e-m+fp/hard/crti.o
                0x0800a300                _init
 .init          0x0800a304        0x8 /usr/lib/gcc/arm-none-eabi/13.2.1/thumb/v7e-m+fp/hard/crtn.o
 *(.fini)
 .fini          0x0800a30c        0x4 /usr/lib/gcc/arm-none-eabi/13.2.1/thumb/v7e-m+fp/hard/crti.o
                0x0800a30c                _fini
 .fini          0x0800a310        0x8 /usr/lib/gcc/arm-none-eabi/13.2.1/thumb/v7e-m+fp/hard/crtn.o
                0x0800a318                        . = ALIGN (0x4)
                0x0800a318                        _etext = .

.vfp11_veneer   0x0800a318        0x0
 .vfp11_veneer  0x0800a318        0x0 linker stubs

.v4_bx          0x0800a318        0x0
 .v4_bx         0x0800a318        0x0 linker stubs

.iplt           0x0800a318        0x0
 .iplt          0x0800a318        0x0 /usr/lib/gcc/arm-none-eabi/13.2.1/thumb/v7e-m+fp/hard/crtbegin.o

.rodata         0x0800a318      0x554
                0x0800a318                        . = ALIGN (0x4)
 *(.rodata)
 .rodata        0x0800a318      0x398 /usr/lib/gcc/arm-none-eabi/13.2.1/../../../arm-none-eabi/lib/thumb/v7e-m+fp/hard/libm.a(libm_a-ef_rem_pio2.o)
 .rodata        0x0800a6b0       0x38 /usr/lib/gcc/arm-none-eabi/13.2.1/../../../arm-none-eabi/lib/thumb/v7e-m+fp/hard/libm.a(libm_a-kf_rem_pio2.o)
 *(.rodata*)
 .rodata.vl53l0x_tuning
                0x0800a6e8       0xa0 build/vl53l0x.o
 .rodata.APBPrescTable
                0x0800a788        0x8 build/system_stm32f4xx.o
                0x0800a788                APBPrescTable
 .rodata.AHBPrescTable
                0x0800a790       0x10 build/system_stm32f4xx.o
                0x0800a790                AHBPrescTable
 .rodata.str1.4
                0x0800a7a0       0x48 build/freertos.o
                                 0x2e (size before relaxing)
 .rodata.uartQ_attributes
                0x0800a7e8       0x18 build/freertos.o
                0x0800a7e8                uartQ_attributes
 .rodata.BluetoothTask_attributes
                0x0800a800       0x24 build/freertos.o
                0x0800a800                BluetoothTask_attributes
 .rodata.SensorTask_attributes
                0x0800a824       0x24 build/freertos.o
                0x0800a824                SensorTask_attributes
 .rodata.MotorTask_attributes
                0x0800a848       0x24 build/freertos.o
                0x0800a848                MotorTask_attributes
 .rodata.vTaskStartScheduler.str1.4
                0x0800a86c        0x5 build/tasks.o
 .rodata.prvCheckForValidListAndQueue.str1.4
                0x0800a86c        0x5 build/timers.o
 .rodata.xTimerCreateTimerTask.str1.4
                0x0800a86c        0x8 build/timers.o
                0x0800a874                        . = ALIGN (0x4)

.ARM.extab      0x0800a86c        0x0
                0x0800a86c                        . = ALIGN (0x4)
 *(.ARM.extab* .gnu.linkonce.armextab.*)
                0x0800a86c                        . = ALIGN (0x4)

.ARM            0x0800a86c        0x8
                0x0800a86c                        . = ALIGN (0x4)
                0x0800a86c                        __exidx_start = .
 *(.ARM.exidx*)
 .ARM.exidx     0x0800a86c        0x8 /usr/lib/gcc/arm-none-eabi/13.2.1/../../../arm-none-eabi/lib/thumb/v7e-m+fp/hard/libc_nano.a(libc_a-memcpy.o)
 .ARM.exidx     0x0800a874        0x0 /usr/lib/gcc/arm-none-eabi/13.2.1/thumb/v7e-m+fp/hard/libgcc.a(_udivmoddi4.o)
                                  0x8 (size before relaxing)
                0x0800a874                        __exidx_end = .
                0x0800a874                        . = ALIGN (0x4)

.preinit_array  0x0800a874        0x0
                0x0800a874                        . = ALIGN (0x4)
                0x0800a874                        PROVIDE (__preinit_array_start = .)
 *(.preinit_array*)
                0x0800a874                        PROVIDE (__preinit_array_end = .)
                0x0800a874                        . = ALIGN (0x4)

.init_array     0x0800a874        0x4
                0x0800a874                        . = ALIGN (0x4)
                0x0800a874                        PROVIDE (__init_array_start = .)
 *(SORT_BY_NAME(.init_array.*))
 *(.init_array*)
 .init_array    0x0800a874        0x4 /usr/lib/gcc/arm-none-eabi/13.2.1/thumb/v7e-m+fp/hard/crtbegin.o
                0x0800a878                        PROVIDE (__init_array_end = .)
                0x0800a878                        . = ALIGN (0x4)

.fini_array     0x0800a878        0x4
                0x0800a878                        . = ALIGN (0x4)
                0x0800a878                        PROVIDE (__fini_array_start = .)
 *(SORT_BY_NAME(.fini_array.*))
 *(.fini_array*)
 .fini_array    0x0800a878        0x4 /usr/lib/gcc/arm-none-eabi/13.2.1/thumb/v7e-m+fp/hard/crtbegin.o
                0x0800a87c                        PROVIDE (__fini_array_end = .)
                0x0800a87c                        . = ALIGN (0x4)
                0x0800a87c                        _sidata = LOADADDR (.data)

.rel.dyn        0x0800a87c        0x0
 .rel.iplt      0x0800a87c        0x0 /usr/lib/gcc/arm-none-eabi/13.2.1/thumb/v7e-m+fp/hard/crtbegin.o

.data           0x20000000       0x90 load address 0x0800a87c
                0x20000000                        . = ALIGN (0x4)
                0x20000000                        _sdata = .
 *(.data)
 .data          0x20000000       0x50 /usr/lib/gcc/arm-none-eabi/13.2.1/../../../arm-none-eabi/lib/thumb/v7e-m+fp/hard/libc_nano.a(libc_a-impure.o)
                0x20000000                _impure_ptr
                0x20000004                _impure_data
 *(.data*)
 .data.ctx_center
                0x20000050       0x1c build/drive.o
 .data.launching
                0x2000006c        0x1 build/drive.o
 .data.uwTickFreq
                0x2000006d        0x1 build/stm32f4xx_hal.o
                0x2000006d                uwTickFreq
 *fill*         0x2000006e        0x2 
 .data.uwTickPrio
                0x20000070        0x4 build/stm32f4xx_hal.o
                0x20000070                uwTickPrio
 .data.SystemCoreClock
                0x20000074        0x4 build/system_stm32f4xx.o
                0x20000074                SystemCoreClock
 .data.tof_right
                0x20000078        0x8 build/freertos.o
 .data.tof_left
                0x20000080        0x8 build/freertos.o
 .data.dist_right
                0x20000088        0x2 build/freertos.o
                0x20000088                dist_right
 .data.dist_left
                0x2000008a        0x2 build/freertos.o
                0x2000008a                dist_left
 .data.uxCriticalNesting
                0x2000008c        0x4 build/port.o
 *(.RamFunc)
 *(.RamFunc*)
                0x20000090                        . = ALIGN (0x4)

.tm_clone_table
                0x20000090        0x0 load address 0x0800a90c
 .tm_clone_table
                0x20000090        0x0 /usr/lib/gcc/arm-none-eabi/13.2.1/thumb/v7e-m+fp/hard/crtbegin.o
 .tm_clone_table
                0x20000090        0x0 /usr/lib/gcc/arm-none-eabi/13.2.1/thumb/v7e-m+fp/hard/crtend.o

.igot.plt       0x20000090        0x0 load address 0x0800a90c
 .igot.plt      0x20000090        0x0 /usr/lib/gcc/arm-none-eabi/13.2.1/thumb/v7e-m+fp/hard/crtbegin.o

.tdata          0x20000090        0x0 load address 0x0800a90c
 *(.tdata .tdata.* .gnu.linkonce.td.*)
                0x20000090                        . = ALIGN (0x4)
                0x20000090                        _edata = .
                [!provide]                        PROVIDE (__data_end = .)
                [!provide]                        PROVIDE (__tdata_end = .)
                [!provide]                        PROVIDE (__tdata_start = ADDR (.tdata))
                [!provide]                        PROVIDE (__tdata_size = (__tdata_end - __tdata_start))
                [!provide]                        PROVIDE (__data_start = ADDR (.data))
                [!provide]                        PROVIDE (__data_size = (__data_end - __data_start))
                [!provide]                        PROVIDE (__tdata_source = LOADADDR (.tdata))
                [!provide]                        PROVIDE (__tdata_source_end = (LOADADDR (.tdata) + SIZEOF (.tdata)))
                [!provide]                        PROVIDE (__tdata_source_size = (__tdata_source_end - __tdata_source))
                [!provide]                        PROVIDE (__data_source = LOADADDR (.data))
                [!provide]                        PROVIDE (__data_source_end = __tdata_source_end)
                [!provide]                        PROVIDE (__data_source_size = (__data_source_end - __data_source))

.tbss           0x20000090        0x0 load address 0x0800a90c
                0x20000090                        _sbss = .
                0x20000090                        __bss_start__ = _sbss
 *(.tbss .tbss.*)
                0x20000090                        . = ALIGN (0x4)
                [!provide]                        PROVIDE (__tbss_end = .)
                [!provide]                        PROVIDE (__tbss_start = ADDR (.tbss))
                [!provide]                        PROVIDE (__tbss_size = (__tbss_end - __tbss_start))
                [!provide]                        PROVIDE (__tbss_offset = (ADDR (.tbss) - ADDR (.tdata)))
                [!provide]                        PROVIDE (__tls_base = __tdata_start)
                [!provide]                        PROVIDE (__tls_end = __tbss_end)
                [!provide]                        PROVIDE (__tls_size = (__tls_end - __tls_base))
                [!provide]                        PROVIDE (__tls_align = MAX (ALIGNOF (.tdata), ALIGNOF (.tbss)))
                [!provide]                        PROVIDE (__tls_size_align = (((__tls_size + __tls_align) - 0x1) & ~ ((__tls_align - 0x1))))
                [!provide]                        PROVIDE (__arm32_tls_tcb_offset = MAX (0x8, __tls_align))
                [!provide]                        PROVIDE (__arm64_tls_tcb_offset = MAX (0x10, __tls_align))

.bss            0x20000090     0x4f94 load address 0x0800a90c
 *(.bss)
 .bss           0x20000090       0x1c /usr/lib/gcc/arm-none-eabi/13.2.1/thumb/v7e-m+fp/hard/crtbegin.o
 .bss           0x200000ac      0x13c /usr/lib/gcc/arm-none-eabi/13.2.1/../../../arm-none-eabi/lib/thumb/v7e-m+fp/hard/libc_nano.a(libc_a-findfp.o)
                0x200000ac                __sf
                0x200001e4                __stdio_exit_handler
 .bss           0x200001e8        0x8 /usr/lib/gcc/arm-none-eabi/13.2.1/../../../arm-none-eabi/lib/thumb/v7e-m+fp/hard/libc_nano.a(libc_a-mallocr.o)
                0x200001e8                __malloc_sbrk_start
                0x200001ec                __malloc_free_list
 *(.bss*)
 .bss.htim11    0x200001f0       0x48 build/tim.o
                0x200001f0                htim11
 .bss.htim4     0x20000238       0x48 build/tim.o
                0x20000238                htim4
 .bss.htim3     0x20000280       0x48 build/tim.o
                0x20000280                htim3
 .bss.bno_fail_cnt
                0x200002c8        0x1 build/bno055.o
 .bss.is_start_latch
                0x200002c9        0x1 build/drive.o
 *fill*         0x200002ca        0x2 
 .bss.course_zero
                0x200002cc        0x4 build/drive.o
 .bss.course_heading
                0x200002d0        0x4 build/drive.o
 .bss.h_prev    0x200002d4        0x4 build/drive.o
 .bss.ctx_turn  0x200002d8       0x10 build/drive.o
 .bss.t_stuck   0x200002e8        0x4 build/drive.o
 .bss.h_stuck   0x200002ec        0x4 build/drive.o
 .bss.h_ref     0x200002f0        0x4 build/drive.o
 .bss.h_entry_valid
                0x200002f4        0x1 build/drive.o
 *fill*         0x200002f5        0x3 
 .bss.h_entry   0x200002f8        0x4 build/drive.o
 .bss.t_spin0   0x200002fc        0x4 build/drive.o
 .bss.t_launch  0x20000300        0x4 build/drive.o
 .bss.side_clear_cnt
                0x20000304        0x1 build/drive.o
 .bss.grid_clear_cnt
                0x20000305        0x1 build/drive.o
 .bss.corner_near_cnt
                0x20000306        0x1 build/drive.o
 .bss.front_near_cnt
                0x20000307        0x1 build/drive.o
 .bss.clear_cnt
                0x20000308        0x1 build/drive.o
 .bss.rev_cnt   0x20000309        0x1 build/drive.o
 .bss.swap_cnt  0x2000030a        0x1 build/drive.o
 .bss.turn_dir  0x2000030b        0x1 build/drive.o
 .bss.t_state   0x2000030c        0x4 build/drive.o
 .bss.st        0x20000310        0x1 build/drive.o
 *fill*         0x20000311        0x3 
 .bss.dbg       0x20000314       0x58 build/drive.o
                0x20000314                dbg
 .bss.s_waiter  0x2000036c        0x4 build/ultra.o
 .bss.meas_valid
                0x20000370        0x1 build/ultra.o
 *fill*         0x20000371        0x1 
 .bss.distance  0x20000372        0x2 build/ultra.o
 .bss.captureFlag
                0x20000374        0x1 build/ultra.o
 *fill*         0x20000375        0x1 
 .bss.echoTime  0x20000376        0x2 build/ultra.o
 .bss.IC_Value2
                0x20000378        0x2 build/ultra.o
 .bss.IC_Value1
                0x2000037a        0x2 build/ultra.o
 .bss.uwTick    0x2000037c        0x4 build/stm32f4xx_hal.o
                0x2000037c                uwTick
 .bss.hi2c1     0x20000380       0x54 build/i2c.o
                0x20000380                hi2c1
 .bss.hiwdg     0x200003d4        0xc build/iwdg.o
                0x200003d4                hiwdg
 .bss.t_calib.0
                0x200003e0        0x4 build/freertos.o
 .bss.t_imu_retry.1
                0x200003e4        0x4 build/freertos.o
 .bss.imu_fail.2
                0x200003e8        0x1 build/freertos.o
 *fill*         0x200003e9        0x3 
 .bss.tof_miss.3
                0x200003ec        0x2 build/freertos.o
 *fill*         0x200003ee        0x2 
 .bss.imu.4     0x200003f0        0xc build/freertos.o
 .bss.front_miss.5
                0x200003fc        0x1 build/freertos.o
 *fill*         0x200003fd        0x3 
 .bss.t_loop.6  0x20000400        0x4 build/freertos.o
 .bss.tof_fresh.7
                0x20000404        0x8 build/freertos.o
 .bss.imu_live.8
                0x2000040c        0x1 build/freertos.o
 *fill*         0x2000040d        0x3 
 .bss.hist_r.9  0x20000410        0x6 build/freertos.o
 *fill*         0x20000416        0x2 
 .bss.hist_l.10
                0x20000418        0x6 build/freertos.o
 *fill*         0x2000041e        0x2 
 .bss.hist_f.11
                0x20000420        0x6 build/freertos.o
 .bss.tof_right_ok
                0x20000426        0x1 build/freertos.o
 .bss.tof_left_ok
                0x20000427        0x1 build/freertos.o
 .bss.uartQHandle
                0x20000428        0x4 build/freertos.o
                0x20000428                uartQHandle
 .bss.BluetoothTaskHandle
                0x2000042c        0x4 build/freertos.o
                0x2000042c                BluetoothTaskHandle
 .bss.SensorTaskHandle
                0x20000430        0x4 build/freertos.o
                0x20000430                SensorTaskHandle
 .bss.MotorTaskHandle
                0x20000434        0x4 build/freertos.o
                0x20000434                MotorTaskHandle
 .bss.wall_error
                0x20000438        0x2 build/freertos.o
                0x20000438                wall_error
 .bss.bt_rx_byte
                0x2000043a        0x1 build/freertos.o
                0x2000043a                bt_rx_byte
 .bss.manual_right
                0x2000043b        0x1 build/freertos.o
                0x2000043b                manual_right
 .bss.manual_left
                0x2000043c        0x1 build/freertos.o
                0x2000043c                manual_left
 .bss.sys_mode  0x2000043d        0x1 build/freertos.o
                0x2000043d                sys_mode
 .bss.sys_power
                0x2000043e        0x1 build/freertos.o
                0x2000043e                sys_power
 *fill*         0x2000043f        0x1 
 .bss.driveQ    0x20000440        0x4 build/freertos.o
 .bss.xQueueRegistry
                0x20000444       0x40 build/queue.o
                0x20000444                xQueueRegistry
 .bss.uxSchedulerSuspended
                0x20000484        0x4 build/tasks.o
 .bss.xIdleTaskHandle
                0x20000488        0x4 build/tasks.o
 .bss.xNextTaskUnblockTime
                0x2000048c        0x4 build/tasks.o
 .bss.uxTaskNumber
                0x20000490        0x4 build/tasks.o
 .bss.xNumOfOverflows
                0x20000494        0x4 build/tasks.o
 .bss.xYieldPending
                0x20000498        0x4 build/tasks.o
 .bss.xPendedTicks
                0x2000049c        0x4 build/tasks.o
 .bss.xSchedulerRunning
                0x200004a0        0x4 build/tasks.o
 .bss.uxTopReadyPriority
                0x200004a4        0x4 build/tasks.o
 .bss.xTickCount
                0x200004a8        0x4 build/tasks.o
 .bss.uxCurrentNumberOfTasks
                0x200004ac        0x4 build/tasks.o
 .bss.xSuspendedTaskList
                0x200004b0       0x14 build/tasks.o
 .bss.uxDeletedTasksWaitingCleanUp
                0x200004c4        0x4 build/tasks.o
 .bss.xTasksWaitingTermination
                0x200004c8       0x14 build/tasks.o
 .bss.xPendingReadyList
                0x200004dc       0x14 build/tasks.o
 .bss.pxOverflowDelayedTaskList
                0x200004f0        0x4 build/tasks.o
 .bss.pxDelayedTaskList
                0x200004f4        0x4 build/tasks.o
 .bss.xDelayedTaskList2
                0x200004f8       0x14 build/tasks.o
 .bss.xDelayedTaskList1
                0x2000050c       0x14 build/tasks.o
 .bss.pxReadyTasksLists
                0x20000520      0x460 build/tasks.o
 .bss.pxCurrentTCB
                0x20000980        0x4 build/tasks.o
                0x20000980                pxCurrentTCB
 .bss.xStaticTimerQueue.0
                0x20000984       0x50 build/timers.o
 .bss.ucStaticTimerQueueStorage.1
                0x200009d4       0xa0 build/timers.o
 .bss.xLastTime.2
                0x20000a74        0x4 build/timers.o
 .bss.xTimerTaskHandle
                0x20000a78        0x4 build/timers.o
 .bss.xTimerQueue
                0x20000a7c        0x4 build/timers.o
 .bss.pxOverflowTimerList
                0x20000a80        0x4 build/timers.o
 .bss.pxCurrentTimerList
                0x20000a84        0x4 build/timers.o
 .bss.xActiveTimerList2
                0x20000a88       0x14 build/timers.o
 .bss.xActiveTimerList1
                0x20000a9c       0x14 build/timers.o
 .bss.Timer_Stack.0
                0x20000ab0      0x400 build/cmsis_os2.o
 .bss.Timer_TCB.1
                0x20000eb0      0x180 build/cmsis_os2.o
 .bss.Idle_Stack.2
                0x20001030      0x200 build/cmsis_os2.o
 .bss.Idle_TCB.3
                0x20001230      0x180 build/cmsis_os2.o
 .bss.KernelState
                0x200013b0        0x4 build/cmsis_os2.o
 .bss.xBlockAllocatedBit
                0x200013b4        0x4 build/heap_4.o
 .bss.xNumberOfSuccessfulFrees
                0x200013b8        0x4 build/heap_4.o
 .bss.xNumberOfSuccessfulAllocations
                0x200013bc        0x4 build/heap_4.o
 .bss.xMinimumEverFreeBytesRemaining
                0x200013c0        0x4 build/heap_4.o
 .bss.xFreeBytesRemaining
                0x200013c4        0x4 build/heap_4.o
 .bss.pxEnd     0x200013c8        0x4 build/heap_4.o
 .bss.xStart    0x200013cc        0x8 build/heap_4.o
 .bss.ucHeap    0x200013d4     0x3c00 build/heap_4.o
 .bss.ulMaxPRIGROUPValue
                0x20004fd4        0x4 build/port.o
 .bss.ucMaxSysCallPriority
                0x20004fd8        0x1 build/port.o
 *fill*         0x20004fd9        0x3 
 .bss.huart1    0x20004fdc       0x48 build/usart.o
                0x20004fdc                huart1
 *(COMMON)
                0x20005024                        . = ALIGN (0x4)
                0x20005024                        _ebss = .
                0x20005024                        __bss_end__ = _ebss
                [!provide]                        PROVIDE (__bss_end = .)
                [!provide]                        PROVIDE (__non_tls_bss_start = ADDR (.bss))
                [!provide]                        PROVIDE (__bss_start = __tbss_start)
                [!provide]                        PROVIDE (__bss_size = (__bss_end - __bss_start))

._user_heap_stack
                0x20005024      0x604 load address 0x0800a90c
                0x20005028                        . = ALIGN (0x8)
 *fill*         0x20005024        0x4 
                [!provide]                        PROVIDE (end = .)
                0x20005028                        PROVIDE (_end = .)
                0x20005228                        . = (. + _Min_Heap_Size)
 *fill*         0x20005028      0x200 
                0x20005628                        . = (. + _Min_Stack_Size)
 *fill*         0x20005228      0x400 
                0x20005628                        . = ALIGN (0x8)

/DISCARD/
 libc.a:*(*)
 libm.a:*(*)
 libgcc.a:*(*)
OUTPUT(build/PR_CAR.elf elf32-littlearm)
LOAD linker stubs

.ARM.attributes
                0x00000000       0x30
 .ARM.attributes
                0x00000000       0x22 /usr/lib/gcc/arm-none-eabi/13.2.1/thumb/v7e-m+fp/hard/crti.o
 .ARM.attributes
                0x00000022       0x34 /usr/lib/gcc/arm-none-eabi/13.2.1/thumb/v7e-m+fp/hard/crtbegin.o
 .ARM.attributes
                0x00000056       0x34 build/main.o
 .ARM.attributes
                0x0000008a       0x34 build/gpio.o
 .ARM.attributes
                0x000000be       0x34 build/tim.o
 .ARM.attributes
                0x000000f2       0x34 build/delay.o
 .ARM.attributes
                0x00000126       0x34 build/motor.o
 .ARM.attributes
                0x0000015a       0x34 build/bno055.o
 .ARM.attributes
                0x0000018e       0x34 build/drive.o
 .ARM.attributes
                0x000001c2       0x34 build/ultra.o
 .ARM.attributes
                0x000001f6       0x34 build/vl53l0x.o
 .ARM.attributes
                0x0000022a       0x34 build/stm32f4xx_it.o
 .ARM.attributes
                0x0000025e       0x34 build/stm32f4xx_hal_msp.o
 .ARM.attributes
                0x00000292       0x34 build/stm32f4xx_hal_tim.o
 .ARM.attributes
                0x000002c6       0x34 build/stm32f4xx_hal_tim_ex.o
 .ARM.attributes
                0x000002fa       0x34 build/stm32f4xx_hal_rcc.o
 .ARM.attributes
                0x0000032e       0x34 build/stm32f4xx_hal_gpio.o
 .ARM.attributes
                0x00000362       0x34 build/stm32f4xx_hal_dma.o
 .ARM.attributes
                0x00000396       0x34 build/stm32f4xx_hal_cortex.o
 .ARM.attributes
                0x000003ca       0x34 build/stm32f4xx_hal.o
 .ARM.attributes
                0x000003fe       0x34 build/system_stm32f4xx.o
 .ARM.attributes
                0x00000432       0x34 build/i2c.o
 .ARM.attributes
                0x00000466       0x34 build/iwdg.o
 .ARM.attributes
                0x0000049a       0x34 build/stm32f4xx_hal_i2c.o
 .ARM.attributes
                0x000004ce       0x34 build/stm32f4xx_hal_iwdg.o
 .ARM.attributes
                0x00000502       0x34 build/freertos.o
 .ARM.attributes
                0x00000536       0x34 build/list.o
 .ARM.attributes
                0x0000056a       0x34 build/queue.o
 .ARM.attributes
                0x0000059e       0x34 build/tasks.o
 .ARM.attributes
                0x000005d2       0x34 build/timers.o
 .ARM.attributes
                0x00000606       0x34 build/cmsis_os2.o
 .ARM.attributes
                0x0000063a       0x34 build/heap_4.o
 .ARM.attributes
                0x0000066e       0x34 build/port.o
 .ARM.attributes
                0x000006a2       0x34 build/usart.o
 .ARM.attributes
                0x000006d6       0x34 build/stm32f4xx_hal_uart.o
 .ARM.attributes
                0x0000070a       0x21 build/startup_stm32f411xe.o
 .ARM.attributes
                0x0000072b       0x34 /usr/lib/gcc/arm-none-eabi/13.2.1/../../../arm-none-eabi/lib/thumb/v7e-m+fp/hard/libc_nano.a(libc_a-impure.o)
 .ARM.attributes
                0x0000075f       0x34 /usr/lib/gcc/arm-none-eabi/13.2.1/../../../arm-none-eabi/lib/thumb/v7e-m+fp/hard/libc_nano.a(libc_a-init.o)
 .ARM.attributes
                0x00000793       0x34 /usr/lib/gcc/arm-none-eabi/13.2.1/../../../arm-none-eabi/lib/thumb/v7e-m+fp/hard/libc_nano.a(libc_a-findfp.o)
 .ARM.attributes
                0x000007c7       0x34 /usr/lib/gcc/arm-none-eabi/13.2.1/../../../arm-none-eabi/lib/thumb/v7e-m+fp/hard/libc_nano.a(libc_a-memset.o)
 .ARM.attributes
                0x000007fb       0x34 /usr/lib/gcc/arm-none-eabi/13.2.1/../../../arm-none-eabi/lib/thumb/v7e-m+fp/hard/libc_nano.a(libc_a-mallocr.o)
 .ARM.attributes
                0x0000082f       0x34 /usr/lib/gcc/arm-none-eabi/13.2.1/../../../arm-none-eabi/lib/thumb/v7e-m+fp/hard/libc_nano.a(libc_a-freer.o)
 .ARM.attributes
                0x00000863       0x20 /usr/lib/gcc/arm-none-eabi/13.2.1/../../../arm-none-eabi/lib/thumb/v7e-m+fp/hard/libc_nano.a(libc_a-memcpy.o)
 .ARM.attributes
                0x00000883       0x34 /usr/lib/gcc/arm-none-eabi/13.2.1/../../../arm-none-eabi/lib/thumb/v7e-m+fp/hard/libc_nano.a(libc_a-reent.o)
 .ARM.attributes
                0x000008b7       0x34 /usr/lib/gcc/arm-none-eabi/13.2.1/../../../arm-none-eabi/lib/thumb/v7e-m+fp/hard/libc_nano.a(libc_a-mlock.o)
 .ARM.attributes
                0x000008eb       0x34 /usr/lib/gcc/arm-none-eabi/13.2.1/../../../arm-none-eabi/lib/thumb/v7e-m+fp/hard/libm.a(libm_a-sf_cos.o)
 .ARM.attributes
                0x0000091f       0x34 /usr/lib/gcc/arm-none-eabi/13.2.1/../../../arm-none-eabi/lib/thumb/v7e-m+fp/hard/libm.a(libm_a-sf_round.o)
 .ARM.attributes
                0x00000953       0x34 /usr/lib/gcc/arm-none-eabi/13.2.1/../../../arm-none-eabi/lib/thumb/v7e-m+fp/hard/libm.a(libm_a-kf_cos.o)
 .ARM.attributes
                0x00000987       0x34 /usr/lib/gcc/arm-none-eabi/13.2.1/../../../arm-none-eabi/lib/thumb/v7e-m+fp/hard/libm.a(libm_a-sf_sin.o)
 .ARM.attributes
                0x000009bb       0x34 /usr/lib/gcc/arm-none-eabi/13.2.1/../../../arm-none-eabi/lib/thumb/v7e-m+fp/hard/libm.a(libm_a-kf_sin.o)
 .ARM.attributes
                0x000009ef       0x34 /usr/lib/gcc/arm-none-eabi/13.2.1/../../../arm-none-eabi/lib/thumb/v7e-m+fp/hard/libm.a(libm_a-ef_rem_pio2.o)
 .ARM.attributes
                0x00000a23       0x34 /usr/lib/gcc/arm-none-eabi/13.2.1/../../../arm-none-eabi/lib/thumb/v7e-m+fp/hard/libm.a(libm_a-sf_fabs.o)
 .ARM.attributes
                0x00000a57       0x34 /usr/lib/gcc/arm-none-eabi/13.2.1/../../../arm-none-eabi/lib/thumb/v7e-m+fp/hard/libm.a(libm_a-kf_rem_pio2.o)
 .ARM.attributes
                0x00000a8b       0x34 /usr/lib/gcc/arm-none-eabi/13.2.1/../../../arm-none-eabi/lib/thumb/v7e-m+fp/hard/libm.a(libm_a-sf_scalbn.o)
 .ARM.attributes
                0x00000abf       0x34 /usr/lib/gcc/arm-none-eabi/13.2.1/../../../arm-none-eabi/lib/thumb/v7e-m+fp/hard/libm.a(libm_a-sf_floor.o)
 .ARM.attributes
                0x00000af3       0x22 /usr/lib/gcc/arm-none-eabi/13.2.1/thumb/v7e-m+fp/hard/libgcc.a(_aeabi_uldivmod.o)
 .ARM.attributes
                0x00000b15       0x34 /usr/lib/gcc/arm-none-eabi/13.2.1/thumb/v7e-m+fp/hard/libgcc.a(_udivmoddi4.o)
 .ARM.attributes
                0x00000b49       0x22 /usr/lib/gcc/arm-none-eabi/13.2.1/thumb/v7e-m+fp/hard/libgcc.a(_dvmd_tls.o)
 .ARM.attributes
                0x00000b6b       0x34 /usr/lib/gcc/arm-none-eabi/13.2.1/thumb/v7e-m+fp/hard/crtend.o
 .ARM.attributes
                0x00000b9f       0x22 /usr/lib/gcc/arm-none-eabi/13.2.1/thumb/v7e-m+fp/hard/crtn.o

.comment        0x00000000       0x26
 .comment       0x00000000       0x26 /usr/lib/gcc/arm-none-eabi/13.2.1/thumb/v7e-m+fp/hard/crtbegin.o
                                 0x27 (size before relaxing)
 .comment       0x00000026       0x27 build/main.o
 .comment       0x00000026       0x27 build/gpio.o
 .comment       0x00000026       0x27 build/tim.o
 .comment       0x00000026       0x27 build/delay.o
 .comment       0x00000026       0x27 build/motor.o
 .comment       0x00000026       0x27 build/bno055.o
 .comment       0x00000026       0x27 build/drive.o
 .comment       0x00000026       0x27 build/ultra.o
 .comment       0x00000026       0x27 build/vl53l0x.o
 .comment       0x00000026       0x27 build/stm32f4xx_it.o
 .comment       0x00000026       0x27 build/stm32f4xx_hal_msp.o
 .comment       0x00000026       0x27 build/stm32f4xx_hal_tim.o
 .comment       0x00000026       0x27 build/stm32f4xx_hal_tim_ex.o
 .comment       0x00000026       0x27 build/stm32f4xx_hal_rcc.o
 .comment       0x00000026       0x27 build/stm32f4xx_hal_gpio.o
 .comment       0x00000026       0x27 build/stm32f4xx_hal_dma.o
 .comment       0x00000026       0x27 build/stm32f4xx_hal_cortex.o
 .comment       0x00000026       0x27 build/stm32f4xx_hal.o
 .comment       0x00000026       0x27 build/system_stm32f4xx.o
 .comment       0x00000026       0x27 build/i2c.o
 .comment       0x00000026       0x27 build/iwdg.o
 .comment       0x00000026       0x27 build/stm32f4xx_hal_i2c.o
 .comment       0x00000026       0x27 build/stm32f4xx_hal_iwdg.o
 .comment       0x00000026       0x27 build/freertos.o
 .comment       0x00000026       0x27 build/list.o
 .comment       0x00000026       0x27 build/queue.o
 .comment       0x00000026       0x27 build/tasks.o
 .comment       0x00000026       0x27 build/timers.o
 .comment       0x00000026       0x27 build/cmsis_os2.o
 .comment       0x00000026       0x27 build/heap_4.o
 .comment       0x00000026       0x27 build/port.o
 .comment       0x00000026       0x27 build/usart.o
 .comment       0x00000026       0x27 build/stm32f4xx_hal_uart.o
 .comment       0x00000026       0x27 /usr/lib/gcc/arm-none-eabi/13.2.1/../../../arm-none-eabi/lib/thumb/v7e-m+fp/hard/libc_nano.a(libc_a-impure.o)
 .comment       0x00000026       0x27 /usr/lib/gcc/arm-none-eabi/13.2.1/../../../arm-none-eabi/lib/thumb/v7e-m+fp/hard/libc_nano.a(libc_a-init.o)
 .comment       0x00000026       0x27 /usr/lib/gcc/arm-none-eabi/13.2.1/../../../arm-none-eabi/lib/thumb/v7e-m+fp/hard/libc_nano.a(libc_a-findfp.o)
 .comment       0x00000026       0x27 /usr/lib/gcc/arm-none-eabi/13.2.1/../../../arm-none-eabi/lib/thumb/v7e-m+fp/hard/libc_nano.a(libc_a-memset.o)
 .comment       0x00000026       0x27 /usr/lib/gcc/arm-none-eabi/13.2.1/../../../arm-none-eabi/lib/thumb/v7e-m+fp/hard/libc_nano.a(libc_a-mallocr.o)
 .comment       0x00000026       0x27 /usr/lib/gcc/arm-none-eabi/13.2.1/../../../arm-none-eabi/lib/thumb/v7e-m+fp/hard/libc_nano.a(libc_a-freer.o)
 .comment       0x00000026       0x27 /usr/lib/gcc/arm-none-eabi/13.2.1/../../../arm-none-eabi/lib/thumb/v7e-m+fp/hard/libc_nano.a(libc_a-reent.o)
 .comment       0x00000026       0x27 /usr/lib/gcc/arm-none-eabi/13.2.1/../../../arm-none-eabi/lib/thumb/v7e-m+fp/hard/libc_nano.a(libc_a-mlock.o)
 .comment       0x00000026       0x27 /usr/lib/gcc/arm-none-eabi/13.2.1/../../../arm-none-eabi/lib/thumb/v7e-m+fp/hard/libm.a(libm_a-sf_cos.o)
 .comment       0x00000026       0x27 /usr/lib/gcc/arm-none-eabi/13.2.1/../../../arm-none-eabi/lib/thumb/v7e-m+fp/hard/libm.a(libm_a-sf_round.o)
 .comment       0x00000026       0x27 /usr/lib/gcc/arm-none-eabi/13.2.1/../../../arm-none-eabi/lib/thumb/v7e-m+fp/hard/libm.a(libm_a-kf_cos.o)
 .comment       0x00000026       0x27 /usr/lib/gcc/arm-none-eabi/13.2.1/../../../arm-none-eabi/lib/thumb/v7e-m+fp/hard/libm.a(libm_a-sf_sin.o)
 .comment       0x00000026       0x27 /usr/lib/gcc/arm-none-eabi/13.2.1/../../../arm-none-eabi/lib/thumb/v7e-m+fp/hard/libm.a(libm_a-kf_sin.o)
 .comment       0x00000026       0x27 /usr/lib/gcc/arm-none-eabi/13.2.1/../../../arm-none-eabi/lib/thumb/v7e-m+fp/hard/libm.a(libm_a-ef_rem_pio2.o)
 .comment       0x00000026       0x27 /usr/lib/gcc/arm-none-eabi/13.2.1/../../../arm-none-eabi/lib/thumb/v7e-m+fp/hard/libm.a(libm_a-sf_fabs.o)
 .comment       0x00000026       0x27 /usr/lib/gcc/arm-none-eabi/13.2.1/../../../arm-none-eabi/lib/thumb/v7e-m+fp/hard/libm.a(libm_a-kf_rem_pio2.o)
 .comment       0x00000026       0x27 /usr/lib/gcc/arm-none-eabi/13.2.1/../../../arm-none-eabi/lib/thumb/v7e-m+fp/hard/libm.a(libm_a-sf_scalbn.o)
 .comment       0x00000026       0x27 /usr/lib/gcc/arm-none-eabi/13.2.1/../../../arm-none-eabi/lib/thumb/v7e-m+fp/hard/libm.a(libm_a-sf_floor.o)
 .comment       0x00000026       0x27 /usr/lib/gcc/arm-none-eabi/13.2.1/thumb/v7e-m+fp/hard/libgcc.a(_udivmoddi4.o)
 .comment       0x00000026       0x27 /usr/lib/gcc/arm-none-eabi/13.2.1/thumb/v7e-m+fp/hard/crtend.o

.debug_info     0x00000000    0x35731
 .debug_info    0x00000000     0x1068 build/main.o
 .debug_info    0x00001068      0x78c build/gpio.o
 .debug_info    0x000017f4     0x13a3 build/tim.o
 .debug_info    0x00002b97      0x70c build/delay.o
 .debug_info    0x000032a3      0xf1a build/motor.o
 .debug_info    0x000041bd      0xeb9 build/bno055.o
 .debug_info    0x00005076     0x2385 build/drive.o
 .debug_info    0x000073fb      0xcf8 build/ultra.o
 .debug_info    0x000080f3     0x1ad5 build/vl53l0x.o
 .debug_info    0x00009bc8      0xba7 build/stm32f4xx_it.o
 .debug_info    0x0000a76f      0x4f4 build/stm32f4xx_hal_msp.o
 .debug_info    0x0000ac63     0x4184 build/stm32f4xx_hal_tim.o
 .debug_info    0x0000ede7     0x1d89 build/stm32f4xx_hal_tim_ex.o
 .debug_info    0x00010b70      0xc21 build/stm32f4xx_hal_rcc.o
 .debug_info    0x00011791      0x852 build/stm32f4xx_hal_gpio.o
 .debug_info    0x00011fe3      0xbb2 build/stm32f4xx_hal_dma.o
 .debug_info    0x00012b95     0x1130 build/stm32f4xx_hal_cortex.o
 .debug_info    0x00013cc5      0xa89 build/stm32f4xx_hal.o
 .debug_info    0x0001474e      0x5d1 build/system_stm32f4xx.o
 .debug_info    0x00014d1f      0xb9e build/i2c.o
 .debug_info    0x000158bd      0x200 build/iwdg.o
 .debug_info    0x00015abd     0x3bf8 build/stm32f4xx_hal_i2c.o
 .debug_info    0x000196b5      0x220 build/stm32f4xx_hal_iwdg.o
 .debug_info    0x000198d5     0x22c1 build/freertos.o
 .debug_info    0x0001bb96      0x307 build/list.o
 .debug_info    0x0001be9d     0x2a28 build/queue.o
 .debug_info    0x0001e8c5     0x3b99 build/tasks.o
 .debug_info    0x0002245e     0x2480 build/timers.o
 .debug_info    0x000248de     0x5a19 build/cmsis_os2.o
 .debug_info    0x0002a2f7      0x5f8 build/heap_4.o
 .debug_info    0x0002a8ef      0x5ae build/port.o
 .debug_info    0x0002ae9d      0xd52 build/usart.o
 .debug_info    0x0002bbef     0x4381 build/stm32f4xx_hal_uart.o
 .debug_info    0x0002ff70       0x30 build/startup_stm32f411xe.o
 .debug_info    0x0002ffa0      0x70b /usr/lib/gcc/arm-none-eabi/13.2.1/../../../arm-none-eabi/lib/thumb/v7e-m+fp/hard/libc_nano.a(libc_a-impure.o)
 .debug_info    0x000306ab      0x10b /usr/lib/gcc/arm-none-eabi/13.2.1/../../../arm-none-eabi/lib/thumb/v7e-m+fp/hard/libc_nano.a(libc_a-init.o)
 .debug_info    0x000307b6      0xe8c /usr/lib/gcc/arm-none-eabi/13.2.1/../../../arm-none-eabi/lib/thumb/v7e-m+fp/hard/libc_nano.a(libc_a-findfp.o)
 .debug_info    0x00031642      0x135 /usr/lib/gcc/arm-none-eabi/13.2.1/../../../arm-none-eabi/lib/thumb/v7e-m+fp/hard/libc_nano.a(libc_a-memset.o)
 .debug_info    0x00031777      0x9b6 /usr/lib/gcc/arm-none-eabi/13.2.1/../../../arm-none-eabi/lib/thumb/v7e-m+fp/hard/libc_nano.a(libc_a-mallocr.o)
 .debug_info    0x0003212d      0x87f /usr/lib/gcc/arm-none-eabi/13.2.1/../../../arm-none-eabi/lib/thumb/v7e-m+fp/hard/libc_nano.a(libc_a-freer.o)
 .debug_info    0x000329ac       0x33 /usr/lib/gcc/arm-none-eabi/13.2.1/../../../arm-none-eabi/lib/thumb/v7e-m+fp/hard/libc_nano.a(libc_a-memcpy.o)
 .debug_info    0x000329df      0x89f /usr/lib/gcc/arm-none-eabi/13.2.1/../../../arm-none-eabi/lib/thumb/v7e-m+fp/hard/libc_nano.a(libc_a-reent.o)
 .debug_info    0x0003327e      0x71c /usr/lib/gcc/arm-none-eabi/13.2.1/../../../arm-none-eabi/lib/thumb/v7e-m+fp/hard/libc_nano.a(libc_a-mlock.o)
 .debug_info    0x0003399a      0x215 /usr/lib/gcc/arm-none-eabi/13.2.1/../../../arm-none-eabi/lib/thumb/v7e-m+fp/hard/libm.a(libm_a-sf_cos.o)
 .debug_info    0x00033baf      0x160 /usr/lib/gcc/arm-none-eabi/13.2.1/../../../arm-none-eabi/lib/thumb/v7e-m+fp/hard/libm.a(libm_a-sf_round.o)
 .debug_info    0x00033d0f      0x20e /usr/lib/gcc/arm-none-eabi/13.2.1/../../../arm-none-eabi/lib/thumb/v7e-m+fp/hard/libm.a(libm_a-kf_cos.o)
 .debug_info    0x00033f1d      0x228 /usr/lib/gcc/arm-none-eabi/13.2.1/../../../arm-none-eabi/lib/thumb/v7e-m+fp/hard/libm.a(libm_a-sf_sin.o)
 .debug_info    0x00034145      0x1e0 /usr/lib/gcc/arm-none-eabi/13.2.1/../../../arm-none-eabi/lib/thumb/v7e-m+fp/hard/libm.a(libm_a-kf_sin.o)
 .debug_info    0x00034325      0x3fd /usr/lib/gcc/arm-none-eabi/13.2.1/../../../arm-none-eabi/lib/thumb/v7e-m+fp/hard/libm.a(libm_a-ef_rem_pio2.o)
 .debug_info    0x00034722      0x13e /usr/lib/gcc/arm-none-eabi/13.2.1/../../../arm-none-eabi/lib/thumb/v7e-m+fp/hard/libm.a(libm_a-sf_fabs.o)
 .debug_info    0x00034860      0x3e7 /usr/lib/gcc/arm-none-eabi/13.2.1/../../../arm-none-eabi/lib/thumb/v7e-m+fp/hard/libm.a(libm_a-kf_rem_pio2.o)
 .debug_info    0x00034c47      0x20b /usr/lib/gcc/arm-none-eabi/13.2.1/../../../arm-none-eabi/lib/thumb/v7e-m+fp/hard/libm.a(libm_a-sf_scalbn.o)
 .debug_info    0x00034e52      0x18a /usr/lib/gcc/arm-none-eabi/13.2.1/../../../arm-none-eabi/lib/thumb/v7e-m+fp/hard/libm.a(libm_a-sf_floor.o)
 .debug_info    0x00034fdc       0x24 /usr/lib/gcc/arm-none-eabi/13.2.1/thumb/v7e-m+fp/hard/libgcc.a(_aeabi_uldivmod.o)
 .debug_info    0x00035000      0x6f5 /usr/lib/gcc/arm-none-eabi/13.2.1/thumb/v7e-m+fp/hard/libgcc.a(_udivmoddi4.o)
 .debug_info    0x000356f5       0x3c /usr/lib/gcc/arm-none-eabi/13.2.1/thumb/v7e-m+fp/hard/libgcc.a(_dvmd_tls.o)

.debug_abbrev   0x00000000     0x746d
 .debug_abbrev  0x00000000      0x26e build/main.o
 .debug_abbrev  0x0000026e      0x181 build/gpio.o
 .debug_abbrev  0x000003ef      0x243 build/tim.o
 .debug_abbrev  0x00000632      0x166 build/delay.o
 .debug_abbrev  0x00000798      0x238 build/motor.o
 .debug_abbrev  0x000009d0      0x259 build/bno055.o
 .debug_abbrev  0x00000c29      0x3b9 build/drive.o
 .debug_abbrev  0x00000fe2      0x2c3 build/ultra.o
 .debug_abbrev  0x000012a5      0x319 build/vl53l0x.o
 .debug_abbrev  0x000015be      0x206 build/stm32f4xx_it.o
 .debug_abbrev  0x000017c4      0x125 build/stm32f4xx_hal_msp.o
 .debug_abbrev  0x000018e9      0x2d1 build/stm32f4xx_hal_tim.o
 .debug_abbrev  0x00001bba      0x2cb build/stm32f4xx_hal_tim_ex.o
 .debug_abbrev  0x00001e85      0x2e1 build/stm32f4xx_hal_rcc.o
 .debug_abbrev  0x00002166      0x22e build/stm32f4xx_hal_gpio.o
 .debug_abbrev  0x00002394      0x2c1 build/stm32f4xx_hal_dma.o
 .debug_abbrev  0x00002655      0x3cd build/stm32f4xx_hal_cortex.o
 .debug_abbrev  0x00002a22      0x278 build/stm32f4xx_hal.o
 .debug_abbrev  0x00002c9a      0x11e build/system_stm32f4xx.o
 .debug_abbrev  0x00002db8      0x20b build/i2c.o
 .debug_abbrev  0x00002fc3      0x14a build/iwdg.o
 .debug_abbrev  0x0000310d      0x33c build/stm32f4xx_hal_i2c.o
 .debug_abbrev  0x00003449      0x13b build/stm32f4xx_hal_iwdg.o
 .debug_abbrev  0x00003584      0x39b build/freertos.o
 .debug_abbrev  0x0000391f      0x127 build/list.o
 .debug_abbrev  0x00003a46      0x434 build/queue.o
 .debug_abbrev  0x00003e7a      0x4b8 build/tasks.o
 .debug_abbrev  0x00004332      0x411 build/timers.o
 .debug_abbrev  0x00004743      0x5fc build/cmsis_os2.o
 .debug_abbrev  0x00004d3f      0x27d build/heap_4.o
 .debug_abbrev  0x00004fbc      0x2b2 build/port.o
 .debug_abbrev  0x0000526e      0x230 build/usart.o
 .debug_abbrev  0x0000549e      0x37a build/stm32f4xx_hal_uart.o
 .debug_abbrev  0x00005818       0x1d build/startup_stm32f411xe.o
 .debug_abbrev  0x00005835      0x149 /usr/lib/gcc/arm-none-eabi/13.2.1/../../../arm-none-eabi/lib/thumb/v7e-m+fp/hard/libc_nano.a(libc_a-impure.o)
 .debug_abbrev  0x0000597e       0xc9 /usr/lib/gcc/arm-none-eabi/13.2.1/../../../arm-none-eabi/lib/thumb/v7e-m+fp/hard/libc_nano.a(libc_a-init.o)
 .debug_abbrev  0x00005a47      0x408 /usr/lib/gcc/arm-none-eabi/13.2.1/../../../arm-none-eabi/lib/thumb/v7e-m+fp/hard/libc_nano.a(libc_a-findfp.o)
 .debug_abbrev  0x00005e4f       0xb7 /usr/lib/gcc/arm-none-eabi/13.2.1/../../../arm-none-eabi/lib/thumb/v7e-m+fp/hard/libc_nano.a(libc_a-memset.o)
 .debug_abbrev  0x00005f06      0x24a /usr/lib/gcc/arm-none-eabi/13.2.1/../../../arm-none-eabi/lib/thumb/v7e-m+fp/hard/libc_nano.a(libc_a-mallocr.o)
 .debug_abbrev  0x00006150      0x249 /usr/lib/gcc/arm-none-eabi/13.2.1/../../../arm-none-eabi/lib/thumb/v7e-m+fp/hard/libc_nano.a(libc_a-freer.o)
 .debug_abbrev  0x00006399       0x28 /usr/lib/gcc/arm-none-eabi/13.2.1/../../../arm-none-eabi/lib/thumb/v7e-m+fp/hard/libc_nano.a(libc_a-memcpy.o)
 .debug_abbrev  0x000063c1      0x1ee /usr/lib/gcc/arm-none-eabi/13.2.1/../../../arm-none-eabi/lib/thumb/v7e-m+fp/hard/libc_nano.a(libc_a-reent.o)
 .debug_abbrev  0x000065af      0x192 /usr/lib/gcc/arm-none-eabi/13.2.1/../../../arm-none-eabi/lib/thumb/v7e-m+fp/hard/libc_nano.a(libc_a-mlock.o)
 .debug_abbrev  0x00006741      0x15a /usr/lib/gcc/arm-none-eabi/13.2.1/../../../arm-none-eabi/lib/thumb/v7e-m+fp/hard/libm.a(libm_a-sf_cos.o)
 .debug_abbrev  0x0000689b       0xe7 /usr/lib/gcc/arm-none-eabi/13.2.1/../../../arm-none-eabi/lib/thumb/v7e-m+fp/hard/libm.a(libm_a-sf_round.o)
 .debug_abbrev  0x00006982      0x100 /usr/lib/gcc/arm-none-eabi/13.2.1/../../../arm-none-eabi/lib/thumb/v7e-m+fp/hard/libm.a(libm_a-kf_cos.o)
 .debug_abbrev  0x00006a82      0x151 /usr/lib/gcc/arm-none-eabi/13.2.1/../../../arm-none-eabi/lib/thumb/v7e-m+fp/hard/libm.a(libm_a-sf_sin.o)
 .debug_abbrev  0x00006bd3      0x107 /usr/lib/gcc/arm-none-eabi/13.2.1/../../../arm-none-eabi/lib/thumb/v7e-m+fp/hard/libm.a(libm_a-kf_sin.o)
 .debug_abbrev  0x00006cda      0x194 /usr/lib/gcc/arm-none-eabi/13.2.1/../../../arm-none-eabi/lib/thumb/v7e-m+fp/hard/libm.a(libm_a-ef_rem_pio2.o)
 .debug_abbrev  0x00006e6e       0xd4 /usr/lib/gcc/arm-none-eabi/13.2.1/../../../arm-none-eabi/lib/thumb/v7e-m+fp/hard/libm.a(libm_a-sf_fabs.o)
 .debug_abbrev  0x00006f42      0x169 /usr/lib/gcc/arm-none-eabi/13.2.1/../../../arm-none-eabi/lib/thumb/v7e-m+fp/hard/libm.a(libm_a-kf_rem_pio2.o)
 .debug_abbrev  0x000070ab      0x125 /usr/lib/gcc/arm-none-eabi/13.2.1/../../../arm-none-eabi/lib/thumb/v7e-m+fp/hard/libm.a(libm_a-sf_scalbn.o)
 .debug_abbrev  0x000071d0       0xf9 /usr/lib/gcc/arm-none-eabi/13.2.1/../../../arm-none-eabi/lib/thumb/v7e-m+fp/hard/libm.a(libm_a-sf_floor.o)
 .debug_abbrev  0x000072c9       0x14 /usr/lib/gcc/arm-none-eabi/13.2.1/thumb/v7e-m+fp/hard/libgcc.a(_aeabi_uldivmod.o)
 .debug_abbrev  0x000072dd      0x16a /usr/lib/gcc/arm-none-eabi/13.2.1/thumb/v7e-m+fp/hard/libgcc.a(_udivmoddi4.o)
 .debug_abbrev  0x00007447       0x26 /usr/lib/gcc/arm-none-eabi/13.2.1/thumb/v7e-m+fp/hard/libgcc.a(_dvmd_tls.o)

.debug_loc      0x00000000    0x27fb3
 .debug_loc     0x00000000       0x86 build/main.o
 .debug_loc     0x00000086       0x38 build/gpio.o
 .debug_loc     0x000000be      0x256 build/tim.o
 .debug_loc     0x00000314      0x496 build/motor.o
 .debug_loc     0x000007aa      0x3bd build/bno055.o
 .debug_loc     0x00000b67     0x3066 build/drive.o
 .debug_loc     0x00003bcd      0x3da build/ultra.o
 .debug_loc     0x00003fa7      0xea2 build/vl53l0x.o
 .debug_loc     0x00004e49      0x120 build/stm32f4xx_it.o
 .debug_loc     0x00004f69       0x38 build/stm32f4xx_hal_msp.o
 .debug_loc     0x00004fa1     0x6155 build/stm32f4xx_hal_tim.o
 .debug_loc     0x0000b0f6     0x22d2 build/stm32f4xx_hal_tim_ex.o
 .debug_loc     0x0000d3c8      0x720 build/stm32f4xx_hal_rcc.o
 .debug_loc     0x0000dae8      0x60b build/stm32f4xx_hal_gpio.o
 .debug_loc     0x0000e0f3      0xe9a build/stm32f4xx_hal_dma.o
 .debug_loc     0x0000ef8d      0x8ff build/stm32f4xx_hal_cortex.o
 .debug_loc     0x0000f88c      0x1f9 build/stm32f4xx_hal.o
 .debug_loc     0x0000fa85       0xbd build/system_stm32f4xx.o
 .debug_loc     0x0000fb42       0xfd build/i2c.o
 .debug_loc     0x0000fc3f       0x20 build/iwdg.o
 .debug_loc     0x0000fc5f     0x54cf build/stm32f4xx_hal_i2c.o
 .debug_loc     0x0001512e       0xbe build/stm32f4xx_hal_iwdg.o
 .debug_loc     0x000151ec      0xa24 build/freertos.o
 .debug_loc     0x00015c10       0xeb build/list.o
 .debug_loc     0x00015cfb     0x20d9 build/queue.o
 .debug_loc     0x00017dd4     0x2c2b build/tasks.o
 .debug_loc     0x0001a9ff     0x16fe build/timers.o
 .debug_loc     0x0001c0fd     0x6674 build/cmsis_os2.o
 .debug_loc     0x00022771      0x51c build/heap_4.o
 .debug_loc     0x00022c8d      0x1c6 build/port.o
 .debug_loc     0x00022e53      0x120 build/usart.o
 .debug_loc     0x00022f73     0x5040 build/stm32f4xx_hal_uart.o

.debug_aranges  0x00000000     0x1d58
 .debug_aranges
                0x00000000       0x30 build/main.o
 .debug_aranges
                0x00000030       0x20 build/gpio.o
 .debug_aranges
                0x00000050       0x48 build/tim.o
 .debug_aranges
                0x00000098       0x20 build/delay.o
 .debug_aranges
                0x000000b8       0x80 build/motor.o
 .debug_aranges
                0x00000138       0x50 build/bno055.o
 .debug_aranges
                0x00000188      0x108 build/drive.o
 .debug_aranges
                0x00000290       0x40 build/ultra.o
 .debug_aranges
                0x000002d0       0xa0 build/vl53l0x.o
 .debug_aranges
                0x00000370       0x68 build/stm32f4xx_it.o
 .debug_aranges
                0x000003d8       0x20 build/stm32f4xx_hal_msp.o
 .debug_aranges
                0x000003f8      0x3d0 build/stm32f4xx_hal_tim.o
 .debug_aranges
                0x000007c8      0x168 build/stm32f4xx_hal_tim_ex.o
 .debug_aranges
                0x00000930       0x88 build/stm32f4xx_hal_rcc.o
 .debug_aranges
                0x000009b8       0x58 build/stm32f4xx_hal_gpio.o
 .debug_aranges
                0x00000a10       0x90 build/stm32f4xx_hal_dma.o
 .debug_aranges
                0x00000aa0       0xf8 build/stm32f4xx_hal_cortex.o
 .debug_aranges
                0x00000b98       0xf0 build/stm32f4xx_hal.o
 .debug_aranges
                0x00000c88       0x28 build/system_stm32f4xx.o
 .debug_aranges
                0x00000cb0       0x30 build/i2c.o
 .debug_aranges
                0x00000ce0       0x20 build/iwdg.o
 .debug_aranges
                0x00000d00      0x2a8 build/stm32f4xx_hal_i2c.o
 .debug_aranges
                0x00000fa8       0x28 build/stm32f4xx_hal_iwdg.o
 .debug_aranges
                0x00000fd0       0x70 build/freertos.o
 .debug_aranges
                0x00001040       0x40 build/list.o
 .debug_aranges
                0x00001080      0x158 build/queue.o
 .debug_aranges
                0x000011d8      0x208 build/tasks.o
 .debug_aranges
                0x000013e0       0xf0 build/timers.o
 .debug_aranges
                0x000014d0      0x298 build/cmsis_os2.o
 .debug_aranges
                0x00001768       0x58 build/heap_4.o
 .debug_aranges
                0x000017c0       0x80 build/port.o
 .debug_aranges
                0x00001840       0x30 build/usart.o
 .debug_aranges
                0x00001870      0x208 build/stm32f4xx_hal_uart.o
 .debug_aranges
                0x00001a78       0x28 build/startup_stm32f411xe.o
 .debug_aranges
                0x00001aa0       0x18 /usr/lib/gcc/arm-none-eabi/13.2.1/../../../arm-none-eabi/lib/thumb/v7e-m+fp/hard/libc_nano.a(libc_a-impure.o)
 .debug_aranges
                0x00001ab8       0x20 /usr/lib/gcc/arm-none-eabi/13.2.1/../../../arm-none-eabi/lib/thumb/v7e-m+fp/hard/libc_nano.a(libc_a-init.o)
 .debug_aranges
                0x00001ad8       0x20 /usr/lib/gcc/arm-none-eabi/13.2.1/../../../arm-none-eabi/lib/thumb/v7e-m+fp/hard/libc_nano.a(libc_a-findfp.o)
 .debug_aranges
                0x00001af8       0x20 /usr/lib/gcc/arm-none-eabi/13.2.1/../../../arm-none-eabi/lib/thumb/v7e-m+fp/hard/libc_nano.a(libc_a-memset.o)
 .debug_aranges
                0x00001b18       0x20 /usr/lib/gcc/arm-none-eabi/13.2.1/../../../arm-none-eabi/lib/thumb/v7e-m+fp/hard/libc_nano.a(libc_a-mallocr.o)
 .debug_aranges
                0x00001b38       0x20 /usr/lib/gcc/arm-none-eabi/13.2.1/../../../arm-none-eabi/lib/thumb/v7e-m+fp/hard/libc_nano.a(libc_a-freer.o)
 .debug_aranges
                0x00001b58       0x20 /usr/lib/gcc/arm-none-eabi/13.2.1/../../../arm-none-eabi/lib/thumb/v7e-m+fp/hard/libc_nano.a(libc_a-memcpy.o)
 .debug_aranges
                0x00001b78       0x20 /usr/lib/gcc/arm-none-eabi/13.2.1/../../../arm-none-eabi/lib/thumb/v7e-m+fp/hard/libc_nano.a(libc_a-reent.o)
 .debug_aranges
                0x00001b98       0x20 /usr/lib/gcc/arm-none-eabi/13.2.1/../../../arm-none-eabi/lib/thumb/v7e-m+fp/hard/libc_nano.a(libc_a-mlock.o)
 .debug_aranges
                0x00001bb8       0x20 /usr/lib/gcc/arm-none-eabi/13.2.1/../../../arm-none-eabi/lib/thumb/v7e-m+fp/hard/libm.a(libm_a-sf_cos.o)
 .debug_aranges
                0x00001bd8       0x20 /usr/lib/gcc/arm-none-eabi/13.2.1/../../../arm-none-eabi/lib/thumb/v7e-m+fp/hard/libm.a(libm_a-sf_round.o)
 .debug_aranges
                0x00001bf8       0x20 /usr/lib/gcc/arm-none-eabi/13.2.1/../../../arm-none-eabi/lib/thumb/v7e-m+fp/hard/libm.a(libm_a-kf_cos.o)
 .debug_aranges